14:18:14 **** Build of project oled_sdk_bsp ****
make -k all 
libgen -hw ../hw_platform_0/system.xml\
	       \
	       -pe ps7_cortexa9_0 \
	       -log libgen.log \
	       system.mss
libgen
Xilinx EDK 2013.2 Build EDK_P.68d
Copyright (c) 1995-2012 Xilinx, Inc.  All rights reserved.

Command Line: libgen -hw ../hw_platform_0/system.xml -pe ps7_cortexa9_0 -log
libgen.log system.mss 


Staging source files.
Running DRCs.
Running generate.
Running post_generate.
Running include - 'make -s include "COMPILER=arm-xilinx-eabi-gcc"
"ARCHIVER=arm-xilinx-eabi-ar" "COMPILER_FLAGS= -O2 -c"
"EXTRA_COMPILER_FLAGS=-g"'.

Running libs - 'make -s libs "COMPILER=arm-xilinx-eabi-gcc"
"ARCHIVER=arm-xilinx-eabi-ar" "COMPILER_FLAGS= -O2 -c"
"EXTRA_COMPILER_FLAGS=-g"'.
"Compiling common"
arm-xilinx-eabi-ar: creating ../../../lib/libxil.a
"Compiling xadc"
"Compiling standalone"
"Compiling gpio"
"Compiling devcfg"
"Compiling dmaps"
"Compiling scugic"
"Compiling scutimer"
"Compiling scuwdt"
"Compiling uartps"
"Compiling cpu_cortexa9"
Running execs_generate.
'Finished building libraries'
14:18:25 **** Build of configuration Debug for project oled_sdk ****
make all 
'Building file: ../src/main.cc'
'Invoking: ARM g++ compiler'
arm-xilinx-eabi-g++ -Wall -O0 -g3 -c -fmessage-length=0 -I../../oled_sdk_bsp/ps7_cortexa9_0/include -MMD -MP -MF"src/main.d" -MT"src/main.d" -o "src/main.o" "../src/main.cc"
'Finished building: ../src/main.cc'
' '
'Building target: oled_sdk.elf'
'Invoking: ARM g++ linker'
arm-xilinx-eabi-g++ -Wl,-T -Wl,../src/lscript.ld -L../../oled_sdk_bsp/ps7_cortexa9_0/lib -o "oled_sdk.elf"  ./src/main.o   -Wl,--start-group,-lxil,-lgcc,-lc,-lstdc++,--end-group
'Finished building target: oled_sdk.elf'
' '
'Invoking: ARM Print Size'
arm-xilinx-eabi-size oled_sdk.elf  |tee "oled_sdk.elf.size"
   text	   data	    bss	    dec	    hex	filename
  19452	   1096	  29788	  50336	   c4a0	oled_sdk.elf
'Finished building: oled_sdk.elf.size'
' '
12:20:24 **** Auto Build of configuration Debug for project oled_sdk ****
make all 
'Building file: ../src/main.cc'
'Invoking: ARM g++ compiler'
arm-xilinx-eabi-g++ -Wall -O0 -g3 -c -fmessage-length=0 -I../../oled_sdk_bsp/ps7_cortexa9_0/include -MMD -MP -MF"src/main.d" -MT"src/main.d" -o "src/main.o" "../src/main.cc"
'Finished building: ../src/main.cc'
' '
'Building target: oled_sdk.elf'
'Invoking: ARM g++ linker'
arm-xilinx-eabi-g++ -Wl,-T -Wl,../src/lscript.ld -L../../oled_sdk_bsp/ps7_cortexa9_0/lib -o "oled_sdk.elf"  ./src/main.o   -Wl,--start-group,-lxil,-lgcc,-lc,-lstdc++,--end-group
'Finished building target: oled_sdk.elf'
' '
'Invoking: ARM Print Size'
arm-xilinx-eabi-size oled_sdk.elf  |tee "oled_sdk.elf.size"
   text	   data	    bss	    dec	    hex	filename
  19452	   1096	  29788	  50336	   c4a0	oled_sdk.elf
'Finished building: oled_sdk.elf.size'
' '
12:20:51 **** Auto Build of configuration Debug for project oled_sdk ****
make all 
'Building file: ../src/main.cc'
'Invoking: ARM g++ compiler'
arm-xilinx-eabi-g++ -Wall -O0 -g3 -c -fmessage-length=0 -I../../oled_sdk_bsp/ps7_cortexa9_0/include -MMD -MP -MF"src/main.d" -MT"src/main.d" -o "src/main.o" "../src/main.cc"
'Finished building: ../src/main.cc'
' '
'Building target: oled_sdk.elf'
'Invoking: ARM g++ linker'
arm-xilinx-eabi-g++ -Wl,-T -Wl,../src/lscript.ld -L../../oled_sdk_bsp/ps7_cortexa9_0/lib -o "oled_sdk.elf"  ./src/main.o   -Wl,--start-group,-lxil,-lgcc,-lc,-lstdc++,--end-group
'Finished building target: oled_sdk.elf'
' '
'Invoking: ARM Print Size'
arm-xilinx-eabi-size oled_sdk.elf  |tee "oled_sdk.elf.size"
   text	   data	    bss	    dec	    hex	filename
  19452	   1096	  29804	  50352	   c4b0	oled_sdk.elf
'Finished building: oled_sdk.elf.size'
' '
12:24:58 **** Auto Build of configuration Debug for project oled_sdk ****
make all 
'Building file: ../src/main.cc'
'Invoking: ARM g++ compiler'
arm-xilinx-eabi-g++ -Wall -O0 -g3 -c -fmessage-length=0 -I../../oled_sdk_bsp/ps7_cortexa9_0/include -MMD -MP -MF"src/main.d" -MT"src/main.d" -o "src/main.o" "../src/main.cc"
../src/main.cc: In function 'int main()':
../src/main.cc:19:35: error: 'GPIO_EXAMPLE_DEVICE_ID' was not declared in this scope
../src/main.cc:28:32: error: 'LED_CHANNEL' was not declared in this scope
../src/main.cc:12:6: warning: unused variable 'Data' [-Wunused-variable]
../src/main.cc:14:15: warning: unused variable 'Delay' [-Wunused-variable]
make: *** [src/main.o] Error 1
12:25:11 **** Auto Build of configuration Debug for project oled_sdk ****
make all 
'Building file: ../src/main.cc'
'Invoking: ARM g++ compiler'
arm-xilinx-eabi-g++ -Wall -O0 -g3 -c -fmessage-length=0 -I../../oled_sdk_bsp/ps7_cortexa9_0/include -MMD -MP -MF"src/main.d" -MT"src/main.d" -o "src/main.o" "../src/main.cc"
../src/main.cc: In function 'int main()':
../src/main.cc:28:32: error: 'LED_CHANNEL' was not declared in this scope
../src/main.cc:12:6: warning: unused variable 'Data' [-Wunused-variable]
../src/main.cc:14:15: warning: unused variable 'Delay' [-Wunused-variable]
make: *** [src/main.o] Error 1
12:25:23 **** Auto Build of configuration Debug for project oled_sdk ****
make all 
'Building file: ../src/main.cc'
'Invoking: ARM g++ compiler'
arm-xilinx-eabi-g++ -Wall -O0 -g3 -c -fmessage-length=0 -I../../oled_sdk_bsp/ps7_cortexa9_0/include -MMD -MP -MF"src/main.d" -MT"src/main.d" -o "src/main.o" "../src/main.cc"
../src/main.cc: In function 'int main()':
../src/main.cc:26:32: error: 'LED_CHANNEL' was not declared in this scope
make: *** [src/main.o] Error 1
12:25:26 **** Auto Build of configuration Debug for project oled_sdk ****
make all 
'Building file: ../src/main.cc'
'Invoking: ARM g++ compiler'
arm-xilinx-eabi-g++ -Wall -O0 -g3 -c -fmessage-length=0 -I../../oled_sdk_bsp/ps7_cortexa9_0/include -MMD -MP -MF"src/main.d" -MT"src/main.d" -o "src/main.o" "../src/main.cc"
../src/main.cc: In function 'int main()':
../src/main.cc:26:32: error: 'LED_CHANNEL' was not declared in this scope
make: *** [src/main.o] Error 1
12:26:03 **** Auto Build of configuration Debug for project oled_sdk ****
make all 
'Building file: ../src/main.cc'
'Invoking: ARM g++ compiler'
arm-xilinx-eabi-g++ -Wall -O0 -g3 -c -fmessage-length=0 -I../../oled_sdk_bsp/ps7_cortexa9_0/include -MMD -MP -MF"src/main.d" -MT"src/main.d" -o "src/main.o" "../src/main.cc"
'Finished building: ../src/main.cc'
' '
'Building target: oled_sdk.elf'
'Invoking: ARM g++ linker'
arm-xilinx-eabi-g++ -Wl,-T -Wl,../src/lscript.ld -L../../oled_sdk_bsp/ps7_cortexa9_0/lib -o "oled_sdk.elf"  ./src/main.o   -Wl,--start-group,-lxil,-lgcc,-lc,-lstdc++,--end-group
'Finished building target: oled_sdk.elf'
' '
'Invoking: ARM Print Size'
arm-xilinx-eabi-size oled_sdk.elf  |tee "oled_sdk.elf.size"
   text	   data	    bss	    dec	    hex	filename
  32300	   2152	  29876	  64328	   fb48	oled_sdk.elf
'Finished building: oled_sdk.elf.size'
' '
12:26:42 **** Auto Build of configuration Debug for project oled_sdk ****
make all 
'Building file: ../src/main.cc'
'Invoking: ARM g++ compiler'
arm-xilinx-eabi-g++ -Wall -O0 -g3 -c -fmessage-length=0 -I../../oled_sdk_bsp/ps7_cortexa9_0/include -MMD -MP -MF"src/main.d" -MT"src/main.d" -o "src/main.o" "../src/main.cc"
'Finished building: ../src/main.cc'
' '
'Building target: oled_sdk.elf'
'Invoking: ARM g++ linker'
arm-xilinx-eabi-g++ -Wl,-T -Wl,../src/lscript.ld -L../../oled_sdk_bsp/ps7_cortexa9_0/lib -o "oled_sdk.elf"  ./src/main.o   -Wl,--start-group,-lxil,-lgcc,-lc,-lstdc++,--end-group
'Finished building target: oled_sdk.elf'
' '
'Invoking: ARM Print Size'
arm-xilinx-eabi-size oled_sdk.elf  |tee "oled_sdk.elf.size"
   text	   data	    bss	    dec	    hex	filename
  32300	   2152	  29876	  64328	   fb48	oled_sdk.elf
'Finished building: oled_sdk.elf.size'
' '
12:39:18 **** Auto Build of configuration Debug for project oled_sdk ****
make all 
'Building file: ../src/main.cc'
'Invoking: ARM g++ compiler'
arm-xilinx-eabi-g++ -Wall -O0 -g3 -c -fmessage-length=0 -I../../oled_sdk_bsp/ps7_cortexa9_0/include -MMD -MP -MF"src/main.d" -MT"src/main.d" -o "src/main.o" "../src/main.cc"
'Finished building: ../src/main.cc'
' '
'Building target: oled_sdk.elf'
'Invoking: ARM g++ linker'
arm-xilinx-eabi-g++ -Wl,-T -Wl,../src/lscript.ld -L../../oled_sdk_bsp/ps7_cortexa9_0/lib -o "oled_sdk.elf"  ./src/main.o   -Wl,--start-group,-lxil,-lgcc,-lc,-lstdc++,--end-group
'Finished building target: oled_sdk.elf'
' '
'Invoking: ARM Print Size'
arm-xilinx-eabi-size oled_sdk.elf  |tee "oled_sdk.elf.size"
   text	   data	    bss	    dec	    hex	filename
  32400	   2152	  29868	  64420	   fba4	oled_sdk.elf
'Finished building: oled_sdk.elf.size'
' '
20:04:46 **** Auto Build of project oled_sdk_bsp ****
make -k all 
libgen -hw ../hw_platform_0/system.xml\
	       \
	       -pe ps7_cortexa9_0 \
	       -log libgen.log \
	       system.mss
libgen
Xilinx EDK 2013.2 Build EDK_P.68d
Copyright (c) 1995-2012 Xilinx, Inc.  All rights reserved.

Command Line: libgen -hw ../hw_platform_0/system.xml -pe ps7_cortexa9_0 -log
libgen.log system.mss 


Staging source files.
Running DRCs.
Running generate.
Running post_generate.
Running include - 'make -s include "COMPILER=arm-xilinx-eabi-gcc"
"ARCHIVER=arm-xilinx-eabi-ar" "COMPILER_FLAGS= -O2 -c"
"EXTRA_COMPILER_FLAGS=-g"'.

Running libs - 'make -s libs "COMPILER=arm-xilinx-eabi-gcc"
"ARCHIVER=arm-xilinx-eabi-ar" "COMPILER_FLAGS= -O2 -c"
"EXTRA_COMPILER_FLAGS=-g"'.
"Compiling common"
arm-xilinx-eabi-ar: creating ../../../lib/libxil.a
"Compiling xadc"
"Compiling standalone"
"Compiling gpio"
"Compiling devcfg"
"Compiling dmaps"
"Compiling scugic"
"Compiling scutimer"
"Compiling scuwdt"
"Compiling uartps"
"Compiling cpu_cortexa9"
Running execs_generate.
'Finished building libraries'
20:05:04 **** Clean-only build of configuration Debug for project oled_sdk ****
make clean 
rm -rf  ./src/main.o  ./src/main.d  oled_sdk.elf.size  oled_sdk.elf
' '
20:05:04 **** Auto Build of configuration Debug for project oled_sdk ****
make all 
'Building file: ../src/main.cc'
'Invoking: ARM g++ compiler'
arm-xilinx-eabi-g++ -Wall -O0 -g3 -c -fmessage-length=0 -I../../oled_sdk_bsp/ps7_cortexa9_0/include -MMD -MP -MF"src/main.d" -MT"src/main.d" -o "src/main.o" "../src/main.cc"
'Finished building: ../src/main.cc'
' '
'Building target: oled_sdk.elf'
'Invoking: ARM g++ linker'
arm-xilinx-eabi-g++ -Wl,-T -Wl,../src/lscript.ld -L../../oled_sdk_bsp/ps7_cortexa9_0/lib -o "oled_sdk.elf"  ./src/main.o   -Wl,--start-group,-lxil,-lgcc,-lc,-lstdc++,--end-group
'Finished building target: oled_sdk.elf'
' '
'Invoking: ARM Print Size'
arm-xilinx-eabi-size oled_sdk.elf  |tee "oled_sdk.elf.size"
   text	   data	    bss	    dec	    hex	filename
  32400	   2152	  29868	  64420	   fba4	oled_sdk.elf
'Finished building: oled_sdk.elf.size'
' '
20:12:41 **** Auto Build of configuration Debug for project oled_sdk ****
make all 
'Building file: ../src/main.cc'
'Invoking: ARM g++ compiler'
arm-xilinx-eabi-g++ -Wall -O0 -g3 -c -fmessage-length=0 -I../../oled_sdk_bsp/ps7_cortexa9_0/include -MMD -MP -MF"src/main.d" -MT"src/main.d" -o "src/main.o" "../src/main.cc"
../src/main.cc: In function 'int main()':
../src/main.cc:35:29: error: 'LED_CHANNEL' was not declared in this scope
../src/main.cc:35:42: error: 'Data' was not declared in this scope
../src/main.cc:35:50: error: 'LED' was not declared in this scope
make: *** [src/main.o] Error 1
20:13:18 **** Auto Build of configuration Debug for project oled_sdk ****
make all 
'Building file: ../src/main.cc'
'Invoking: ARM g++ compiler'
arm-xilinx-eabi-g++ -Wall -O0 -g3 -c -fmessage-length=0 -I../../oled_sdk_bsp/ps7_cortexa9_0/include -MMD -MP -MF"src/main.d" -MT"src/main.d" -o "src/main.o" "../src/main.cc"
'Finished building: ../src/main.cc'
' '
'Building target: oled_sdk.elf'
'Invoking: ARM g++ linker'
arm-xilinx-eabi-g++ -Wl,-T -Wl,../src/lscript.ld -L../../oled_sdk_bsp/ps7_cortexa9_0/lib -o "oled_sdk.elf"  ./src/main.o   -Wl,--start-group,-lxil,-lgcc,-lc,-lstdc++,--end-group
'Finished building target: oled_sdk.elf'
' '
'Invoking: ARM Print Size'
arm-xilinx-eabi-size oled_sdk.elf  |tee "oled_sdk.elf.size"
   text	   data	    bss	    dec	    hex	filename
  32420	   2152	  29868	  64440	   fbb8	oled_sdk.elf
'Finished building: oled_sdk.elf.size'
' '
20:13:26 **** Incremental Build of configuration Debug for project oled_sdk ****
make all 
make: Nothing to be done for `all'.
20:14:02 **** Auto Build of configuration Debug for project oled_sdk ****
make all 
'Building file: ../src/main.cc'
'Invoking: ARM g++ compiler'
arm-xilinx-eabi-g++ -Wall -O0 -g3 -c -fmessage-length=0 -I../../oled_sdk_bsp/ps7_cortexa9_0/include -MMD -MP -MF"src/main.d" -MT"src/main.d" -o "src/main.o" "../src/main.cc"
'Finished building: ../src/main.cc'
' '
'Building target: oled_sdk.elf'
'Invoking: ARM g++ linker'
arm-xilinx-eabi-g++ -Wl,-T -Wl,../src/lscript.ld -L../../oled_sdk_bsp/ps7_cortexa9_0/lib -o "oled_sdk.elf"  ./src/main.o   -Wl,--start-group,-lxil,-lgcc,-lc,-lstdc++,--end-group
'Finished building target: oled_sdk.elf'
' '
'Invoking: ARM Print Size'
arm-xilinx-eabi-size oled_sdk.elf  |tee "oled_sdk.elf.size"
   text	   data	    bss	    dec	    hex	filename
  32420	   2152	  29868	  64440	   fbb8	oled_sdk.elf
'Finished building: oled_sdk.elf.size'
' '
20:14:04 **** Incremental Build of configuration Debug for project oled_sdk ****
make all 
make: Nothing to be done for `all'.
20:15:31 **** Auto Build of configuration Debug for project oled_sdk ****
make all 
'Building file: ../src/main.cc'
'Invoking: ARM g++ compiler'
arm-xilinx-eabi-g++ -Wall -O0 -g3 -c -fmessage-length=0 -I../../oled_sdk_bsp/ps7_cortexa9_0/include -MMD -MP -MF"src/main.d" -MT"src/main.d" -o "src/main.o" "../src/main.cc"
'Finished building: ../src/main.cc'
' '
'Building target: oled_sdk.elf'
'Invoking: ARM g++ linker'
arm-xilinx-eabi-g++ -Wl,-T -Wl,../src/lscript.ld -L../../oled_sdk_bsp/ps7_cortexa9_0/lib -o "oled_sdk.elf"  ./src/main.o   -Wl,--start-group,-lxil,-lgcc,-lc,-lstdc++,--end-group
'Finished building target: oled_sdk.elf'
' '
'Invoking: ARM Print Size'
arm-xilinx-eabi-size oled_sdk.elf  |tee "oled_sdk.elf.size"
   text	   data	    bss	    dec	    hex	filename
  32428	   2152	  29868	  64448	   fbc0	oled_sdk.elf
'Finished building: oled_sdk.elf.size'
' '
20:15:37 **** Incremental Build of configuration Debug for project oled_sdk ****
make all 
make: Nothing to be done for `all'.
20:15:47 **** Auto Build of configuration Debug for project oled_sdk ****
make all 
'Building file: ../src/main.cc'
'Invoking: ARM g++ compiler'
arm-xilinx-eabi-g++ -Wall -O0 -g3 -c -fmessage-length=0 -I../../oled_sdk_bsp/ps7_cortexa9_0/include -MMD -MP -MF"src/main.d" -MT"src/main.d" -o "src/main.o" "../src/main.cc"
'Finished building: ../src/main.cc'
' '
'Building target: oled_sdk.elf'
'Invoking: ARM g++ linker'
arm-xilinx-eabi-g++ -Wl,-T -Wl,../src/lscript.ld -L../../oled_sdk_bsp/ps7_cortexa9_0/lib -o "oled_sdk.elf"  ./src/main.o   -Wl,--start-group,-lxil,-lgcc,-lc,-lstdc++,--end-group
'Finished building target: oled_sdk.elf'
' '
'Invoking: ARM Print Size'
arm-xilinx-eabi-size oled_sdk.elf  |tee "oled_sdk.elf.size"
   text	   data	    bss	    dec	    hex	filename
  32428	   2152	  29868	  64448	   fbc0	oled_sdk.elf
'Finished building: oled_sdk.elf.size'
' '
20:15:49 **** Incremental Build of configuration Debug for project oled_sdk ****
make all 
make: Nothing to be done for `all'.
20:16:24 **** Auto Build of configuration Debug for project oled_sdk ****
make all 
'Building file: ../src/main.cc'
'Invoking: ARM g++ compiler'
arm-xilinx-eabi-g++ -Wall -O0 -g3 -c -fmessage-length=0 -I../../oled_sdk_bsp/ps7_cortexa9_0/include -MMD -MP -MF"src/main.d" -MT"src/main.d" -o "src/main.o" "../src/main.cc"
'Finished building: ../src/main.cc'
' '
'Building target: oled_sdk.elf'
'Invoking: ARM g++ linker'
arm-xilinx-eabi-g++ -Wl,-T -Wl,../src/lscript.ld -L../../oled_sdk_bsp/ps7_cortexa9_0/lib -o "oled_sdk.elf"  ./src/main.o   -Wl,--start-group,-lxil,-lgcc,-lc,-lstdc++,--end-group
'Finished building target: oled_sdk.elf'
' '
'Invoking: ARM Print Size'
arm-xilinx-eabi-size oled_sdk.elf  |tee "oled_sdk.elf.size"
   text	   data	    bss	    dec	    hex	filename
  32456	   2152	  29868	  64476	   fbdc	oled_sdk.elf
'Finished building: oled_sdk.elf.size'
' '
20:16:29 **** Auto Build of configuration Debug for project oled_sdk ****
make all 
'Building file: ../src/main.cc'
'Invoking: ARM g++ compiler'
arm-xilinx-eabi-g++ -Wall -O0 -g3 -c -fmessage-length=0 -I../../oled_sdk_bsp/ps7_cortexa9_0/include -MMD -MP -MF"src/main.d" -MT"src/main.d" -o "src/main.o" "../src/main.cc"
'Finished building: ../src/main.cc'
' '
'Building target: oled_sdk.elf'
'Invoking: ARM g++ linker'
arm-xilinx-eabi-g++ -Wl,-T -Wl,../src/lscript.ld -L../../oled_sdk_bsp/ps7_cortexa9_0/lib -o "oled_sdk.elf"  ./src/main.o   -Wl,--start-group,-lxil,-lgcc,-lc,-lstdc++,--end-group
'Finished building target: oled_sdk.elf'
' '
'Invoking: ARM Print Size'
arm-xilinx-eabi-size oled_sdk.elf  |tee "oled_sdk.elf.size"
   text	   data	    bss	    dec	    hex	filename
  32456	   2152	  29868	  64476	   fbdc	oled_sdk.elf
'Finished building: oled_sdk.elf.size'
' '
20:16:31 **** Incremental Build of configuration Debug for project oled_sdk ****
make all 
make: Nothing to be done for `all'.
20:16:53 **** Auto Build of configuration Debug for project oled_sdk ****
make all 
'Building file: ../src/main.cc'
'Invoking: ARM g++ compiler'
arm-xilinx-eabi-g++ -Wall -O0 -g3 -c -fmessage-length=0 -I../../oled_sdk_bsp/ps7_cortexa9_0/include -MMD -MP -MF"src/main.d" -MT"src/main.d" -o "src/main.o" "../src/main.cc"
'Finished building: ../src/main.cc'
' '
'Building target: oled_sdk.elf'
'Invoking: ARM g++ linker'
arm-xilinx-eabi-g++ -Wl,-T -Wl,../src/lscript.ld -L../../oled_sdk_bsp/ps7_cortexa9_0/lib -o "oled_sdk.elf"  ./src/main.o   -Wl,--start-group,-lxil,-lgcc,-lc,-lstdc++,--end-group
'Finished building target: oled_sdk.elf'
' '
'Invoking: ARM Print Size'
arm-xilinx-eabi-size oled_sdk.elf  |tee "oled_sdk.elf.size"
   text	   data	    bss	    dec	    hex	filename
  32456	   2152	  29868	  64476	   fbdc	oled_sdk.elf
'Finished building: oled_sdk.elf.size'
' '
20:16:54 **** Incremental Build of configuration Debug for project oled_sdk ****
make all 
make: Nothing to be done for `all'.
20:17:17 **** Auto Build of configuration Debug for project oled_sdk ****
make all 
'Building file: ../src/main.cc'
'Invoking: ARM g++ compiler'
arm-xilinx-eabi-g++ -Wall -O0 -g3 -c -fmessage-length=0 -I../../oled_sdk_bsp/ps7_cortexa9_0/include -MMD -MP -MF"src/main.d" -MT"src/main.d" -o "src/main.o" "../src/main.cc"
'Finished building: ../src/main.cc'
' '
'Building target: oled_sdk.elf'
'Invoking: ARM g++ linker'
arm-xilinx-eabi-g++ -Wl,-T -Wl,../src/lscript.ld -L../../oled_sdk_bsp/ps7_cortexa9_0/lib -o "oled_sdk.elf"  ./src/main.o   -Wl,--start-group,-lxil,-lgcc,-lc,-lstdc++,--end-group
'Finished building target: oled_sdk.elf'
' '
'Invoking: ARM Print Size'
arm-xilinx-eabi-size oled_sdk.elf  |tee "oled_sdk.elf.size"
   text	   data	    bss	    dec	    hex	filename
  32456	   2152	  29868	  64476	   fbdc	oled_sdk.elf
'Finished building: oled_sdk.elf.size'
' '
20:17:20 **** Incremental Build of configuration Debug for project oled_sdk ****
make all 
make: Nothing to be done for `all'.
20:17:35 **** Auto Build of configuration Debug for project oled_sdk ****
make all 
'Building file: ../src/main.cc'
'Invoking: ARM g++ compiler'
arm-xilinx-eabi-g++ -Wall -O0 -g3 -c -fmessage-length=0 -I../../oled_sdk_bsp/ps7_cortexa9_0/include -MMD -MP -MF"src/main.d" -MT"src/main.d" -o "src/main.o" "../src/main.cc"
'Finished building: ../src/main.cc'
' '
'Building target: oled_sdk.elf'
'Invoking: ARM g++ linker'
arm-xilinx-eabi-g++ -Wl,-T -Wl,../src/lscript.ld -L../../oled_sdk_bsp/ps7_cortexa9_0/lib -o "oled_sdk.elf"  ./src/main.o   -Wl,--start-group,-lxil,-lgcc,-lc,-lstdc++,--end-group
'Finished building target: oled_sdk.elf'
' '
'Invoking: ARM Print Size'
arm-xilinx-eabi-size oled_sdk.elf  |tee "oled_sdk.elf.size"
   text	   data	    bss	    dec	    hex	filename
  32456	   2152	  29868	  64476	   fbdc	oled_sdk.elf
'Finished building: oled_sdk.elf.size'
' '
20:17:37 **** Incremental Build of configuration Debug for project oled_sdk ****
make all 
make: Nothing to be done for `all'.
11:09:16 **** Incremental Build of configuration Debug for project oled_sdk ****
make all 
make: Nothing to be done for `all'.
11:09:21 **** Incremental Build of configuration Debug for project oled_sdk ****
make all 
make: Nothing to be done for `all'.
11:16:29 **** Auto Build of configuration Debug for project oled_sdk ****
make all 
'Building file: ../src/main.cc'
'Invoking: ARM g++ compiler'
arm-xilinx-eabi-g++ -Wall -O0 -g3 -c -fmessage-length=0 -I../../oled_sdk_bsp/ps7_cortexa9_0/include -MMD -MP -MF"src/main.d" -MT"src/main.d" -o "src/main.o" "../src/main.cc"
'Finished building: ../src/main.cc'
' '
'Building target: oled_sdk.elf'
'Invoking: ARM g++ linker'
arm-xilinx-eabi-g++ -Wl,-T -Wl,../src/lscript.ld -L../../oled_sdk_bsp/ps7_cortexa9_0/lib -o "oled_sdk.elf"  ./src/main.o   -Wl,--start-group,-lxil,-lgcc,-lc,-lstdc++,--end-group
'Finished building target: oled_sdk.elf'
' '
'Invoking: ARM Print Size'
arm-xilinx-eabi-size oled_sdk.elf  |tee "oled_sdk.elf.size"
   text	   data	    bss	    dec	    hex	filename
  33032	   2152	  29876	  65060	   fe24	oled_sdk.elf
'Finished building: oled_sdk.elf.size'
' '
11:18:47 **** Auto Build of configuration Debug for project oled_sdk ****
make all 
'Building file: ../src/main.cc'
'Invoking: ARM g++ compiler'
arm-xilinx-eabi-g++ -Wall -O0 -g3 -c -fmessage-length=0 -I../../oled_sdk_bsp/ps7_cortexa9_0/include -MMD -MP -MF"src/main.d" -MT"src/main.d" -o "src/main.o" "../src/main.cc"
../src/main.cc: In function 'int main()':
../src/main.cc:61:2: error: 'bat' was not declared in this scope
../src/main.cc:63:2: error: expected ';' before 'while'
make: *** [src/main.o] Error 1
11:20:16 **** Auto Build of configuration Debug for project oled_sdk ****
make all 
'Building file: ../src/main.cc'
'Invoking: ARM g++ compiler'
arm-xilinx-eabi-g++ -Wall -O0 -g3 -c -fmessage-length=0 -I../../oled_sdk_bsp/ps7_cortexa9_0/include -MMD -MP -MF"src/main.d" -MT"src/main.d" -o "src/main.o" "../src/main.cc"
'Finished building: ../src/main.cc'
' '
'Building target: oled_sdk.elf'
'Invoking: ARM g++ linker'
arm-xilinx-eabi-g++ -Wl,-T -Wl,../src/lscript.ld -L../../oled_sdk_bsp/ps7_cortexa9_0/lib -o "oled_sdk.elf"  ./src/main.o   -Wl,--start-group,-lxil,-lgcc,-lc,-lstdc++,--end-group
'Finished building target: oled_sdk.elf'
' '
'Invoking: ARM Print Size'
arm-xilinx-eabi-size oled_sdk.elf  |tee "oled_sdk.elf.size"
   text	   data	    bss	    dec	    hex	filename
  33248	   2152	  29876	  65276	   fefc	oled_sdk.elf
'Finished building: oled_sdk.elf.size'
' '
11:20:28 **** Auto Build of configuration Debug for project oled_sdk ****
make all 
'Building file: ../src/main.cc'
'Invoking: ARM g++ compiler'
arm-xilinx-eabi-g++ -Wall -O0 -g3 -c -fmessage-length=0 -I../../oled_sdk_bsp/ps7_cortexa9_0/include -MMD -MP -MF"src/main.d" -MT"src/main.d" -o "src/main.o" "../src/main.cc"
'Finished building: ../src/main.cc'
' '
'Building target: oled_sdk.elf'
'Invoking: ARM g++ linker'
arm-xilinx-eabi-g++ -Wl,-T -Wl,../src/lscript.ld -L../../oled_sdk_bsp/ps7_cortexa9_0/lib -o "oled_sdk.elf"  ./src/main.o   -Wl,--start-group,-lxil,-lgcc,-lc,-lstdc++,--end-group
'Finished building target: oled_sdk.elf'
' '
'Invoking: ARM Print Size'
arm-xilinx-eabi-size oled_sdk.elf  |tee "oled_sdk.elf.size"
   text	   data	    bss	    dec	    hex	filename
  33248	   2152	  29876	  65276	   fefc	oled_sdk.elf
'Finished building: oled_sdk.elf.size'
' '
11:20:31 **** Incremental Build of configuration Debug for project oled_sdk ****
make all 
make: Nothing to be done for `all'.
11:20:42 **** Incremental Build of configuration Debug for project oled_sdk ****
make all 
make: Nothing to be done for `all'.
11:21:41 **** Incremental Build of configuration Debug for project oled_sdk ****
make all 
make: Nothing to be done for `all'.
11:22:27 **** Incremental Build of configuration Debug for project oled_sdk ****
make all 
make: Nothing to be done for `all'.
11:22:44 **** Incremental Build of configuration Debug for project oled_sdk ****
make all 
make: Nothing to be done for `all'.
11:22:47 **** Incremental Build of configuration Debug for project oled_sdk ****
make all 
make: Nothing to be done for `all'.
11:23:07 **** Incremental Build of configuration Debug for project oled_sdk ****
make all 
make: Nothing to be done for `all'.
11:24:09 **** Incremental Build of configuration Debug for project oled_sdk ****
make all 
make: Nothing to be done for `all'.
11:24:33 **** Auto Build of configuration Debug for project oled_sdk ****
make all 
'Building file: ../src/main.cc'
'Invoking: ARM g++ compiler'
arm-xilinx-eabi-g++ -Wall -O0 -g3 -c -fmessage-length=0 -I../../oled_sdk_bsp/ps7_cortexa9_0/include -MMD -MP -MF"src/main.d" -MT"src/main.d" -o "src/main.o" "../src/main.cc"
'Finished building: ../src/main.cc'
' '
'Building target: oled_sdk.elf'
'Invoking: ARM g++ linker'
arm-xilinx-eabi-g++ -Wl,-T -Wl,../src/lscript.ld -L../../oled_sdk_bsp/ps7_cortexa9_0/lib -o "oled_sdk.elf"  ./src/main.o   -Wl,--start-group,-lxil,-lgcc,-lc,-lstdc++,--end-group
'Finished building target: oled_sdk.elf'
' '
'Invoking: ARM Print Size'
arm-xilinx-eabi-size oled_sdk.elf  |tee "oled_sdk.elf.size"
   text	   data	    bss	    dec	    hex	filename
  33248	   2152	  29876	  65276	   fefc	oled_sdk.elf
'Finished building: oled_sdk.elf.size'
' '
11:27:26 **** Incremental Build of configuration Debug for project oled_sdk ****
make all 
make: Nothing to be done for `all'.
11:28:13 **** Auto Build of configuration Debug for project oled_sdk ****
make all 
'Building file: ../src/main.cc'
'Invoking: ARM g++ compiler'
arm-xilinx-eabi-g++ -Wall -O0 -g3 -c -fmessage-length=0 -I../../oled_sdk_bsp/ps7_cortexa9_0/include -MMD -MP -MF"src/main.d" -MT"src/main.d" -o "src/main.o" "../src/main.cc"
'Finished building: ../src/main.cc'
' '
'Building target: oled_sdk.elf'
'Invoking: ARM g++ linker'
arm-xilinx-eabi-g++ -Wl,-T -Wl,../src/lscript.ld -L../../oled_sdk_bsp/ps7_cortexa9_0/lib -o "oled_sdk.elf"  ./src/main.o   -Wl,--start-group,-lxil,-lgcc,-lc,-lstdc++,--end-group
'Finished building target: oled_sdk.elf'
' '
'Invoking: ARM Print Size'
arm-xilinx-eabi-size oled_sdk.elf  |tee "oled_sdk.elf.size"
   text	   data	    bss	    dec	    hex	filename
  33268	   2152	  29876	  65296	   ff10	oled_sdk.elf
'Finished building: oled_sdk.elf.size'
' '
11:28:42 **** Auto Build of configuration Debug for project oled_sdk ****
make all 
'Building file: ../src/main.cc'
'Invoking: ARM g++ compiler'
arm-xilinx-eabi-g++ -Wall -O0 -g3 -c -fmessage-length=0 -I../../oled_sdk_bsp/ps7_cortexa9_0/include -MMD -MP -MF"src/main.d" -MT"src/main.d" -o "src/main.o" "../src/main.cc"
'Finished building: ../src/main.cc'
' '
'Building target: oled_sdk.elf'
'Invoking: ARM g++ linker'
arm-xilinx-eabi-g++ -Wl,-T -Wl,../src/lscript.ld -L../../oled_sdk_bsp/ps7_cortexa9_0/lib -o "oled_sdk.elf"  ./src/main.o   -Wl,--start-group,-lxil,-lgcc,-lc,-lstdc++,--end-group
'Finished building target: oled_sdk.elf'
' '
'Invoking: ARM Print Size'
arm-xilinx-eabi-size oled_sdk.elf  |tee "oled_sdk.elf.size"
   text	   data	    bss	    dec	    hex	filename
  33268	   2152	  29876	  65296	   ff10	oled_sdk.elf
'Finished building: oled_sdk.elf.size'
' '
11:29:03 **** Incremental Build of configuration Debug for project oled_sdk ****
make all 
make: Nothing to be done for `all'.
11:29:16 **** Auto Build of configuration Debug for project oled_sdk ****
make all 
'Building file: ../src/main.cc'
'Invoking: ARM g++ compiler'
arm-xilinx-eabi-g++ -Wall -O0 -g3 -c -fmessage-length=0 -I../../oled_sdk_bsp/ps7_cortexa9_0/include -MMD -MP -MF"src/main.d" -MT"src/main.d" -o "src/main.o" "../src/main.cc"
'Finished building: ../src/main.cc'
' '
'Building target: oled_sdk.elf'
'Invoking: ARM g++ linker'
arm-xilinx-eabi-g++ -Wl,-T -Wl,../src/lscript.ld -L../../oled_sdk_bsp/ps7_cortexa9_0/lib -o "oled_sdk.elf"  ./src/main.o   -Wl,--start-group,-lxil,-lgcc,-lc,-lstdc++,--end-group
'Finished building target: oled_sdk.elf'
' '
'Invoking: ARM Print Size'
arm-xilinx-eabi-size oled_sdk.elf  |tee "oled_sdk.elf.size"
   text	   data	    bss	    dec	    hex	filename
  33268	   2152	  29876	  65296	   ff10	oled_sdk.elf
'Finished building: oled_sdk.elf.size'
' '
11:29:18 **** Incremental Build of configuration Debug for project oled_sdk ****
make all 
make: Nothing to be done for `all'.
11:29:44 **** Incremental Build of configuration Debug for project oled_sdk ****
make all 
make: Nothing to be done for `all'.
11:34:33 **** Incremental Build of configuration Debug for project oled_sdk ****
make all 
make: Nothing to be done for `all'.
11:36:50 **** Incremental Build of configuration Debug for project oled_sdk ****
make all 
make: Nothing to be done for `all'.
11:36:52 **** Incremental Build of configuration Debug for project oled_sdk ****
make all 
make: Nothing to be done for `all'.
11:38:49 **** Incremental Build of configuration Debug for project oled_sdk ****
make all 
make: Nothing to be done for `all'.
11:40:22 **** Incremental Build of configuration Debug for project oled_sdk ****
make all 
make: Nothing to be done for `all'.
11:40:36 **** Incremental Build of configuration Debug for project oled_sdk ****
make all 
make: Nothing to be done for `all'.
11:44:33 **** Incremental Build of configuration Debug for project oled_sdk ****
make all 
make: Nothing to be done for `all'.
11:45:35 **** Incremental Build of configuration Debug for project oled_sdk ****
make all 
make: Nothing to be done for `all'.
11:46:34 **** Incremental Build of configuration Debug for project oled_sdk ****
make all 
make: Nothing to be done for `all'.
11:47:39 **** Auto Build of configuration Debug for project oled_sdk ****
make all 
'Building file: ../src/main.cc'
'Invoking: ARM g++ compiler'
arm-xilinx-eabi-g++ -Wall -O0 -g3 -c -fmessage-length=0 -I../../oled_sdk_bsp/ps7_cortexa9_0/include -MMD -MP -MF"src/main.d" -MT"src/main.d" -o "src/main.o" "../src/main.cc"
'Finished building: ../src/main.cc'
' '
'Building target: oled_sdk.elf'
'Invoking: ARM g++ linker'
arm-xilinx-eabi-g++ -Wl,-T -Wl,../src/lscript.ld -L../../oled_sdk_bsp/ps7_cortexa9_0/lib -o "oled_sdk.elf"  ./src/main.o   -Wl,--start-group,-lxil,-lgcc,-lc,-lstdc++,--end-group
'Finished building target: oled_sdk.elf'
' '
'Invoking: ARM Print Size'
arm-xilinx-eabi-size oled_sdk.elf  |tee "oled_sdk.elf.size"
   text	   data	    bss	    dec	    hex	filename
  33204	   2152	  29876	  65232	   fed0	oled_sdk.elf
'Finished building: oled_sdk.elf.size'
' '
11:47:43 **** Incremental Build of configuration Debug for project oled_sdk ****
make all 
make: Nothing to be done for `all'.
11:48:06 **** Auto Build of configuration Debug for project oled_sdk ****
make all 
'Building file: ../src/main.cc'
'Invoking: ARM g++ compiler'
arm-xilinx-eabi-g++ -Wall -O0 -g3 -c -fmessage-length=0 -I../../oled_sdk_bsp/ps7_cortexa9_0/include -MMD -MP -MF"src/main.d" -MT"src/main.d" -o "src/main.o" "../src/main.cc"
'Finished building: ../src/main.cc'
' '
'Building target: oled_sdk.elf'
'Invoking: ARM g++ linker'
arm-xilinx-eabi-g++ -Wl,-T -Wl,../src/lscript.ld -L../../oled_sdk_bsp/ps7_cortexa9_0/lib -o "oled_sdk.elf"  ./src/main.o   -Wl,--start-group,-lxil,-lgcc,-lc,-lstdc++,--end-group
'Finished building target: oled_sdk.elf'
' '
'Invoking: ARM Print Size'
arm-xilinx-eabi-size oled_sdk.elf  |tee "oled_sdk.elf.size"
   text	   data	    bss	    dec	    hex	filename
  33212	   2152	  29876	  65240	   fed8	oled_sdk.elf
'Finished building: oled_sdk.elf.size'
' '
11:48:13 **** Incremental Build of configuration Debug for project oled_sdk ****
make all 
make: Nothing to be done for `all'.
11:55:30 **** Auto Build of configuration Debug for project oled_sdk ****
make all 
'Building file: ../src/main.cc'
'Invoking: ARM g++ compiler'
arm-xilinx-eabi-g++ -Wall -O0 -g3 -c -fmessage-length=0 -I../../oled_sdk_bsp/ps7_cortexa9_0/include -MMD -MP -MF"src/main.d" -MT"src/main.d" -o "src/main.o" "../src/main.cc"
'Finished building: ../src/main.cc'
' '
'Building target: oled_sdk.elf'
'Invoking: ARM g++ linker'
arm-xilinx-eabi-g++ -Wl,-T -Wl,../src/lscript.ld -L../../oled_sdk_bsp/ps7_cortexa9_0/lib -o "oled_sdk.elf"  ./src/main.o   -Wl,--start-group,-lxil,-lgcc,-lc,-lstdc++,--end-group
'Finished building target: oled_sdk.elf'
' '
'Invoking: ARM Print Size'
arm-xilinx-eabi-size oled_sdk.elf  |tee "oled_sdk.elf.size"
   text	   data	    bss	    dec	    hex	filename
  33212	   2152	  29876	  65240	   fed8	oled_sdk.elf
'Finished building: oled_sdk.elf.size'
' '
11:55:54 **** Auto Build of configuration Debug for project oled_sdk ****
make all 
'Building file: ../src/main.cc'
'Invoking: ARM g++ compiler'
arm-xilinx-eabi-g++ -Wall -O0 -g3 -c -fmessage-length=0 -I../../oled_sdk_bsp/ps7_cortexa9_0/include -MMD -MP -MF"src/main.d" -MT"src/main.d" -o "src/main.o" "../src/main.cc"
'Finished building: ../src/main.cc'
' '
'Building target: oled_sdk.elf'
'Invoking: ARM g++ linker'
arm-xilinx-eabi-g++ -Wl,-T -Wl,../src/lscript.ld -L../../oled_sdk_bsp/ps7_cortexa9_0/lib -o "oled_sdk.elf"  ./src/main.o   -Wl,--start-group,-lxil,-lgcc,-lc,-lstdc++,--end-group
'Finished building target: oled_sdk.elf'
' '
'Invoking: ARM Print Size'
arm-xilinx-eabi-size oled_sdk.elf  |tee "oled_sdk.elf.size"
   text	   data	    bss	    dec	    hex	filename
  33380	   2152	  29876	  65408	   ff80	oled_sdk.elf
'Finished building: oled_sdk.elf.size'
' '
11:56:11 **** Incremental Build of configuration Debug for project oled_sdk ****
make all 
make: Nothing to be done for `all'.
11:56:32 **** Incremental Build of configuration Debug for project oled_sdk ****
make all 
make: Nothing to be done for `all'.
11:57:43 **** Auto Build of configuration Debug for project oled_sdk ****
make all 
'Building file: ../src/main.cc'
'Invoking: ARM g++ compiler'
arm-xilinx-eabi-g++ -Wall -O0 -g3 -c -fmessage-length=0 -I../../oled_sdk_bsp/ps7_cortexa9_0/include -MMD -MP -MF"src/main.d" -MT"src/main.d" -o "src/main.o" "../src/main.cc"
../src/main.cc: In function 'int main()':
../src/main.cc:64:53: error: 'XGpioDiscreteRead' was not declared in this scope
make: *** [src/main.o] Error 1
11:58:05 **** Auto Build of configuration Debug for project oled_sdk ****
make all 
'Building file: ../src/main.cc'
'Invoking: ARM g++ compiler'
arm-xilinx-eabi-g++ -Wall -O0 -g3 -c -fmessage-length=0 -I../../oled_sdk_bsp/ps7_cortexa9_0/include -MMD -MP -MF"src/main.d" -MT"src/main.d" -o "src/main.o" "../src/main.cc"
'Finished building: ../src/main.cc'
' '
'Building target: oled_sdk.elf'
'Invoking: ARM g++ linker'
arm-xilinx-eabi-g++ -Wl,-T -Wl,../src/lscript.ld -L../../oled_sdk_bsp/ps7_cortexa9_0/lib -o "oled_sdk.elf"  ./src/main.o   -Wl,--start-group,-lxil,-lgcc,-lc,-lstdc++,--end-group
'Finished building target: oled_sdk.elf'
' '
'Invoking: ARM Print Size'
arm-xilinx-eabi-size oled_sdk.elf  |tee "oled_sdk.elf.size"
   text	   data	    bss	    dec	    hex	filename
  36004	   2160	  29876	  68040	  109c8	oled_sdk.elf
'Finished building: oled_sdk.elf.size'
' '
11:58:17 **** Auto Build of configuration Debug for project oled_sdk ****
make all 
'Building file: ../src/main.cc'
'Invoking: ARM g++ compiler'
arm-xilinx-eabi-g++ -Wall -O0 -g3 -c -fmessage-length=0 -I../../oled_sdk_bsp/ps7_cortexa9_0/include -MMD -MP -MF"src/main.d" -MT"src/main.d" -o "src/main.o" "../src/main.cc"
'Finished building: ../src/main.cc'
' '
'Building target: oled_sdk.elf'
'Invoking: ARM g++ linker'
arm-xilinx-eabi-g++ -Wl,-T -Wl,../src/lscript.ld -L../../oled_sdk_bsp/ps7_cortexa9_0/lib -o "oled_sdk.elf"  ./src/main.o   -Wl,--start-group,-lxil,-lgcc,-lc,-lstdc++,--end-group
'Finished building target: oled_sdk.elf'
' '
'Invoking: ARM Print Size'
arm-xilinx-eabi-size oled_sdk.elf  |tee "oled_sdk.elf.size"
   text	   data	    bss	    dec	    hex	filename
  36052	   2160	  29876	  68088	  109f8	oled_sdk.elf
'Finished building: oled_sdk.elf.size'
' '
11:58:19 **** Incremental Build of configuration Debug for project oled_sdk ****
make all 
make: Nothing to be done for `all'.
11:58:34 **** Auto Build of configuration Debug for project oled_sdk ****
make all 
'Building file: ../src/main.cc'
'Invoking: ARM g++ compiler'
arm-xilinx-eabi-g++ -Wall -O0 -g3 -c -fmessage-length=0 -I../../oled_sdk_bsp/ps7_cortexa9_0/include -MMD -MP -MF"src/main.d" -MT"src/main.d" -o "src/main.o" "../src/main.cc"
'Finished building: ../src/main.cc'
' '
'Building target: oled_sdk.elf'
'Invoking: ARM g++ linker'
arm-xilinx-eabi-g++ -Wl,-T -Wl,../src/lscript.ld -L../../oled_sdk_bsp/ps7_cortexa9_0/lib -o "oled_sdk.elf"  ./src/main.o   -Wl,--start-group,-lxil,-lgcc,-lc,-lstdc++,--end-group
'Finished building target: oled_sdk.elf'
' '
'Invoking: ARM Print Size'
arm-xilinx-eabi-size oled_sdk.elf  |tee "oled_sdk.elf.size"
   text	   data	    bss	    dec	    hex	filename
  36052	   2160	  29876	  68088	  109f8	oled_sdk.elf
'Finished building: oled_sdk.elf.size'
' '
11:58:37 **** Incremental Build of configuration Debug for project oled_sdk ****
make all 
make: Nothing to be done for `all'.
12:00:15 **** Auto Build of configuration Debug for project oled_sdk ****
make all 
'Building file: ../src/main.cc'
'Invoking: ARM g++ compiler'
arm-xilinx-eabi-g++ -Wall -O0 -g3 -c -fmessage-length=0 -I../../oled_sdk_bsp/ps7_cortexa9_0/include -MMD -MP -MF"src/main.d" -MT"src/main.d" -o "src/main.o" "../src/main.cc"
'Finished building: ../src/main.cc'
' '
'Building target: oled_sdk.elf'
'Invoking: ARM g++ linker'
arm-xilinx-eabi-g++ -Wl,-T -Wl,../src/lscript.ld -L../../oled_sdk_bsp/ps7_cortexa9_0/lib -o "oled_sdk.elf"  ./src/main.o   -Wl,--start-group,-lxil,-lgcc,-lc,-lstdc++,--end-group
'Finished building target: oled_sdk.elf'
' '
'Invoking: ARM Print Size'
arm-xilinx-eabi-size oled_sdk.elf  |tee "oled_sdk.elf.size"
   text	   data	    bss	    dec	    hex	filename
  35992	   2160	  29876	  68028	  109bc	oled_sdk.elf
'Finished building: oled_sdk.elf.size'
' '
12:00:17 **** Incremental Build of configuration Debug for project oled_sdk ****
make all 
make: Nothing to be done for `all'.
12:01:05 **** Auto Build of configuration Debug for project oled_sdk ****
make all 
'Building file: ../src/main.cc'
'Invoking: ARM g++ compiler'
arm-xilinx-eabi-g++ -Wall -O0 -g3 -c -fmessage-length=0 -I../../oled_sdk_bsp/ps7_cortexa9_0/include -MMD -MP -MF"src/main.d" -MT"src/main.d" -o "src/main.o" "../src/main.cc"
'Finished building: ../src/main.cc'
' '
'Building target: oled_sdk.elf'
'Invoking: ARM g++ linker'
arm-xilinx-eabi-g++ -Wl,-T -Wl,../src/lscript.ld -L../../oled_sdk_bsp/ps7_cortexa9_0/lib -o "oled_sdk.elf"  ./src/main.o   -Wl,--start-group,-lxil,-lgcc,-lc,-lstdc++,--end-group
'Finished building target: oled_sdk.elf'
' '
'Invoking: ARM Print Size'
arm-xilinx-eabi-size oled_sdk.elf  |tee "oled_sdk.elf.size"
   text	   data	    bss	    dec	    hex	filename
  35992	   2160	  29876	  68028	  109bc	oled_sdk.elf
'Finished building: oled_sdk.elf.size'
' '
12:01:06 **** Incremental Build of configuration Debug for project oled_sdk ****
make all 
make: Nothing to be done for `all'.
12:11:14 **** Auto Build of configuration Debug for project oled_sdk ****
make all 
'Building file: ../src/main.cc'
'Invoking: ARM g++ compiler'
arm-xilinx-eabi-g++ -Wall -O0 -g3 -c -fmessage-length=0 -I../../oled_sdk_bsp/ps7_cortexa9_0/include -MMD -MP -MF"src/main.d" -MT"src/main.d" -o "src/main.o" "../src/main.cc"
'Finished building: ../src/main.cc'
' '
'Building target: oled_sdk.elf'
'Invoking: ARM g++ linker'
arm-xilinx-eabi-g++ -Wl,-T -Wl,../src/lscript.ld -L../../oled_sdk_bsp/ps7_cortexa9_0/lib -o "oled_sdk.elf"  ./src/main.o   -Wl,--start-group,-lxil,-lgcc,-lc,-lstdc++,--end-group
'Finished building target: oled_sdk.elf'
' '
'Invoking: ARM Print Size'
arm-xilinx-eabi-size oled_sdk.elf  |tee "oled_sdk.elf.size"
   text	   data	    bss	    dec	    hex	filename
  33408	   2152	  29876	  65436	   ff9c	oled_sdk.elf
'Finished building: oled_sdk.elf.size'
' '
12:11:21 **** Auto Build of configuration Debug for project oled_sdk ****
make all 
'Building file: ../src/main.cc'
'Invoking: ARM g++ compiler'
arm-xilinx-eabi-g++ -Wall -O0 -g3 -c -fmessage-length=0 -I../../oled_sdk_bsp/ps7_cortexa9_0/include -MMD -MP -MF"src/main.d" -MT"src/main.d" -o "src/main.o" "../src/main.cc"
'Finished building: ../src/main.cc'
' '
'Building target: oled_sdk.elf'
'Invoking: ARM g++ linker'
arm-xilinx-eabi-g++ -Wl,-T -Wl,../src/lscript.ld -L../../oled_sdk_bsp/ps7_cortexa9_0/lib -o "oled_sdk.elf"  ./src/main.o   -Wl,--start-group,-lxil,-lgcc,-lc,-lstdc++,--end-group
'Finished building target: oled_sdk.elf'
' '
'Invoking: ARM Print Size'
arm-xilinx-eabi-size oled_sdk.elf  |tee "oled_sdk.elf.size"
   text	   data	    bss	    dec	    hex	filename
  33384	   2152	  29876	  65412	   ff84	oled_sdk.elf
'Finished building: oled_sdk.elf.size'
' '
12:12:20 **** Auto Build of configuration Debug for project oled_sdk ****
make all 
'Building file: ../src/main.cc'
'Invoking: ARM g++ compiler'
arm-xilinx-eabi-g++ -Wall -O0 -g3 -c -fmessage-length=0 -I../../oled_sdk_bsp/ps7_cortexa9_0/include -MMD -MP -MF"src/main.d" -MT"src/main.d" -o "src/main.o" "../src/main.cc"
'Finished building: ../src/main.cc'
' '
'Building target: oled_sdk.elf'
'Invoking: ARM g++ linker'
arm-xilinx-eabi-g++ -Wl,-T -Wl,../src/lscript.ld -L../../oled_sdk_bsp/ps7_cortexa9_0/lib -o "oled_sdk.elf"  ./src/main.o   -Wl,--start-group,-lxil,-lgcc,-lc,-lstdc++,--end-group
'Finished building target: oled_sdk.elf'
' '
'Invoking: ARM Print Size'
arm-xilinx-eabi-size oled_sdk.elf  |tee "oled_sdk.elf.size"
   text	   data	    bss	    dec	    hex	filename
  33384	   2152	  29876	  65412	   ff84	oled_sdk.elf
'Finished building: oled_sdk.elf.size'
' '
12:12:34 **** Auto Build of configuration Debug for project oled_sdk ****
make all 
'Building file: ../src/main.cc'
'Invoking: ARM g++ compiler'
arm-xilinx-eabi-g++ -Wall -O0 -g3 -c -fmessage-length=0 -I../../oled_sdk_bsp/ps7_cortexa9_0/include -MMD -MP -MF"src/main.d" -MT"src/main.d" -o "src/main.o" "../src/main.cc"
'Finished building: ../src/main.cc'
' '
'Building target: oled_sdk.elf'
'Invoking: ARM g++ linker'
arm-xilinx-eabi-g++ -Wl,-T -Wl,../src/lscript.ld -L../../oled_sdk_bsp/ps7_cortexa9_0/lib -o "oled_sdk.elf"  ./src/main.o   -Wl,--start-group,-lxil,-lgcc,-lc,-lstdc++,--end-group
'Finished building target: oled_sdk.elf'
' '
'Invoking: ARM Print Size'
arm-xilinx-eabi-size oled_sdk.elf  |tee "oled_sdk.elf.size"
   text	   data	    bss	    dec	    hex	filename
  33384	   2152	  29876	  65412	   ff84	oled_sdk.elf
'Finished building: oled_sdk.elf.size'
' '
12:12:39 **** Incremental Build of configuration Debug for project oled_sdk ****
make all 
make: Nothing to be done for `all'.
12:13:02 **** Auto Build of configuration Debug for project oled_sdk ****
make all 
'Building file: ../src/main.cc'
'Invoking: ARM g++ compiler'
arm-xilinx-eabi-g++ -Wall -O0 -g3 -c -fmessage-length=0 -I../../oled_sdk_bsp/ps7_cortexa9_0/include -MMD -MP -MF"src/main.d" -MT"src/main.d" -o "src/main.o" "../src/main.cc"
../src/main.cc: In function 'int main()':
../src/main.cc:64:19: error: 'xil_print' was not declared in this scope
make: *** [src/main.o] Error 1
12:13:14 **** Auto Build of configuration Debug for project oled_sdk ****
make all 
'Building file: ../src/main.cc'
'Invoking: ARM g++ compiler'
arm-xilinx-eabi-g++ -Wall -O0 -g3 -c -fmessage-length=0 -I../../oled_sdk_bsp/ps7_cortexa9_0/include -MMD -MP -MF"src/main.d" -MT"src/main.d" -o "src/main.o" "../src/main.cc"
'Finished building: ../src/main.cc'
' '
'Building target: oled_sdk.elf'
'Invoking: ARM g++ linker'
arm-xilinx-eabi-g++ -Wl,-T -Wl,../src/lscript.ld -L../../oled_sdk_bsp/ps7_cortexa9_0/lib -o "oled_sdk.elf"  ./src/main.o   -Wl,--start-group,-lxil,-lgcc,-lc,-lstdc++,--end-group
'Finished building target: oled_sdk.elf'
' '
'Invoking: ARM Print Size'
arm-xilinx-eabi-size oled_sdk.elf  |tee "oled_sdk.elf.size"
   text	   data	    bss	    dec	    hex	filename
  33552	   2152	  29876	  65580	  1002c	oled_sdk.elf
'Finished building: oled_sdk.elf.size'
' '
12:13:16 **** Incremental Build of configuration Debug for project oled_sdk ****
make all 
make: Nothing to be done for `all'.
12:14:12 **** Auto Build of configuration Debug for project oled_sdk ****
make all 
'Building file: ../src/main.cc'
'Invoking: ARM g++ compiler'
arm-xilinx-eabi-g++ -Wall -O0 -g3 -c -fmessage-length=0 -I../../oled_sdk_bsp/ps7_cortexa9_0/include -MMD -MP -MF"src/main.d" -MT"src/main.d" -o "src/main.o" "../src/main.cc"
'Finished building: ../src/main.cc'
' '
'Building target: oled_sdk.elf'
'Invoking: ARM g++ linker'
arm-xilinx-eabi-g++ -Wl,-T -Wl,../src/lscript.ld -L../../oled_sdk_bsp/ps7_cortexa9_0/lib -o "oled_sdk.elf"  ./src/main.o   -Wl,--start-group,-lxil,-lgcc,-lc,-lstdc++,--end-group
'Finished building target: oled_sdk.elf'
' '
'Invoking: ARM Print Size'
arm-xilinx-eabi-size oled_sdk.elf  |tee "oled_sdk.elf.size"
   text	   data	    bss	    dec	    hex	filename
  36156	   2160	  29876	  68192	  10a60	oled_sdk.elf
'Finished building: oled_sdk.elf.size'
' '
12:14:15 **** Incremental Build of configuration Debug for project oled_sdk ****
make all 
make: Nothing to be done for `all'.
12:15:13 **** Auto Build of configuration Debug for project oled_sdk ****
make all 
'Building file: ../src/main.cc'
'Invoking: ARM g++ compiler'
arm-xilinx-eabi-g++ -Wall -O0 -g3 -c -fmessage-length=0 -I../../oled_sdk_bsp/ps7_cortexa9_0/include -MMD -MP -MF"src/main.d" -MT"src/main.d" -o "src/main.o" "../src/main.cc"
'Finished building: ../src/main.cc'
' '
'Building target: oled_sdk.elf'
'Invoking: ARM g++ linker'
arm-xilinx-eabi-g++ -Wl,-T -Wl,../src/lscript.ld -L../../oled_sdk_bsp/ps7_cortexa9_0/lib -o "oled_sdk.elf"  ./src/main.o   -Wl,--start-group,-lxil,-lgcc,-lc,-lstdc++,--end-group
'Finished building target: oled_sdk.elf'
' '
'Invoking: ARM Print Size'
arm-xilinx-eabi-size oled_sdk.elf  |tee "oled_sdk.elf.size"
   text	   data	    bss	    dec	    hex	filename
  35988	   2160	  29876	  68024	  109b8	oled_sdk.elf
'Finished building: oled_sdk.elf.size'
' '
12:15:23 **** Incremental Build of configuration Debug for project oled_sdk ****
make all 
make: Nothing to be done for `all'.
12:15:54 **** Auto Build of configuration Debug for project oled_sdk ****
make all 
'Building file: ../src/main.cc'
'Invoking: ARM g++ compiler'
arm-xilinx-eabi-g++ -Wall -O0 -g3 -c -fmessage-length=0 -I../../oled_sdk_bsp/ps7_cortexa9_0/include -MMD -MP -MF"src/main.d" -MT"src/main.d" -o "src/main.o" "../src/main.cc"
'Finished building: ../src/main.cc'
' '
'Building target: oled_sdk.elf'
'Invoking: ARM g++ linker'
arm-xilinx-eabi-g++ -Wl,-T -Wl,../src/lscript.ld -L../../oled_sdk_bsp/ps7_cortexa9_0/lib -o "oled_sdk.elf"  ./src/main.o   -Wl,--start-group,-lxil,-lgcc,-lc,-lstdc++,--end-group
'Finished building target: oled_sdk.elf'
' '
'Invoking: ARM Print Size'
arm-xilinx-eabi-size oled_sdk.elf  |tee "oled_sdk.elf.size"
   text	   data	    bss	    dec	    hex	filename
  35988	   2160	  29876	  68024	  109b8	oled_sdk.elf
'Finished building: oled_sdk.elf.size'
' '
12:15:57 **** Incremental Build of configuration Debug for project oled_sdk ****
make all 
make: Nothing to be done for `all'.
12:16:14 **** Auto Build of configuration Debug for project oled_sdk ****
make all 
'Building file: ../src/main.cc'
'Invoking: ARM g++ compiler'
arm-xilinx-eabi-g++ -Wall -O0 -g3 -c -fmessage-length=0 -I../../oled_sdk_bsp/ps7_cortexa9_0/include -MMD -MP -MF"src/main.d" -MT"src/main.d" -o "src/main.o" "../src/main.cc"
'Finished building: ../src/main.cc'
' '
'Building target: oled_sdk.elf'
'Invoking: ARM g++ linker'
arm-xilinx-eabi-g++ -Wl,-T -Wl,../src/lscript.ld -L../../oled_sdk_bsp/ps7_cortexa9_0/lib -o "oled_sdk.elf"  ./src/main.o   -Wl,--start-group,-lxil,-lgcc,-lc,-lstdc++,--end-group
'Finished building target: oled_sdk.elf'
' '
'Invoking: ARM Print Size'
arm-xilinx-eabi-size oled_sdk.elf  |tee "oled_sdk.elf.size"
   text	   data	    bss	    dec	    hex	filename
  35988	   2160	  29876	  68024	  109b8	oled_sdk.elf
'Finished building: oled_sdk.elf.size'
' '
12:16:22 **** Incremental Build of configuration Debug for project oled_sdk ****
make all 
make: Nothing to be done for `all'.
12:16:50 **** Auto Build of configuration Debug for project oled_sdk ****
make all 
'Building file: ../src/main.cc'
'Invoking: ARM g++ compiler'
arm-xilinx-eabi-g++ -Wall -O0 -g3 -c -fmessage-length=0 -I../../oled_sdk_bsp/ps7_cortexa9_0/include -MMD -MP -MF"src/main.d" -MT"src/main.d" -o "src/main.o" "../src/main.cc"
'Finished building: ../src/main.cc'
' '
'Building target: oled_sdk.elf'
'Invoking: ARM g++ linker'
arm-xilinx-eabi-g++ -Wl,-T -Wl,../src/lscript.ld -L../../oled_sdk_bsp/ps7_cortexa9_0/lib -o "oled_sdk.elf"  ./src/main.o   -Wl,--start-group,-lxil,-lgcc,-lc,-lstdc++,--end-group
'Finished building target: oled_sdk.elf'
' '
'Invoking: ARM Print Size'
arm-xilinx-eabi-size oled_sdk.elf  |tee "oled_sdk.elf.size"
   text	   data	    bss	    dec	    hex	filename
  35988	   2160	  29876	  68024	  109b8	oled_sdk.elf
'Finished building: oled_sdk.elf.size'
' '
12:16:54 **** Incremental Build of configuration Debug for project oled_sdk ****
make all 
make: Nothing to be done for `all'.
12:17:02 **** Auto Build of configuration Debug for project oled_sdk ****
make all 
'Building file: ../src/main.cc'
'Invoking: ARM g++ compiler'
arm-xilinx-eabi-g++ -Wall -O0 -g3 -c -fmessage-length=0 -I../../oled_sdk_bsp/ps7_cortexa9_0/include -MMD -MP -MF"src/main.d" -MT"src/main.d" -o "src/main.o" "../src/main.cc"
'Finished building: ../src/main.cc'
' '
'Building target: oled_sdk.elf'
'Invoking: ARM g++ linker'
arm-xilinx-eabi-g++ -Wl,-T -Wl,../src/lscript.ld -L../../oled_sdk_bsp/ps7_cortexa9_0/lib -o "oled_sdk.elf"  ./src/main.o   -Wl,--start-group,-lxil,-lgcc,-lc,-lstdc++,--end-group
'Finished building target: oled_sdk.elf'
' '
'Invoking: ARM Print Size'
arm-xilinx-eabi-size oled_sdk.elf  |tee "oled_sdk.elf.size"
   text	   data	    bss	    dec	    hex	filename
  35988	   2160	  29876	  68024	  109b8	oled_sdk.elf
'Finished building: oled_sdk.elf.size'
' '
12:17:03 **** Incremental Build of configuration Debug for project oled_sdk ****
make all 
make: Nothing to be done for `all'.
12:17:13 **** Auto Build of configuration Debug for project oled_sdk ****
make all 
'Building file: ../src/main.cc'
'Invoking: ARM g++ compiler'
arm-xilinx-eabi-g++ -Wall -O0 -g3 -c -fmessage-length=0 -I../../oled_sdk_bsp/ps7_cortexa9_0/include -MMD -MP -MF"src/main.d" -MT"src/main.d" -o "src/main.o" "../src/main.cc"
'Finished building: ../src/main.cc'
' '
'Building target: oled_sdk.elf'
'Invoking: ARM g++ linker'
arm-xilinx-eabi-g++ -Wl,-T -Wl,../src/lscript.ld -L../../oled_sdk_bsp/ps7_cortexa9_0/lib -o "oled_sdk.elf"  ./src/main.o   -Wl,--start-group,-lxil,-lgcc,-lc,-lstdc++,--end-group
'Finished building target: oled_sdk.elf'
' '
'Invoking: ARM Print Size'
arm-xilinx-eabi-size oled_sdk.elf  |tee "oled_sdk.elf.size"
   text	   data	    bss	    dec	    hex	filename
  35988	   2160	  29876	  68024	  109b8	oled_sdk.elf
'Finished building: oled_sdk.elf.size'
' '
12:17:15 **** Incremental Build of configuration Debug for project oled_sdk ****
make all 
make: Nothing to be done for `all'.
12:19:01 **** Auto Build of configuration Debug for project oled_sdk ****
make all 
'Building file: ../src/main.cc'
'Invoking: ARM g++ compiler'
arm-xilinx-eabi-g++ -Wall -O0 -g3 -c -fmessage-length=0 -I../../oled_sdk_bsp/ps7_cortexa9_0/include -MMD -MP -MF"src/main.d" -MT"src/main.d" -o "src/main.o" "../src/main.cc"
'Finished building: ../src/main.cc'
' '
'Building target: oled_sdk.elf'
'Invoking: ARM g++ linker'
arm-xilinx-eabi-g++ -Wl,-T -Wl,../src/lscript.ld -L../../oled_sdk_bsp/ps7_cortexa9_0/lib -o "oled_sdk.elf"  ./src/main.o   -Wl,--start-group,-lxil,-lgcc,-lc,-lstdc++,--end-group
'Finished building target: oled_sdk.elf'
' '
'Invoking: ARM Print Size'
arm-xilinx-eabi-size oled_sdk.elf  |tee "oled_sdk.elf.size"
   text	   data	    bss	    dec	    hex	filename
  35988	   2160	  29876	  68024	  109b8	oled_sdk.elf
'Finished building: oled_sdk.elf.size'
' '
12:19:16 **** Incremental Build of configuration Debug for project oled_sdk ****
make all 
make: Nothing to be done for `all'.
12:19:33 **** Auto Build of configuration Debug for project oled_sdk ****
make all 
'Building file: ../src/main.cc'
'Invoking: ARM g++ compiler'
arm-xilinx-eabi-g++ -Wall -O0 -g3 -c -fmessage-length=0 -I../../oled_sdk_bsp/ps7_cortexa9_0/include -MMD -MP -MF"src/main.d" -MT"src/main.d" -o "src/main.o" "../src/main.cc"
'Finished building: ../src/main.cc'
' '
'Building target: oled_sdk.elf'
'Invoking: ARM g++ linker'
arm-xilinx-eabi-g++ -Wl,-T -Wl,../src/lscript.ld -L../../oled_sdk_bsp/ps7_cortexa9_0/lib -o "oled_sdk.elf"  ./src/main.o   -Wl,--start-group,-lxil,-lgcc,-lc,-lstdc++,--end-group
'Finished building target: oled_sdk.elf'
' '
'Invoking: ARM Print Size'
arm-xilinx-eabi-size oled_sdk.elf  |tee "oled_sdk.elf.size"
   text	   data	    bss	    dec	    hex	filename
  36156	   2160	  29876	  68192	  10a60	oled_sdk.elf
'Finished building: oled_sdk.elf.size'
' '
12:19:36 **** Incremental Build of configuration Debug for project oled_sdk ****
make all 
make: Nothing to be done for `all'.
12:23:32 **** Auto Build of configuration Debug for project oled_sdk ****
make all 
'Building file: ../src/main.cc'
'Invoking: ARM g++ compiler'
arm-xilinx-eabi-g++ -Wall -O0 -g3 -c -fmessage-length=0 -I../../oled_sdk_bsp/ps7_cortexa9_0/include -MMD -MP -MF"src/main.d" -MT"src/main.d" -o "src/main.o" "../src/main.cc"
'Finished building: ../src/main.cc'
' '
'Building target: oled_sdk.elf'
'Invoking: ARM g++ linker'
arm-xilinx-eabi-g++ -Wl,-T -Wl,../src/lscript.ld -L../../oled_sdk_bsp/ps7_cortexa9_0/lib -o "oled_sdk.elf"  ./src/main.o   -Wl,--start-group,-lxil,-lgcc,-lc,-lstdc++,--end-group
'Finished building target: oled_sdk.elf'
' '
'Invoking: ARM Print Size'
arm-xilinx-eabi-size oled_sdk.elf  |tee "oled_sdk.elf.size"
   text	   data	    bss	    dec	    hex	filename
  36040	   2160	  29876	  68076	  109ec	oled_sdk.elf
'Finished building: oled_sdk.elf.size'
' '
12:23:42 **** Auto Build of configuration Debug for project oled_sdk ****
make all 
'Building file: ../src/main.cc'
'Invoking: ARM g++ compiler'
arm-xilinx-eabi-g++ -Wall -O0 -g3 -c -fmessage-length=0 -I../../oled_sdk_bsp/ps7_cortexa9_0/include -MMD -MP -MF"src/main.d" -MT"src/main.d" -o "src/main.o" "../src/main.cc"
../src/main.cc: In function 'int main()':
../src/main.cc:46:6: warning: unused variable 'data' [-Wunused-variable]
'Finished building: ../src/main.cc'
' '
'Building target: oled_sdk.elf'
'Invoking: ARM g++ linker'
arm-xilinx-eabi-g++ -Wl,-T -Wl,../src/lscript.ld -L../../oled_sdk_bsp/ps7_cortexa9_0/lib -o "oled_sdk.elf"  ./src/main.o   -Wl,--start-group,-lxil,-lgcc,-lc,-lstdc++,--end-group
'Finished building target: oled_sdk.elf'
' '
'Invoking: ARM Print Size'
arm-xilinx-eabi-size oled_sdk.elf  |tee "oled_sdk.elf.size"
   text	   data	    bss	    dec	    hex	filename
  33436	   2152	  29876	  65464	   ffb8	oled_sdk.elf
'Finished building: oled_sdk.elf.size'
' '
12:23:45 **** Auto Build of configuration Debug for project oled_sdk ****
make all 
'Building file: ../src/main.cc'
'Invoking: ARM g++ compiler'
arm-xilinx-eabi-g++ -Wall -O0 -g3 -c -fmessage-length=0 -I../../oled_sdk_bsp/ps7_cortexa9_0/include -MMD -MP -MF"src/main.d" -MT"src/main.d" -o "src/main.o" "../src/main.cc"
'Finished building: ../src/main.cc'
' '
'Building target: oled_sdk.elf'
'Invoking: ARM g++ linker'
arm-xilinx-eabi-g++ -Wl,-T -Wl,../src/lscript.ld -L../../oled_sdk_bsp/ps7_cortexa9_0/lib -o "oled_sdk.elf"  ./src/main.o   -Wl,--start-group,-lxil,-lgcc,-lc,-lstdc++,--end-group
'Finished building target: oled_sdk.elf'
' '
'Invoking: ARM Print Size'
arm-xilinx-eabi-size oled_sdk.elf  |tee "oled_sdk.elf.size"
   text	   data	    bss	    dec	    hex	filename
  33428	   2152	  29876	  65456	   ffb0	oled_sdk.elf
'Finished building: oled_sdk.elf.size'
' '
12:23:54 **** Incremental Build of configuration Debug for project oled_sdk ****
make all 
make: Nothing to be done for `all'.
12:25:17 **** Auto Build of configuration Debug for project oled_sdk ****
make all 
'Building file: ../src/main.cc'
'Invoking: ARM g++ compiler'
arm-xilinx-eabi-g++ -Wall -O0 -g3 -c -fmessage-length=0 -I../../oled_sdk_bsp/ps7_cortexa9_0/include -MMD -MP -MF"src/main.d" -MT"src/main.d" -o "src/main.o" "../src/main.cc"
'Finished building: ../src/main.cc'
' '
'Building target: oled_sdk.elf'
'Invoking: ARM g++ linker'
arm-xilinx-eabi-g++ -Wl,-T -Wl,../src/lscript.ld -L../../oled_sdk_bsp/ps7_cortexa9_0/lib -o "oled_sdk.elf"  ./src/main.o   -Wl,--start-group,-lxil,-lgcc,-lc,-lstdc++,--end-group
'Finished building target: oled_sdk.elf'
' '
'Invoking: ARM Print Size'
arm-xilinx-eabi-size oled_sdk.elf  |tee "oled_sdk.elf.size"
   text	   data	    bss	    dec	    hex	filename
  33372	   2152	  29876	  65400	   ff78	oled_sdk.elf
'Finished building: oled_sdk.elf.size'
' '
12:25:19 **** Incremental Build of configuration Debug for project oled_sdk ****
make all 
make: Nothing to be done for `all'.
12:25:27 **** Auto Build of configuration Debug for project oled_sdk ****
make all 
'Building file: ../src/main.cc'
'Invoking: ARM g++ compiler'
arm-xilinx-eabi-g++ -Wall -O0 -g3 -c -fmessage-length=0 -I../../oled_sdk_bsp/ps7_cortexa9_0/include -MMD -MP -MF"src/main.d" -MT"src/main.d" -o "src/main.o" "../src/main.cc"
'Finished building: ../src/main.cc'
' '
'Building target: oled_sdk.elf'
'Invoking: ARM g++ linker'
arm-xilinx-eabi-g++ -Wl,-T -Wl,../src/lscript.ld -L../../oled_sdk_bsp/ps7_cortexa9_0/lib -o "oled_sdk.elf"  ./src/main.o   -Wl,--start-group,-lxil,-lgcc,-lc,-lstdc++,--end-group
'Finished building target: oled_sdk.elf'
' '
'Invoking: ARM Print Size'
arm-xilinx-eabi-size oled_sdk.elf  |tee "oled_sdk.elf.size"
   text	   data	    bss	    dec	    hex	filename
  33392	   2152	  29876	  65420	   ff8c	oled_sdk.elf
'Finished building: oled_sdk.elf.size'
' '
12:25:35 **** Incremental Build of configuration Debug for project oled_sdk ****
make all 
make: Nothing to be done for `all'.
12:29:37 **** Auto Build of configuration Debug for project oled_sdk ****
make all 
'Building file: ../src/main.cc'
'Invoking: ARM g++ compiler'
arm-xilinx-eabi-g++ -Wall -O0 -g3 -c -fmessage-length=0 -I../../oled_sdk_bsp/ps7_cortexa9_0/include -MMD -MP -MF"src/main.d" -MT"src/main.d" -o "src/main.o" "../src/main.cc"
'Finished building: ../src/main.cc'
' '
'Building target: oled_sdk.elf'
'Invoking: ARM g++ linker'
arm-xilinx-eabi-g++ -Wl,-T -Wl,../src/lscript.ld -L../../oled_sdk_bsp/ps7_cortexa9_0/lib -o "oled_sdk.elf"  ./src/main.o   -Wl,--start-group,-lxil,-lgcc,-lc,-lstdc++,--end-group
'Finished building target: oled_sdk.elf'
' '
'Invoking: ARM Print Size'
arm-xilinx-eabi-size oled_sdk.elf  |tee "oled_sdk.elf.size"
   text	   data	    bss	    dec	    hex	filename
  36012	   2160	  29876	  68048	  109d0	oled_sdk.elf
'Finished building: oled_sdk.elf.size'
' '
12:29:47 **** Incremental Build of configuration Debug for project oled_sdk ****
make all 
make: Nothing to be done for `all'.
12:30:25 **** Auto Build of configuration Debug for project oled_sdk ****
make all 
'Building file: ../src/main.cc'
'Invoking: ARM g++ compiler'
arm-xilinx-eabi-g++ -Wall -O0 -g3 -c -fmessage-length=0 -I../../oled_sdk_bsp/ps7_cortexa9_0/include -MMD -MP -MF"src/main.d" -MT"src/main.d" -o "src/main.o" "../src/main.cc"
'Finished building: ../src/main.cc'
' '
'Building target: oled_sdk.elf'
'Invoking: ARM g++ linker'
arm-xilinx-eabi-g++ -Wl,-T -Wl,../src/lscript.ld -L../../oled_sdk_bsp/ps7_cortexa9_0/lib -o "oled_sdk.elf"  ./src/main.o   -Wl,--start-group,-lxil,-lgcc,-lc,-lstdc++,--end-group
'Finished building target: oled_sdk.elf'
' '
'Invoking: ARM Print Size'
arm-xilinx-eabi-size oled_sdk.elf  |tee "oled_sdk.elf.size"
   text	   data	    bss	    dec	    hex	filename
  36012	   2160	  29876	  68048	  109d0	oled_sdk.elf
'Finished building: oled_sdk.elf.size'
' '
12:30:27 **** Incremental Build of configuration Debug for project oled_sdk ****
make all 
make: Nothing to be done for `all'.
12:30:48 **** Auto Build of configuration Debug for project oled_sdk ****
make all 
'Building file: ../src/main.cc'
'Invoking: ARM g++ compiler'
arm-xilinx-eabi-g++ -Wall -O0 -g3 -c -fmessage-length=0 -I../../oled_sdk_bsp/ps7_cortexa9_0/include -MMD -MP -MF"src/main.d" -MT"src/main.d" -o "src/main.o" "../src/main.cc"
'Finished building: ../src/main.cc'
' '
'Building target: oled_sdk.elf'
'Invoking: ARM g++ linker'
arm-xilinx-eabi-g++ -Wl,-T -Wl,../src/lscript.ld -L../../oled_sdk_bsp/ps7_cortexa9_0/lib -o "oled_sdk.elf"  ./src/main.o   -Wl,--start-group,-lxil,-lgcc,-lc,-lstdc++,--end-group
'Finished building target: oled_sdk.elf'
' '
'Invoking: ARM Print Size'
arm-xilinx-eabi-size oled_sdk.elf  |tee "oled_sdk.elf.size"
   text	   data	    bss	    dec	    hex	filename
  36012	   2160	  29876	  68048	  109d0	oled_sdk.elf
'Finished building: oled_sdk.elf.size'
' '
12:30:51 **** Incremental Build of configuration Debug for project oled_sdk ****
make all 
make: Nothing to be done for `all'.
12:35:16 **** Auto Build of configuration Debug for project oled_sdk ****
make all 
'Building file: ../src/main.cc'
'Invoking: ARM g++ compiler'
arm-xilinx-eabi-g++ -Wall -O0 -g3 -c -fmessage-length=0 -I../../oled_sdk_bsp/ps7_cortexa9_0/include -MMD -MP -MF"src/main.d" -MT"src/main.d" -o "src/main.o" "../src/main.cc"
'Finished building: ../src/main.cc'
' '
'Building target: oled_sdk.elf'
'Invoking: ARM g++ linker'
arm-xilinx-eabi-g++ -Wl,-T -Wl,../src/lscript.ld -L../../oled_sdk_bsp/ps7_cortexa9_0/lib -o "oled_sdk.elf"  ./src/main.o   -Wl,--start-group,-lxil,-lgcc,-lc,-lstdc++,--end-group
'Finished building target: oled_sdk.elf'
' '
'Invoking: ARM Print Size'
arm-xilinx-eabi-size oled_sdk.elf  |tee "oled_sdk.elf.size"
   text	   data	    bss	    dec	    hex	filename
  36012	   2160	  29876	  68048	  109d0	oled_sdk.elf
'Finished building: oled_sdk.elf.size'
' '
12:35:19 **** Incremental Build of configuration Debug for project oled_sdk ****
make all 
make: Nothing to be done for `all'.
12:35:36 **** Auto Build of configuration Debug for project oled_sdk ****
make all 
'Building file: ../src/main.cc'
'Invoking: ARM g++ compiler'
arm-xilinx-eabi-g++ -Wall -O0 -g3 -c -fmessage-length=0 -I../../oled_sdk_bsp/ps7_cortexa9_0/include -MMD -MP -MF"src/main.d" -MT"src/main.d" -o "src/main.o" "../src/main.cc"
'Finished building: ../src/main.cc'
' '
'Building target: oled_sdk.elf'
'Invoking: ARM g++ linker'
arm-xilinx-eabi-g++ -Wl,-T -Wl,../src/lscript.ld -L../../oled_sdk_bsp/ps7_cortexa9_0/lib -o "oled_sdk.elf"  ./src/main.o   -Wl,--start-group,-lxil,-lgcc,-lc,-lstdc++,--end-group
'Finished building target: oled_sdk.elf'
' '
'Invoking: ARM Print Size'
arm-xilinx-eabi-size oled_sdk.elf  |tee "oled_sdk.elf.size"
   text	   data	    bss	    dec	    hex	filename
  36012	   2160	  29876	  68048	  109d0	oled_sdk.elf
'Finished building: oled_sdk.elf.size'
' '
12:35:47 **** Auto Build of configuration Debug for project oled_sdk ****
make all 
'Building file: ../src/main.cc'
'Invoking: ARM g++ compiler'
arm-xilinx-eabi-g++ -Wall -O0 -g3 -c -fmessage-length=0 -I../../oled_sdk_bsp/ps7_cortexa9_0/include -MMD -MP -MF"src/main.d" -MT"src/main.d" -o "src/main.o" "../src/main.cc"
'Finished building: ../src/main.cc'
' '
'Building target: oled_sdk.elf'
'Invoking: ARM g++ linker'
arm-xilinx-eabi-g++ -Wl,-T -Wl,../src/lscript.ld -L../../oled_sdk_bsp/ps7_cortexa9_0/lib -o "oled_sdk.elf"  ./src/main.o   -Wl,--start-group,-lxil,-lgcc,-lc,-lstdc++,--end-group
'Finished building target: oled_sdk.elf'
' '
'Invoking: ARM Print Size'
arm-xilinx-eabi-size oled_sdk.elf  |tee "oled_sdk.elf.size"
   text	   data	    bss	    dec	    hex	filename
  36012	   2160	  29876	  68048	  109d0	oled_sdk.elf
'Finished building: oled_sdk.elf.size'
' '
12:35:53 **** Incremental Build of configuration Debug for project oled_sdk ****
make all 
make: Nothing to be done for `all'.
12:36:19 **** Auto Build of configuration Debug for project oled_sdk ****
make all 
'Building file: ../src/main.cc'
'Invoking: ARM g++ compiler'
arm-xilinx-eabi-g++ -Wall -O0 -g3 -c -fmessage-length=0 -I../../oled_sdk_bsp/ps7_cortexa9_0/include -MMD -MP -MF"src/main.d" -MT"src/main.d" -o "src/main.o" "../src/main.cc"
../src/main.cc: In function 'int main()':
../src/main.cc:63:66: error: invalid conversion from 'u32 {aka long unsigned int}' to 'const char*' [-fpermissive]
In file included from ../../oled_sdk_bsp/ps7_cortexa9_0/include/xil_io.h:74:0,
                 from ../../oled_sdk_bsp/ps7_cortexa9_0/include/xgpio_l.h:93,
                 from ../../oled_sdk_bsp/ps7_cortexa9_0/include/xgpio.h:126,
                 from ../src/main.cc:6:
../../oled_sdk_bsp/ps7_cortexa9_0/include/xil_printf.h:39:6: error:   initializing argument 1 of 'void print(const char*)' [-fpermissive]
make: *** [src/main.o] Error 1
12:36:43 **** Auto Build of configuration Debug for project oled_sdk ****
make all 
'Building file: ../src/main.cc'
'Invoking: ARM g++ compiler'
arm-xilinx-eabi-g++ -Wall -O0 -g3 -c -fmessage-length=0 -I../../oled_sdk_bsp/ps7_cortexa9_0/include -MMD -MP -MF"src/main.d" -MT"src/main.d" -o "src/main.o" "../src/main.cc"
'Finished building: ../src/main.cc'
' '
'Building target: oled_sdk.elf'
'Invoking: ARM g++ linker'
arm-xilinx-eabi-g++ -Wl,-T -Wl,../src/lscript.ld -L../../oled_sdk_bsp/ps7_cortexa9_0/lib -o "oled_sdk.elf"  ./src/main.o   -Wl,--start-group,-lxil,-lgcc,-lc,-lstdc++,--end-group
'Finished building target: oled_sdk.elf'
' '
'Invoking: ARM Print Size'
arm-xilinx-eabi-size oled_sdk.elf  |tee "oled_sdk.elf.size"
   text	   data	    bss	    dec	    hex	filename
  36012	   2160	  29876	  68048	  109d0	oled_sdk.elf
'Finished building: oled_sdk.elf.size'
' '
12:37:36 **** Auto Build of configuration Debug for project oled_sdk ****
make all 
'Building file: ../src/main.cc'
'Invoking: ARM g++ compiler'
arm-xilinx-eabi-g++ -Wall -O0 -g3 -c -fmessage-length=0 -I../../oled_sdk_bsp/ps7_cortexa9_0/include -MMD -MP -MF"src/main.d" -MT"src/main.d" -o "src/main.o" "../src/main.cc"
'Finished building: ../src/main.cc'
' '
'Building target: oled_sdk.elf'
'Invoking: ARM g++ linker'
arm-xilinx-eabi-g++ -Wl,-T -Wl,../src/lscript.ld -L../../oled_sdk_bsp/ps7_cortexa9_0/lib -o "oled_sdk.elf"  ./src/main.o   -Wl,--start-group,-lxil,-lgcc,-lc,-lstdc++,--end-group
'Finished building target: oled_sdk.elf'
' '
'Invoking: ARM Print Size'
arm-xilinx-eabi-size oled_sdk.elf  |tee "oled_sdk.elf.size"
   text	   data	    bss	    dec	    hex	filename
  35992	   2160	  29876	  68028	  109bc	oled_sdk.elf
'Finished building: oled_sdk.elf.size'
' '
12:37:38 **** Incremental Build of configuration Debug for project oled_sdk ****
make all 
make: Nothing to be done for `all'.
12:39:23 **** Auto Build of configuration Debug for project oled_sdk ****
make all 
'Building file: ../src/main.cc'
'Invoking: ARM g++ compiler'
arm-xilinx-eabi-g++ -Wall -O0 -g3 -c -fmessage-length=0 -I../../oled_sdk_bsp/ps7_cortexa9_0/include -MMD -MP -MF"src/main.d" -MT"src/main.d" -o "src/main.o" "../src/main.cc"
../src/main.cc: In function 'int main()':
../src/main.cc:67:2: error: expected ';' before 'print'
make: *** [src/main.o] Error 1
12:39:25 **** Auto Build of configuration Debug for project oled_sdk ****
make all 
'Building file: ../src/main.cc'
'Invoking: ARM g++ compiler'
arm-xilinx-eabi-g++ -Wall -O0 -g3 -c -fmessage-length=0 -I../../oled_sdk_bsp/ps7_cortexa9_0/include -MMD -MP -MF"src/main.d" -MT"src/main.d" -o "src/main.o" "../src/main.cc"
'Finished building: ../src/main.cc'
' '
'Building target: oled_sdk.elf'
'Invoking: ARM g++ linker'
arm-xilinx-eabi-g++ -Wl,-T -Wl,../src/lscript.ld -L../../oled_sdk_bsp/ps7_cortexa9_0/lib -o "oled_sdk.elf"  ./src/main.o   -Wl,--start-group,-lxil,-lgcc,-lc,-lstdc++,--end-group
'Finished building target: oled_sdk.elf'
' '
'Invoking: ARM Print Size'
arm-xilinx-eabi-size oled_sdk.elf  |tee "oled_sdk.elf.size"
   text	   data	    bss	    dec	    hex	filename
  36008	   2160	  29876	  68044	  109cc	oled_sdk.elf
'Finished building: oled_sdk.elf.size'
' '
12:39:29 **** Incremental Build of configuration Debug for project oled_sdk ****
make all 
make: Nothing to be done for `all'.
12:39:40 **** Auto Build of configuration Debug for project oled_sdk ****
make all 
'Building file: ../src/main.cc'
'Invoking: ARM g++ compiler'
arm-xilinx-eabi-g++ -Wall -O0 -g3 -c -fmessage-length=0 -I../../oled_sdk_bsp/ps7_cortexa9_0/include -MMD -MP -MF"src/main.d" -MT"src/main.d" -o "src/main.o" "../src/main.cc"
'Finished building: ../src/main.cc'
' '
'Building target: oled_sdk.elf'
'Invoking: ARM g++ linker'
arm-xilinx-eabi-g++ -Wl,-T -Wl,../src/lscript.ld -L../../oled_sdk_bsp/ps7_cortexa9_0/lib -o "oled_sdk.elf"  ./src/main.o   -Wl,--start-group,-lxil,-lgcc,-lc,-lstdc++,--end-group
'Finished building target: oled_sdk.elf'
' '
'Invoking: ARM Print Size'
arm-xilinx-eabi-size oled_sdk.elf  |tee "oled_sdk.elf.size"
   text	   data	    bss	    dec	    hex	filename
  36008	   2160	  29876	  68044	  109cc	oled_sdk.elf
'Finished building: oled_sdk.elf.size'
' '
12:39:45 **** Incremental Build of configuration Debug for project oled_sdk ****
make all 
make: Nothing to be done for `all'.
12:39:56 **** Auto Build of configuration Debug for project oled_sdk ****
make all 
'Building file: ../src/main.cc'
'Invoking: ARM g++ compiler'
arm-xilinx-eabi-g++ -Wall -O0 -g3 -c -fmessage-length=0 -I../../oled_sdk_bsp/ps7_cortexa9_0/include -MMD -MP -MF"src/main.d" -MT"src/main.d" -o "src/main.o" "../src/main.cc"
'Finished building: ../src/main.cc'
' '
'Building target: oled_sdk.elf'
'Invoking: ARM g++ linker'
arm-xilinx-eabi-g++ -Wl,-T -Wl,../src/lscript.ld -L../../oled_sdk_bsp/ps7_cortexa9_0/lib -o "oled_sdk.elf"  ./src/main.o   -Wl,--start-group,-lxil,-lgcc,-lc,-lstdc++,--end-group
'Finished building target: oled_sdk.elf'
' '
'Invoking: ARM Print Size'
arm-xilinx-eabi-size oled_sdk.elf  |tee "oled_sdk.elf.size"
   text	   data	    bss	    dec	    hex	filename
  36008	   2160	  29876	  68044	  109cc	oled_sdk.elf
'Finished building: oled_sdk.elf.size'
' '
12:39:58 **** Incremental Build of configuration Debug for project oled_sdk ****
make all 
make: Nothing to be done for `all'.
12:40:23 **** Auto Build of configuration Debug for project oled_sdk ****
make all 
'Building file: ../src/main.cc'
'Invoking: ARM g++ compiler'
arm-xilinx-eabi-g++ -Wall -O0 -g3 -c -fmessage-length=0 -I../../oled_sdk_bsp/ps7_cortexa9_0/include -MMD -MP -MF"src/main.d" -MT"src/main.d" -o "src/main.o" "../src/main.cc"
'Finished building: ../src/main.cc'
' '
'Building target: oled_sdk.elf'
'Invoking: ARM g++ linker'
arm-xilinx-eabi-g++ -Wl,-T -Wl,../src/lscript.ld -L../../oled_sdk_bsp/ps7_cortexa9_0/lib -o "oled_sdk.elf"  ./src/main.o   -Wl,--start-group,-lxil,-lgcc,-lc,-lstdc++,--end-group
'Finished building target: oled_sdk.elf'
' '
'Invoking: ARM Print Size'
arm-xilinx-eabi-size oled_sdk.elf  |tee "oled_sdk.elf.size"
   text	   data	    bss	    dec	    hex	filename
  36040	   2160	  29876	  68076	  109ec	oled_sdk.elf
'Finished building: oled_sdk.elf.size'
' '
12:40:25 **** Incremental Build of configuration Debug for project oled_sdk ****
make all 
make: Nothing to be done for `all'.
12:42:24 **** Auto Build of configuration Debug for project oled_sdk ****
make all 
'Building file: ../src/main.cc'
'Invoking: ARM g++ compiler'
arm-xilinx-eabi-g++ -Wall -O0 -g3 -c -fmessage-length=0 -I../../oled_sdk_bsp/ps7_cortexa9_0/include -MMD -MP -MF"src/main.d" -MT"src/main.d" -o "src/main.o" "../src/main.cc"
../src/main.cc: In function 'int main()':
../src/main.cc:66:70: error: too few arguments to function 'void outnum(long int, long int, params_s*)'
In file included from ../../oled_sdk_bsp/ps7_cortexa9_0/include/xil_io.h:74:0,
                 from ../../oled_sdk_bsp/ps7_cortexa9_0/include/xgpio_l.h:93,
                 from ../../oled_sdk_bsp/ps7_cortexa9_0/include/xgpio.h:126,
                 from ../src/main.cc:6:
../../oled_sdk_bsp/ps7_cortexa9_0/include/xil_printf.h:36:6: note: declared here
make: *** [src/main.o] Error 1
12:42:27 **** Auto Build of configuration Debug for project oled_sdk ****
make all 
'Building file: ../src/main.cc'
'Invoking: ARM g++ compiler'
arm-xilinx-eabi-g++ -Wall -O0 -g3 -c -fmessage-length=0 -I../../oled_sdk_bsp/ps7_cortexa9_0/include -MMD -MP -MF"src/main.d" -MT"src/main.d" -o "src/main.o" "../src/main.cc"
../src/main.cc: In function 'int main()':
../src/main.cc:66:72: error: expected primary-expression before ')' token
make: *** [src/main.o] Error 1
12:43:22 **** Auto Build of configuration Debug for project oled_sdk ****
make all 
'Building file: ../src/main.cc'
'Invoking: ARM g++ compiler'
arm-xilinx-eabi-g++ -Wall -O0 -g3 -c -fmessage-length=0 -I../../oled_sdk_bsp/ps7_cortexa9_0/include -MMD -MP -MF"src/main.d" -MT"src/main.d" -o "src/main.o" "../src/main.cc"
'Finished building: ../src/main.cc'
' '
'Building target: oled_sdk.elf'
'Invoking: ARM g++ linker'
arm-xilinx-eabi-g++ -Wl,-T -Wl,../src/lscript.ld -L../../oled_sdk_bsp/ps7_cortexa9_0/lib -o "oled_sdk.elf"  ./src/main.o   -Wl,--start-group,-lxil,-lgcc,-lc,-lstdc++,--end-group
'Finished building target: oled_sdk.elf'
' '
'Invoking: ARM Print Size'
arm-xilinx-eabi-size oled_sdk.elf  |tee "oled_sdk.elf.size"
   text	   data	    bss	    dec	    hex	filename
  36036	   2160	  29876	  68072	  109e8	oled_sdk.elf
'Finished building: oled_sdk.elf.size'
' '
12:43:25 **** Incremental Build of configuration Debug for project oled_sdk ****
make all 
make: Nothing to be done for `all'.
12:44:00 **** Auto Build of configuration Debug for project oled_sdk ****
make all 
'Building file: ../src/main.cc'
'Invoking: ARM g++ compiler'
arm-xilinx-eabi-g++ -Wall -O0 -g3 -c -fmessage-length=0 -I../../oled_sdk_bsp/ps7_cortexa9_0/include -MMD -MP -MF"src/main.d" -MT"src/main.d" -o "src/main.o" "../src/main.cc"
'Finished building: ../src/main.cc'
' '
'Building target: oled_sdk.elf'
'Invoking: ARM g++ linker'
arm-xilinx-eabi-g++ -Wl,-T -Wl,../src/lscript.ld -L../../oled_sdk_bsp/ps7_cortexa9_0/lib -o "oled_sdk.elf"  ./src/main.o   -Wl,--start-group,-lxil,-lgcc,-lc,-lstdc++,--end-group
'Finished building target: oled_sdk.elf'
' '
'Invoking: ARM Print Size'
arm-xilinx-eabi-size oled_sdk.elf  |tee "oled_sdk.elf.size"
   text	   data	    bss	    dec	    hex	filename
  36044	   2160	  29876	  68080	  109f0	oled_sdk.elf
'Finished building: oled_sdk.elf.size'
' '
12:44:02 **** Incremental Build of configuration Debug for project oled_sdk ****
make all 
make: Nothing to be done for `all'.
12:44:32 **** Auto Build of configuration Debug for project oled_sdk ****
make all 
'Building file: ../src/main.cc'
'Invoking: ARM g++ compiler'
arm-xilinx-eabi-g++ -Wall -O0 -g3 -c -fmessage-length=0 -I../../oled_sdk_bsp/ps7_cortexa9_0/include -MMD -MP -MF"src/main.d" -MT"src/main.d" -o "src/main.o" "../src/main.cc"
../src/main.cc: In function 'int main()':
../src/main.cc:66:6: warning: unused variable 'temp' [-Wunused-variable]
'Finished building: ../src/main.cc'
' '
'Building target: oled_sdk.elf'
'Invoking: ARM g++ linker'
arm-xilinx-eabi-g++ -Wl,-T -Wl,../src/lscript.ld -L../../oled_sdk_bsp/ps7_cortexa9_0/lib -o "oled_sdk.elf"  ./src/main.o   -Wl,--start-group,-lxil,-lgcc,-lc,-lstdc++,--end-group
'Finished building target: oled_sdk.elf'
' '
'Invoking: ARM Print Size'
arm-xilinx-eabi-size oled_sdk.elf  |tee "oled_sdk.elf.size"
   text	   data	    bss	    dec	    hex	filename
  35968	   2160	  29876	  68004	  109a4	oled_sdk.elf
'Finished building: oled_sdk.elf.size'
' '
12:44:54 **** Auto Build of configuration Debug for project oled_sdk ****
make all 
'Building file: ../src/main.cc'
'Invoking: ARM g++ compiler'
arm-xilinx-eabi-g++ -Wall -O0 -g3 -c -fmessage-length=0 -I../../oled_sdk_bsp/ps7_cortexa9_0/include -MMD -MP -MF"src/main.d" -MT"src/main.d" -o "src/main.o" "../src/main.cc"
'Finished building: ../src/main.cc'
' '
'Building target: oled_sdk.elf'
'Invoking: ARM g++ linker'
arm-xilinx-eabi-g++ -Wl,-T -Wl,../src/lscript.ld -L../../oled_sdk_bsp/ps7_cortexa9_0/lib -o "oled_sdk.elf"  ./src/main.o   -Wl,--start-group,-lxil,-lgcc,-lc,-lstdc++,--end-group
'Finished building target: oled_sdk.elf'
' '
'Invoking: ARM Print Size'
arm-xilinx-eabi-size oled_sdk.elf  |tee "oled_sdk.elf.size"
   text	   data	    bss	    dec	    hex	filename
  35988	   2160	  29876	  68024	  109b8	oled_sdk.elf
'Finished building: oled_sdk.elf.size'
' '
12:44:59 **** Incremental Build of configuration Debug for project oled_sdk ****
make all 
make: Nothing to be done for `all'.
12:55:42 **** Incremental Build of configuration Debug for project oled_sdk ****
make all 
make: Nothing to be done for `all'.
12:55:56 **** Auto Build of configuration Debug for project oled_sdk ****
make all 
'Building file: ../src/main.cc'
'Invoking: ARM g++ compiler'
arm-xilinx-eabi-g++ -Wall -O0 -g3 -c -fmessage-length=0 -I../../oled_sdk_bsp/ps7_cortexa9_0/include -MMD -MP -MF"src/main.d" -MT"src/main.d" -o "src/main.o" "../src/main.cc"
'Finished building: ../src/main.cc'
' '
'Building target: oled_sdk.elf'
'Invoking: ARM g++ linker'
arm-xilinx-eabi-g++ -Wl,-T -Wl,../src/lscript.ld -L../../oled_sdk_bsp/ps7_cortexa9_0/lib -o "oled_sdk.elf"  ./src/main.o   -Wl,--start-group,-lxil,-lgcc,-lc,-lstdc++,--end-group
'Finished building target: oled_sdk.elf'
' '
'Invoking: ARM Print Size'
arm-xilinx-eabi-size oled_sdk.elf  |tee "oled_sdk.elf.size"
   text	   data	    bss	    dec	    hex	filename
  35948	   2160	  29876	  67984	  10990	oled_sdk.elf
'Finished building: oled_sdk.elf.size'
' '
12:55:58 **** Incremental Build of configuration Debug for project oled_sdk ****
make all 
make: Nothing to be done for `all'.
12:57:13 **** Auto Build of configuration Debug for project oled_sdk ****
make all 
'Building file: ../src/main.cc'
'Invoking: ARM g++ compiler'
arm-xilinx-eabi-g++ -Wall -O0 -g3 -c -fmessage-length=0 -I../../oled_sdk_bsp/ps7_cortexa9_0/include -MMD -MP -MF"src/main.d" -MT"src/main.d" -o "src/main.o" "../src/main.cc"
'Finished building: ../src/main.cc'
' '
'Building target: oled_sdk.elf'
'Invoking: ARM g++ linker'
arm-xilinx-eabi-g++ -Wl,-T -Wl,../src/lscript.ld -L../../oled_sdk_bsp/ps7_cortexa9_0/lib -o "oled_sdk.elf"  ./src/main.o   -Wl,--start-group,-lxil,-lgcc,-lc,-lstdc++,--end-group
'Finished building target: oled_sdk.elf'
' '
'Invoking: ARM Print Size'
arm-xilinx-eabi-size oled_sdk.elf  |tee "oled_sdk.elf.size"
   text	   data	    bss	    dec	    hex	filename
  35948	   2160	  29876	  67984	  10990	oled_sdk.elf
'Finished building: oled_sdk.elf.size'
' '
13:00:23 **** Auto Build of configuration Debug for project oled_sdk ****
make all 
'Building file: ../src/main.cc'
'Invoking: ARM g++ compiler'
arm-xilinx-eabi-g++ -Wall -O0 -g3 -c -fmessage-length=0 -I../../oled_sdk_bsp/ps7_cortexa9_0/include -MMD -MP -MF"src/main.d" -MT"src/main.d" -o "src/main.o" "../src/main.cc"
'Finished building: ../src/main.cc'
' '
'Building target: oled_sdk.elf'
'Invoking: ARM g++ linker'
arm-xilinx-eabi-g++ -Wl,-T -Wl,../src/lscript.ld -L../../oled_sdk_bsp/ps7_cortexa9_0/lib -o "oled_sdk.elf"  ./src/main.o   -Wl,--start-group,-lxil,-lgcc,-lc,-lstdc++,--end-group
'Finished building target: oled_sdk.elf'
' '
'Invoking: ARM Print Size'
arm-xilinx-eabi-size oled_sdk.elf  |tee "oled_sdk.elf.size"
   text	   data	    bss	    dec	    hex	filename
  35620	   2160	  29876	  67656	  10848	oled_sdk.elf
'Finished building: oled_sdk.elf.size'
' '
13:00:26 **** Incremental Build of configuration Debug for project oled_sdk ****
make all 
make: Nothing to be done for `all'.
13:00:43 **** Auto Build of configuration Debug for project oled_sdk ****
make all 
'Building file: ../src/main.cc'
'Invoking: ARM g++ compiler'
arm-xilinx-eabi-g++ -Wall -O0 -g3 -c -fmessage-length=0 -I../../oled_sdk_bsp/ps7_cortexa9_0/include -MMD -MP -MF"src/main.d" -MT"src/main.d" -o "src/main.o" "../src/main.cc"
'Finished building: ../src/main.cc'
' '
'Building target: oled_sdk.elf'
'Invoking: ARM g++ linker'
arm-xilinx-eabi-g++ -Wl,-T -Wl,../src/lscript.ld -L../../oled_sdk_bsp/ps7_cortexa9_0/lib -o "oled_sdk.elf"  ./src/main.o   -Wl,--start-group,-lxil,-lgcc,-lc,-lstdc++,--end-group
[...]
../src/main.cc: In function 'int main()':
../src/main.cc:147:16: error: expected initializer before '*' token
../src/main.cc:148:17: error: 'column' was not declared in this scope
../src/main.cc:148:40: error: expected ';' before ')' token
../src/main.cc:149:6: error: invalid type argument of unary '*' (have 'int')
../src/main.cc:146:8: warning: unused variable 'row' [-Wunused-variable]
../src/main.cc: In function 'char* munchingsquares(int)':
../src/main.cc:168:1: warning: no return statement in function returning non-void [-Wreturn-type]
make: *** [src/main.o] Error 1
14:23:04 **** Auto Build of configuration Debug for project oled_sdk ****
make all 
'Building file: ../src/main.cc'
'Invoking: ARM g++ compiler'
arm-xilinx-eabi-g++ -Wall -O0 -g3 -c -fmessage-length=0 -I../../oled_sdk_bsp/ps7_cortexa9_0/include -MMD -MP -MF"src/main.d" -MT"src/main.d" -o "src/main.o" "../src/main.cc"
../src/main.cc: In function 'int main()':
../src/main.cc:147:7: warning: extended initializer lists only available with -std=c++11 or -std=gnu++11 [enabled by default]
../src/main.cc:147:16: error: expected ',' or ';' before '*' token
../src/main.cc:148:40: error: expected ';' before ')' token
../src/main.cc:149:6: error: invalid type argument of unary '*' (have 'int')
../src/main.cc:146:8: warning: unused variable 'row' [-Wunused-variable]
../src/main.cc: In function 'char* munchingsquares(int)':
../src/main.cc:168:1: warning: no return statement in function returning non-void [-Wreturn-type]
make: *** [src/main.o] Error 1
14:23:20 **** Auto Build of configuration Debug for project oled_sdk ****
make all 
'Building file: ../src/main.cc'
'Invoking: ARM g++ compiler'
arm-xilinx-eabi-g++ -Wall -O0 -g3 -c -fmessage-length=0 -I../../oled_sdk_bsp/ps7_cortexa9_0/include -MMD -MP -MF"src/main.d" -MT"src/main.d" -o "src/main.o" "../src/main.cc"
../src/main.cc: In function 'int main()':
../src/main.cc:147:28: warning: extended initializer lists only available with -std=c++11 or -std=gnu++11 [enabled by default]
../src/main.cc:147:31: error: invalid conversion from 'char*' to 'u8* {aka unsigned char*}' [-fpermissive]
../src/main.cc:148:17: error: invalid conversion from 'u8* {aka unsigned char*}' to 'int' [-fpermissive]
../src/main.cc:148:38: error: ISO C++ forbids comparison between pointer and integer [-fpermissive]
../src/main.cc:148:40: error: expected ';' before ')' token
../src/main.cc:149:6: error: invalid type argument of unary '*' (have 'int')
../src/main.cc:151:27: error: invalid conversion from 'u8* {aka unsigned char*}' to 'u8 {aka unsigned char}' [-fpermissive]
../src/main.cc:80:6: error:   initializing argument 1 of 'void spi_write(u8, bool)' [-fpermissive]
../src/main.cc:152:29: error: invalid conversion from 'u8* {aka unsigned char*}' to 'u8 {aka unsigned char}' [-fpermissive]
../src/main.cc:80:6: error:   initializing argument 1 of 'void spi_write(u8, bool)' [-fpermissive]
../src/main.cc:146:8: warning: unused variable 'row' [-Wunused-variable]
../src/main.cc: In function 'char* munchingsquares(int)':
../src/main.cc:168:1: warning: no return statement in function returning non-void [-Wreturn-type]
make: *** [src/main.o] Error 1
14:23:31 **** Auto Build of configuration Debug for project oled_sdk ****
make all 
'Building file: ../src/main.cc'
'Invoking: ARM g++ compiler'
arm-xilinx-eabi-g++ -Wall -O0 -g3 -c -fmessage-length=0 -I../../oled_sdk_bsp/ps7_cortexa9_0/include -MMD -MP -MF"src/main.d" -MT"src/main.d" -o "src/main.o" "../src/main.cc"
../src/main.cc: In function 'int main()':
../src/main.cc:147:26: warning: extended initializer lists only available with -std=c++11 or -std=gnu++11 [enabled by default]
../src/main.cc:148:17: error: invalid conversion from 'u8* {aka unsigned char*}' to 'int' [-fpermissive]
../src/main.cc:148:38: error: ISO C++ forbids comparison between pointer and integer [-fpermissive]
../src/main.cc:148:40: error: expected ';' before ')' token
../src/main.cc:149:6: error: invalid type argument of unary '*' (have 'int')
../src/main.cc:151:27: error: invalid conversion from 'u8* {aka unsigned char*}' to 'u8 {aka unsigned char}' [-fpermissive]
../src/main.cc:80:6: error:   initializing argument 1 of 'void spi_write(u8, bool)' [-fpermissive]
../src/main.cc:152:29: error: invalid conversion from 'u8* {aka unsigned char*}' to 'u8 {aka unsigned char}' [-fpermissive]
../src/main.cc:80:6: error:   initializing argument 1 of 'void spi_write(u8, bool)' [-fpermissive]
../src/main.cc:146:8: warning: unused variable 'row' [-Wunused-variable]
../src/main.cc: In function 'char* munchingsquares(int)':
../src/main.cc:168:1: warning: no return statement in function returning non-void [-Wreturn-type]
make: *** [src/main.o] Error 1
14:23:42 **** Auto Build of configuration Debug for project oled_sdk ****
make all 
'Building file: ../src/main.cc'
'Invoking: ARM g++ compiler'
arm-xilinx-eabi-g++ -Wall -O0 -g3 -c -fmessage-length=0 -I../../oled_sdk_bsp/ps7_cortexa9_0/include -MMD -MP -MF"src/main.d" -MT"src/main.d" -o "src/main.o" "../src/main.cc"
../src/main.cc: In function 'int main()':
../src/main.cc:148:17: error: invalid conversion from 'u8* {aka unsigned char*}' to 'int' [-fpermissive]
../src/main.cc:148:38: error: ISO C++ forbids comparison between pointer and integer [-fpermissive]
../src/main.cc:148:40: error: expected ';' before ')' token
../src/main.cc:149:6: error: invalid type argument of unary '*' (have 'int')
../src/main.cc:151:27: error: invalid conversion from 'u8* {aka unsigned char*}' to 'u8 {aka unsigned char}' [-fpermissive]
../src/main.cc:80:6: error:   initializing argument 1 of 'void spi_write(u8, bool)' [-fpermissive]
../src/main.cc:152:29: error: invalid conversion from 'u8* {aka unsigned char*}' to 'u8 {aka unsigned char}' [-fpermissive]
../src/main.cc:80:6: error:   initializing argument 1 of 'void spi_write(u8, bool)' [-fpermissive]
../src/main.cc:146:8: warning: unused variable 'row' [-Wunused-variable]
../src/main.cc: In function 'char* munchingsquares(int)':
../src/main.cc:168:1: warning: no return statement in function returning non-void [-Wreturn-type]
make: *** [src/main.o] Error 1
14:23:58 **** Auto Build of configuration Debug for project oled_sdk ****
make all 
'Building file: ../src/main.cc'
'Invoking: ARM g++ compiler'
arm-xilinx-eabi-g++ -Wall -O0 -g3 -c -fmessage-length=0 -I../../oled_sdk_bsp/ps7_cortexa9_0/include -MMD -MP -MF"src/main.d" -MT"src/main.d" -o "src/main.o" "../src/main.cc"
../src/main.cc: In function 'int main()':
../src/main.cc:148:17: error: invalid conversion from 'u8* {aka unsigned char*}' to 'int' [-fpermissive]
../src/main.cc:148:38: error: ISO C++ forbids comparison between pointer and integer [-fpermissive]
../src/main.cc:149:6: error: invalid type argument of unary '*' (have 'int')
../src/main.cc:151:27: error: invalid conversion from 'u8* {aka unsigned char*}' to 'u8 {aka unsigned char}' [-fpermissive]
../src/main.cc:80:6: error:   initializing argument 1 of 'void spi_write(u8, bool)' [-fpermissive]
../src/main.cc:152:29: error: invalid conversion from 'u8* {aka unsigned char*}' to 'u8 {aka unsigned char}' [-fpermissive]
../src/main.cc:80:6: error:   initializing argument 1 of 'void spi_write(u8, bool)' [-fpermissive]
../src/main.cc:146:8: warning: unused variable 'row' [-Wunused-variable]
../src/main.cc: In function 'char* munchingsquares(int)':
../src/main.cc:168:1: warning: no return statement in function returning non-void [-Wreturn-type]
make: *** [src/main.o] Error 1
14:24:18 **** Auto Build of configuration Debug for project oled_sdk ****
make all 
'Building file: ../src/main.cc'
'Invoking: ARM g++ compiler'
arm-xilinx-eabi-g++ -Wall -O0 -g3 -c -fmessage-length=0 -I../../oled_sdk_bsp/ps7_cortexa9_0/include -MMD -MP -MF"src/main.d" -MT"src/main.d" -o "src/main.o" "../src/main.cc"
../src/main.cc: In function 'int main()':
../src/main.cc:151:27: error: invalid conversion from 'u8* {aka unsigned char*}' to 'u8 {aka unsigned char}' [-fpermissive]
../src/main.cc:80:6: error:   initializing argument 1 of 'void spi_write(u8, bool)' [-fpermissive]
../src/main.cc:152:29: error: invalid conversion from 'u8* {aka unsigned char*}' to 'u8 {aka unsigned char}' [-fpermissive]
../src/main.cc:80:6: error:   initializing argument 1 of 'void spi_write(u8, bool)' [-fpermissive]
../src/main.cc:146:8: warning: unused variable 'row' [-Wunused-variable]
../src/main.cc: In function 'char* munchingsquares(int)':
../src/main.cc:168:1: warning: no return statement in function returning non-void [-Wreturn-type]
make: *** [src/main.o] Error 1
14:27:25 **** Auto Build of configuration Debug for project oled_sdk ****
make all 
'Building file: ../src/main.cc'
'Invoking: ARM g++ compiler'
arm-xilinx-eabi-g++ -Wall -O0 -g3 -c -fmessage-length=0 -I../../oled_sdk_bsp/ps7_cortexa9_0/include -MMD -MP -MF"src/main.d" -MT"src/main.d" -o "src/main.o" "../src/main.cc"
../src/main.cc:166:1: error: expected initializer before 'void'
../src/main.cc: In function 'char* munchingsquares(int)':
../src/main.cc:172:1: warning: no return statement in function returning non-void [-Wreturn-type]
make: *** [src/main.o] Error 1
14:27:37 **** Auto Build of configuration Debug for project oled_sdk ****
make all 
'Building file: ../src/main.cc'
'Invoking: ARM g++ compiler'
arm-xilinx-eabi-g++ -Wall -O0 -g3 -c -fmessage-length=0 -I../../oled_sdk_bsp/ps7_cortexa9_0/include -MMD -MP -MF"src/main.d" -MT"src/main.d" -o "src/main.o" "../src/main.cc"
../src/main.cc: In function 'char* munchingsquares(int)':
../src/main.cc:174:1: warning: no return statement in function returning non-void [-Wreturn-type]
'Finished building: ../src/main.cc'
' '
'Building target: oled_sdk.elf'
'Invoking: ARM g++ linker'
arm-xilinx-eabi-g++ -Wl,-T -Wl,../src/lscript.ld -L../../oled_sdk_bsp/ps7_cortexa9_0/lib -o "oled_sdk.elf"  ./src/main.o   -Wl,--start-group,-lxil,-lgcc,-lc,-lstdc++,--end-group
'Finished building target: oled_sdk.elf'
' '
'Invoking: ARM Print Size'
arm-xilinx-eabi-size oled_sdk.elf  |tee "oled_sdk.elf.size"
   text	   data	    bss	    dec	    hex	filename
 113212	   2292	  32440	 147944	  241e8	oled_sdk.elf
'Finished building: oled_sdk.elf.size'
' '
14:27:39 **** Incremental Build of configuration Debug for project oled_sdk ****
make all 
make: Nothing to be done for `all'.
14:28:08 **** Auto Build of configuration Debug for project oled_sdk ****
make all 
'Building file: ../src/main.cc'
'Invoking: ARM g++ compiler'
arm-xilinx-eabi-g++ -Wall -O0 -g3 -c -fmessage-length=0 -I../../oled_sdk_bsp/ps7_cortexa9_0/include -MMD -MP -MF"src/main.d" -MT"src/main.d" -o "src/main.o" "../src/main.cc"
../src/main.cc: In function 'char* munchingsquares(int)':
../src/main.cc:174:1: warning: no return statement in function returning non-void [-Wreturn-type]
'Finished building: ../src/main.cc'
' '
'Building target: oled_sdk.elf'
'Invoking: ARM g++ linker'
arm-xilinx-eabi-g++ -Wl,-T -Wl,../src/lscript.ld -L../../oled_sdk_bsp/ps7_cortexa9_0/lib -o "oled_sdk.elf"  ./src/main.o   -Wl,--start-group,-lxil,-lgcc,-lc,-lstdc++,--end-group
'Finished building target: oled_sdk.elf'
' '
'Invoking: ARM Print Size'
arm-xilinx-eabi-size oled_sdk.elf  |tee "oled_sdk.elf.size"
   text	   data	    bss	    dec	    hex	filename
 113212	   2292	  32440	 147944	  241e8	oled_sdk.elf
'Finished building: oled_sdk.elf.size'
' '
14:28:12 **** Incremental Build of configuration Debug for project oled_sdk ****
make all 
make: Nothing to be done for `all'.
14:28:29 **** Auto Build of configuration Debug for project oled_sdk ****
make all 
'Building file: ../src/main.cc'
'Invoking: ARM g++ compiler'
arm-xilinx-eabi-g++ -Wall -O0 -g3 -c -fmessage-length=0 -I../../oled_sdk_bsp/ps7_cortexa9_0/include -MMD -MP -MF"src/main.d" -MT"src/main.d" -o "src/main.o" "../src/main.cc"
../src/main.cc: In function 'char* munchingsquares(int)':
../src/main.cc:174:1: warning: no return statement in function returning non-void [-Wreturn-type]
'Finished building: ../src/main.cc'
' '
'Building target: oled_sdk.elf'
'Invoking: ARM g++ linker'
arm-xilinx-eabi-g++ -Wl,-T -Wl,../src/lscript.ld -L../../oled_sdk_bsp/ps7_cortexa9_0/lib -o "oled_sdk.elf"  ./src/main.o   -Wl,--start-group,-lxil,-lgcc,-lc,-lstdc++,--end-group
'Finished building target: oled_sdk.elf'
' '
'Invoking: ARM Print Size'
arm-xilinx-eabi-size oled_sdk.elf  |tee "oled_sdk.elf.size"
   text	   data	    bss	    dec	    hex	filename
 113212	   2292	  32440	 147944	  241e8	oled_sdk.elf
'Finished building: oled_sdk.elf.size'
' '
14:28:32 **** Incremental Build of configuration Debug for project oled_sdk ****
make all 
make: Nothing to be done for `all'.
14:29:32 **** Auto Build of configuration Debug for project oled_sdk ****
make all 
'Building file: ../src/main.cc'
'Invoking: ARM g++ compiler'
arm-xilinx-eabi-g++ -Wall -O0 -g3 -c -fmessage-length=0 -I../../oled_sdk_bsp/ps7_cortexa9_0/include -MMD -MP -MF"src/main.d" -MT"src/main.d" -o "src/main.o" "../src/main.cc"
../src/main.cc: In function 'int main()':
../src/main.cc:133:5: warning: unused variable 'temp' [-Wunused-variable]
../src/main.cc: In function 'char* munchingsquares(int)':
../src/main.cc:174:1: warning: no return statement in function returning non-void [-Wreturn-type]
'Finished building: ../src/main.cc'
' '
'Building target: oled_sdk.elf'
'Invoking: ARM g++ linker'
arm-xilinx-eabi-g++ -Wl,-T -Wl,../src/lscript.ld -L../../oled_sdk_bsp/ps7_cortexa9_0/lib -o "oled_sdk.elf"  ./src/main.o   -Wl,--start-group,-lxil,-lgcc,-lc,-lstdc++,--end-group
'Finished building target: oled_sdk.elf'
' '
'Invoking: ARM Print Size'
arm-xilinx-eabi-size oled_sdk.elf  |tee "oled_sdk.elf.size"
   text	   data	    bss	    dec	    hex	filename
  34200	   2160	  29868	  66228	  102b4	oled_sdk.elf
'Finished building: oled_sdk.elf.size'
' '
14:29:43 **** Incremental Build of configuration Debug for project oled_sdk ****
make all 
make: Nothing to be done for `all'.
14:30:09 **** Auto Build of configuration Debug for project oled_sdk ****
make all 
'Building file: ../src/main.cc'
'Invoking: ARM g++ compiler'
arm-xilinx-eabi-g++ -Wall -O0 -g3 -c -fmessage-length=0 -I../../oled_sdk_bsp/ps7_cortexa9_0/include -MMD -MP -MF"src/main.d" -MT"src/main.d" -o "src/main.o" "../src/main.cc"
../src/main.cc: In function 'int main()':
../src/main.cc:133:5: warning: unused variable 'temp' [-Wunused-variable]
../src/main.cc: In function 'char* munchingsquares(int)':
../src/main.cc:174:1: warning: no return statement in function returning non-void [-Wreturn-type]
'Finished building: ../src/main.cc'
' '
'Building target: oled_sdk.elf'
'Invoking: ARM g++ linker'
arm-xilinx-eabi-g++ -Wl,-T -Wl,../src/lscript.ld -L../../oled_sdk_bsp/ps7_cortexa9_0/lib -o "oled_sdk.elf"  ./src/main.o   -Wl,--start-group,-lxil,-lgcc,-lc,-lstdc++,--end-group
'Finished building target: oled_sdk.elf'
' '
'Invoking: ARM Print Size'
arm-xilinx-eabi-size oled_sdk.elf  |tee "oled_sdk.elf.size"
   text	   data	    bss	    dec	    hex	filename
  34200	   2160	  29868	  66228	  102b4	oled_sdk.elf
'Finished building: oled_sdk.elf.size'
' '
14:30:11 **** Incremental Build of configuration Debug for project oled_sdk ****
make all 
make: Nothing to be done for `all'.
14:30:51 **** Auto Build of configuration Debug for project oled_sdk ****
make all 
'Building file: ../src/main.cc'
'Invoking: ARM g++ compiler'
arm-xilinx-eabi-g++ -Wall -O0 -g3 -c -fmessage-length=0 -I../../oled_sdk_bsp/ps7_cortexa9_0/include -MMD -MP -MF"src/main.d" -MT"src/main.d" -o "src/main.o" "../src/main.cc"
../src/main.cc: In function 'int main()':
../src/main.cc:133:5: warning: unused variable 'temp' [-Wunused-variable]
../src/main.cc: In function 'char* munchingsquares(int)':
../src/main.cc:174:1: warning: no return statement in function returning non-void [-Wreturn-type]
'Finished building: ../src/main.cc'
' '
'Building target: oled_sdk.elf'
'Invoking: ARM g++ linker'
arm-xilinx-eabi-g++ -Wl,-T -Wl,../src/lscript.ld -L../../oled_sdk_bsp/ps7_cortexa9_0/lib -o "oled_sdk.elf"  ./src/main.o   -Wl,--start-group,-lxil,-lgcc,-lc,-lstdc++,--end-group
'Finished building target: oled_sdk.elf'
' '
'Invoking: ARM Print Size'
arm-xilinx-eabi-size oled_sdk.elf  |tee "oled_sdk.elf.size"
   text	   data	    bss	    dec	    hex	filename
  34200	   2160	  29868	  66228	  102b4	oled_sdk.elf
'Finished building: oled_sdk.elf.size'
' '
14:30:54 **** Incremental Build of configuration Debug for project oled_sdk ****
make all 
make: Nothing to be done for `all'.
14:31:12 **** Auto Build of configuration Debug for project oled_sdk ****
make all 
'Building file: ../src/main.cc'
'Invoking: ARM g++ compiler'
arm-xilinx-eabi-g++ -Wall -O0 -g3 -c -fmessage-length=0 -I../../oled_sdk_bsp/ps7_cortexa9_0/include -MMD -MP -MF"src/main.d" -MT"src/main.d" -o "src/main.o" "../src/main.cc"
../src/main.cc: In function 'int main()':
../src/main.cc:133:5: warning: unused variable 'temp' [-Wunused-variable]
../src/main.cc: In function 'char* munchingsquares(int)':
../src/main.cc:174:1: warning: no return statement in function returning non-void [-Wreturn-type]
'Finished building: ../src/main.cc'
' '
'Building target: oled_sdk.elf'
'Invoking: ARM g++ linker'
arm-xilinx-eabi-g++ -Wl,-T -Wl,../src/lscript.ld -L../../oled_sdk_bsp/ps7_cortexa9_0/lib -o "oled_sdk.elf"  ./src/main.o   -Wl,--start-group,-lxil,-lgcc,-lc,-lstdc++,--end-group
'Finished building target: oled_sdk.elf'
' '
'Invoking: ARM Print Size'
arm-xilinx-eabi-size oled_sdk.elf  |tee "oled_sdk.elf.size"
   text	   data	    bss	    dec	    hex	filename
  34200	   2160	  29868	  66228	  102b4	oled_sdk.elf
'Finished building: oled_sdk.elf.size'
' '
14:31:14 **** Incremental Build of configuration Debug for project oled_sdk ****
make all 
make: Nothing to be done for `all'.
14:32:21 **** Auto Build of configuration Debug for project oled_sdk ****
make all 
'Building file: ../src/main.cc'
'Invoking: ARM g++ compiler'
arm-xilinx-eabi-g++ -Wall -O0 -g3 -c -fmessage-length=0 -I../../oled_sdk_bsp/ps7_cortexa9_0/include -MMD -MP -MF"src/main.d" -MT"src/main.d" -o "src/main.o" "../src/main.cc"
../src/main.cc: In function 'int main()':
../src/main.cc:133:5: warning: unused variable 'temp' [-Wunused-variable]
../src/main.cc: In function 'char* munchingsquares(int)':
../src/main.cc:154:1: warning: no return statement in function returning non-void [-Wreturn-type]
'Finished building: ../src/main.cc'
' '
'Building target: oled_sdk.elf'
'Invoking: ARM g++ linker'
arm-xilinx-eabi-g++ -Wl,-T -Wl,../src/lscript.ld -L../../oled_sdk_bsp/ps7_cortexa9_0/lib -o "oled_sdk.elf"  ./src/main.o   -Wl,--start-group,-lxil,-lgcc,-lc,-lstdc++,--end-group
'Finished building target: oled_sdk.elf'
' '
'Invoking: ARM Print Size'
arm-xilinx-eabi-size oled_sdk.elf  |tee "oled_sdk.elf.size"
   text	   data	    bss	    dec	    hex	filename
  34180	   2160	  29868	  66208	  102a0	oled_sdk.elf
'Finished building: oled_sdk.elf.size'
' '
14:32:24 **** Auto Build of configuration Debug for project oled_sdk ****
make all 
'Building file: ../src/main.cc'
'Invoking: ARM g++ compiler'
arm-xilinx-eabi-g++ -Wall -O0 -g3 -c -fmessage-length=0 -I../../oled_sdk_bsp/ps7_cortexa9_0/include -MMD -MP -MF"src/main.d" -MT"src/main.d" -o "src/main.o" "../src/main.cc"
../src/main.cc: In function 'char* munchingsquares(int)':
../src/main.cc:153:1: warning: no return statement in function returning non-void [-Wreturn-type]
'Finished building: ../src/main.cc'
' '
'Building target: oled_sdk.elf'
'Invoking: ARM g++ linker'
arm-xilinx-eabi-g++ -Wl,-T -Wl,../src/lscript.ld -L../../oled_sdk_bsp/ps7_cortexa9_0/lib -o "oled_sdk.elf"  ./src/main.o   -Wl,--start-group,-lxil,-lgcc,-lc,-lstdc++,--end-group
'Finished building target: oled_sdk.elf'
' '
'Invoking: ARM Print Size'
arm-xilinx-eabi-size oled_sdk.elf  |tee "oled_sdk.elf.size"
   text	   data	    bss	    dec	    hex	filename
  34172	   2160	  29868	  66200	  10298	oled_sdk.elf
'Finished building: oled_sdk.elf.size'
' '
