15:29:52 **** Incremental Build of configuration Debug for project test_c ****
make all 
'Building file: ../src/gpio.c'
'Invoking: ARM Linux gcc compiler'
arm-xilinx-linux-gnueabi-gcc -Wall -O0 -g3 -c -fmessage-length=0 -MMD -MP -MF"src/gpio.d" -MT"src/gpio.d" -o "src/gpio.o" "../src/gpio.c"
../src/gpio.c: In function 'gpio_init':
../src/gpio.c:37:94: error: 'MAP_SIZE' undeclared (first use in this function)
../src/gpio.c:37:94: note: each undeclared identifier is reported only once for each function it appears in
../src/gpio.c:52:2: warning: implicit declaration of function 'close' [-Wimplicit-function-declaration]
make: *** [src/gpio.o] Error 1
15:30:53 **** Auto Build of configuration Debug for project test_c ****
make all 
'Building file: ../src/gpio.c'
'Invoking: ARM Linux gcc compiler'
arm-xilinx-linux-gnueabi-gcc -Wall -O0 -g3 -c -fmessage-length=0 -MMD -MP -MF"src/gpio.d" -MT"src/gpio.d" -o "src/gpio.o" "../src/gpio.c"
../src/gpio.c: In function 'gpio_init':
../src/gpio.c:52:2: warning: implicit declaration of function 'close' [-Wimplicit-function-declaration]
'Finished building: ../src/gpio.c'
' '
'Building file: ../src/main.c'
'Invoking: ARM Linux gcc compiler'
arm-xilinx-linux-gnueabi-gcc -Wall -O0 -g3 -c -fmessage-length=0 -MMD -MP -MF"src/main.d" -MT"src/main.d" -o "src/main.o" "../src/main.c"
../src/main.c: In function 'main':
../src/main.c:190:2: warning: format '%d' expects argument of type 'int', but argument 2 has type 'long int' [-Wformat]
'Finished building: ../src/main.c'
' '
'Building file: ../src/spi.c'
'Invoking: ARM Linux gcc compiler'
arm-xilinx-linux-gnueabi-gcc -Wall -O0 -g3 -c -fmessage-length=0 -MMD -MP -MF"src/spi.d" -MT"src/spi.d" -o "src/spi.o" "../src/spi.c"
../src/spi.c: In function 'gpio_init':
../src/spi.c:21:10: error: 'GPIO_FAILURE' undeclared (first use in this function)
../src/spi.c:21:10: note: each undeclared identifier is reported only once for each function it appears in
../src/spi.c:23:2: error: 'gpio_created' undeclared (first use in this function)
../src/spi.c:25:19: error: 'GPIO_BASE_ADDRESS' undeclared (first use in this function)
../src/spi.c:37:24: error: 'MAP_SIZE' undeclared (first use in this function)
../src/spi.c:38:16: error: 'MAP_MASK' undeclared (first use in this function)
../src/spi.c:51:50: error: 'GPIO_DIRECTION_OFFSET' undeclared (first use in this function)
../src/spi.c:53:2: warning: implicit declaration of function 'close' [-Wimplicit-function-declaration]
../src/spi.c:55:9: error: 'GPIO_SUCCESS' undeclared (first use in this function)
../src/spi.c: In function 'gpio_write':
../src/spi.c:59:50: error: 'GPIO_DATA_OFFSET' undeclared (first use in this function)
../src/spi.c: In function 'gpio_read_out':
../src/spi.c:63:57: error: 'GPIO_DATA_OFFSET' undeclared (first use in this function)
../src/spi.c: In function 'gpio_close':
../src/spi.c:67:26: error: 'MAP_SIZE' undeclared (first use in this function)
../src/spi.c:69:10: error: 'GPIO_FAILURE' undeclared (first use in this function)
../src/spi.c:71:9: error: 'GPIO_SUCCESS' undeclared (first use in this function)
../src/spi.c:72:1: warning: control reaches end of non-void function [-Wreturn-type]
../src/spi.c: In function 'gpio_read_out':
../src/spi.c:64:1: warning: control reaches end of non-void function [-Wreturn-type]
../src/spi.c: In function 'gpio_init':
../src/spi.c:56:1: warning: control reaches end of non-void function [-Wreturn-type]
make: *** [src/spi.o] Error 1
15:31:06 **** Auto Build of configuration Debug for project test_c ****
make all 
'Building file: ../src/spi.c'
'Invoking: ARM Linux gcc compiler'
arm-xilinx-linux-gnueabi-gcc -Wall -O0 -g3 -c -fmessage-length=0 -MMD -MP -MF"src/spi.d" -MT"src/spi.d" -o "src/spi.o" "../src/spi.c"
../src/spi.c: In function 'gpio_init':
../src/spi.c:25:19: error: 'GPIO_BASE_ADDRESS' undeclared (first use in this function)
../src/spi.c:25:19: note: each undeclared identifier is reported only once for each function it appears in
../src/spi.c:30:10: error: 'GPIO_FAILURE' undeclared (first use in this function)
../src/spi.c:37:24: error: 'MAP_SIZE' undeclared (first use in this function)
../src/spi.c:38:16: error: 'MAP_MASK' undeclared (first use in this function)
../src/spi.c:51:50: error: 'GPIO_DIRECTION_OFFSET' undeclared (first use in this function)
../src/spi.c:53:2: warning: implicit declaration of function 'close' [-Wimplicit-function-declaration]
../src/spi.c:55:9: error: 'GPIO_SUCCESS' undeclared (first use in this function)
../src/spi.c: In function 'gpio_write':
../src/spi.c:59:50: error: 'GPIO_DATA_OFFSET' undeclared (first use in this function)
../src/spi.c: In function 'gpio_read_out':
../src/spi.c:63:57: error: 'GPIO_DATA_OFFSET' undeclared (first use in this function)
../src/spi.c: In function 'gpio_close':
../src/spi.c:67:26: error: 'MAP_SIZE' undeclared (first use in this function)
../src/spi.c:69:10: error: 'GPIO_FAILURE' undeclared (first use in this function)
../src/spi.c:71:9: error: 'GPIO_SUCCESS' undeclared (first use in this function)
../src/spi.c:72:1: warning: control reaches end of non-void function [-Wreturn-type]
../src/spi.c: In function 'gpio_read_out':
../src/spi.c:64:1: warning: control reaches end of non-void function [-Wreturn-type]
../src/spi.c: In function 'gpio_init':
../src/spi.c:56:1: warning: control reaches end of non-void function [-Wreturn-type]
make: *** [src/spi.o] Error 1
15:31:10 **** Auto Build of configuration Debug for project test_c ****
make all 
'Building file: ../src/spi.c'
'Invoking: ARM Linux gcc compiler'
arm-xilinx-linux-gnueabi-gcc -Wall -O0 -g3 -c -fmessage-length=0 -MMD -MP -MF"src/spi.d" -MT"src/spi.d" -o "src/spi.o" "../src/spi.c"
../src/spi.c: In function 'gpio_init':
../src/spi.c:30:10: error: 'GPIO_FAILURE' undeclared (first use in this function)
../src/spi.c:30:10: note: each undeclared identifier is reported only once for each function it appears in
../src/spi.c:37:24: error: 'MAP_SIZE' undeclared (first use in this function)
../src/spi.c:38:16: error: 'MAP_MASK' undeclared (first use in this function)
../src/spi.c:51:50: error: 'GPIO_DIRECTION_OFFSET' undeclared (first use in this function)
../src/spi.c:53:2: warning: implicit declaration of function 'close' [-Wimplicit-function-declaration]
../src/spi.c:55:9: error: 'GPIO_SUCCESS' undeclared (first use in this function)
../src/spi.c: In function 'gpio_write':
../src/spi.c:59:50: error: 'GPIO_DATA_OFFSET' undeclared (first use in this function)
../src/spi.c: In function 'gpio_read_out':
../src/spi.c:63:57: error: 'GPIO_DATA_OFFSET' undeclared (first use in this function)
../src/spi.c: In function 'gpio_close':
../src/spi.c:67:26: error: 'MAP_SIZE' undeclared (first use in this function)
../src/spi.c:69:10: error: 'GPIO_FAILURE' undeclared (first use in this function)
../src/spi.c:71:9: error: 'GPIO_SUCCESS' undeclared (first use in this function)
../src/spi.c:72:1: warning: control reaches end of non-void function [-Wreturn-type]
../src/spi.c: In function 'gpio_read_out':
../src/spi.c:64:1: warning: control reaches end of non-void function [-Wreturn-type]
../src/spi.c: In function 'gpio_init':
../src/spi.c:56:1: warning: control reaches end of non-void function [-Wreturn-type]
make: *** [src/spi.o] Error 1
15:31:15 **** Auto Build of configuration Debug for project test_c ****
make all 
'Building file: ../src/spi.c'
'Invoking: ARM Linux gcc compiler'
arm-xilinx-linux-gnueabi-gcc -Wall -O0 -g3 -c -fmessage-length=0 -MMD -MP -MF"src/spi.d" -MT"src/spi.d" -o "src/spi.o" "../src/spi.c"
../src/spi.c: In function 'gpio_init':
../src/spi.c:37:24: error: 'MAP_SIZE' undeclared (first use in this function)
../src/spi.c:37:24: note: each undeclared identifier is reported only once for each function it appears in
../src/spi.c:38:16: error: 'MAP_MASK' undeclared (first use in this function)
../src/spi.c:51:50: error: 'GPIO_DIRECTION_OFFSET' undeclared (first use in this function)
../src/spi.c:53:2: warning: implicit declaration of function 'close' [-Wimplicit-function-declaration]
../src/spi.c:55:9: error: 'GPIO_SUCCESS' undeclared (first use in this function)
../src/spi.c: In function 'gpio_write':
../src/spi.c:59:50: error: 'GPIO_DATA_OFFSET' undeclared (first use in this function)
../src/spi.c: In function 'gpio_read_out':
../src/spi.c:63:57: error: 'GPIO_DATA_OFFSET' undeclared (first use in this function)
../src/spi.c: In function 'gpio_close':
../src/spi.c:67:26: error: 'MAP_SIZE' undeclared (first use in this function)
../src/spi.c:69:10: error: 'GPIO_FAILURE' undeclared (first use in this function)
../src/spi.c:71:9: error: 'GPIO_SUCCESS' undeclared (first use in this function)
../src/spi.c:72:1: warning: control reaches end of non-void function [-Wreturn-type]
../src/spi.c: In function 'gpio_read_out':
../src/spi.c:64:1: warning: control reaches end of non-void function [-Wreturn-type]
../src/spi.c: In function 'gpio_init':
../src/spi.c:56:1: warning: control reaches end of non-void function [-Wreturn-type]
make: *** [src/spi.o] Error 1
15:31:24 **** Auto Build of configuration Debug for project test_c ****
make all 
'Building file: ../src/spi.c'
'Invoking: ARM Linux gcc compiler'
arm-xilinx-linux-gnueabi-gcc -Wall -O0 -g3 -c -fmessage-length=0 -MMD -MP -MF"src/spi.d" -MT"src/spi.d" -o "src/spi.o" "../src/spi.c"
../src/spi.c: In function 'gpio_init':
../src/spi.c:38:16: error: 'MAP_MASK' undeclared (first use in this function)
../src/spi.c:38:16: note: each undeclared identifier is reported only once for each function it appears in
../src/spi.c:51:50: error: 'GPIO_DIRECTION_OFFSET' undeclared (first use in this function)
../src/spi.c:53:2: warning: implicit declaration of function 'close' [-Wimplicit-function-declaration]
../src/spi.c:55:9: error: 'GPIO_SUCCESS' undeclared (first use in this function)
../src/spi.c: In function 'gpio_write':
../src/spi.c:59:50: error: 'GPIO_DATA_OFFSET' undeclared (first use in this function)
../src/spi.c: In function 'gpio_read_out':
../src/spi.c:63:57: error: 'GPIO_DATA_OFFSET' undeclared (first use in this function)
../src/spi.c: In function 'gpio_close':
../src/spi.c:67:26: error: 'MAP_SIZE' undeclared (first use in this function)
../src/spi.c:69:10: error: 'GPIO_FAILURE' undeclared (first use in this function)
../src/spi.c:71:9: error: 'GPIO_SUCCESS' undeclared (first use in this function)
../src/spi.c:72:1: warning: control reaches end of non-void function [-Wreturn-type]
../src/spi.c: In function 'gpio_read_out':
../src/spi.c:64:1: warning: control reaches end of non-void function [-Wreturn-type]
../src/spi.c: In function 'gpio_init':
../src/spi.c:56:1: warning: control reaches end of non-void function [-Wreturn-type]
make: *** [src/spi.o] Error 1
15:31:28 **** Auto Build of configuration Debug for project test_c ****
make all 
'Building file: ../src/spi.c'
'Invoking: ARM Linux gcc compiler'
arm-xilinx-linux-gnueabi-gcc -Wall -O0 -g3 -c -fmessage-length=0 -MMD -MP -MF"src/spi.d" -MT"src/spi.d" -o "src/spi.o" "../src/spi.c"
../src/spi.c: In function 'gpio_init':
../src/spi.c:38:16: error: 'MAP_SIZE' undeclared (first use in this function)
../src/spi.c:38:16: note: each undeclared identifier is reported only once for each function it appears in
../src/spi.c:48:46: error: 'MAP_MASK' undeclared (first use in this function)
../src/spi.c:51:50: error: 'GPIO_DIRECTION_OFFSET' undeclared (first use in this function)
../src/spi.c:53:2: warning: implicit declaration of function 'close' [-Wimplicit-function-declaration]
../src/spi.c:55:9: error: 'GPIO_SUCCESS' undeclared (first use in this function)
../src/spi.c: In function 'gpio_write':
../src/spi.c:59:50: error: 'GPIO_DATA_OFFSET' undeclared (first use in this function)
../src/spi.c: In function 'gpio_read_out':
../src/spi.c:63:57: error: 'GPIO_DATA_OFFSET' undeclared (first use in this function)
../src/spi.c: In function 'gpio_close':
../src/spi.c:67:26: error: 'MAP_SIZE' undeclared (first use in this function)
../src/spi.c:69:10: error: 'GPIO_FAILURE' undeclared (first use in this function)
../src/spi.c:71:9: error: 'GPIO_SUCCESS' undeclared (first use in this function)
../src/spi.c:72:1: warning: control reaches end of non-void function [-Wreturn-type]
../src/spi.c: In function 'gpio_read_out':
../src/spi.c:64:1: warning: control reaches end of non-void function [-Wreturn-type]
../src/spi.c: In function 'gpio_init':
../src/spi.c:56:1: warning: control reaches end of non-void function [-Wreturn-type]
make: *** [src/spi.o] Error 1
15:31:41 **** Auto Build of configuration Debug for project test_c ****
make all 
'Building file: ../src/spi.c'
'Invoking: ARM Linux gcc compiler'
arm-xilinx-linux-gnueabi-gcc -Wall -O0 -g3 -c -fmessage-length=0 -MMD -MP -MF"src/spi.d" -MT"src/spi.d" -o "src/spi.o" "../src/spi.c"
../src/spi.c: In function 'gpio_init':
../src/spi.c:48:46: error: 'MAP_MASK' undeclared (first use in this function)
../src/spi.c:48:46: note: each undeclared identifier is reported only once for each function it appears in
../src/spi.c:51:50: error: 'GPIO_DIRECTION_OFFSET' undeclared (first use in this function)
../src/spi.c:53:2: warning: implicit declaration of function 'close' [-Wimplicit-function-declaration]
../src/spi.c:55:9: error: 'GPIO_SUCCESS' undeclared (first use in this function)
../src/spi.c: In function 'gpio_write':
../src/spi.c:59:50: error: 'GPIO_DATA_OFFSET' undeclared (first use in this function)
../src/spi.c: In function 'gpio_read_out':
../src/spi.c:63:57: error: 'GPIO_DATA_OFFSET' undeclared (first use in this function)
../src/spi.c: In function 'gpio_close':
../src/spi.c:67:26: error: 'MAP_SIZE' undeclared (first use in this function)
../src/spi.c:69:10: error: 'GPIO_FAILURE' undeclared (first use in this function)
../src/spi.c:71:9: error: 'GPIO_SUCCESS' undeclared (first use in this function)
../src/spi.c:72:1: warning: control reaches end of non-void function [-Wreturn-type]
../src/spi.c: In function 'gpio_read_out':
../src/spi.c:64:1: warning: control reaches end of non-void function [-Wreturn-type]
../src/spi.c: In function 'gpio_init':
../src/spi.c:56:1: warning: control reaches end of non-void function [-Wreturn-type]
make: *** [src/spi.o] Error 1
15:31:50 **** Auto Build of configuration Debug for project test_c ****
make all 
'Building file: ../src/spi.c'
'Invoking: ARM Linux gcc compiler'
arm-xilinx-linux-gnueabi-gcc -Wall -O0 -g3 -c -fmessage-length=0 -MMD -MP -MF"src/spi.d" -MT"src/spi.d" -o "src/spi.o" "../src/spi.c"
../src/spi.c: In function 'gpio_init':
../src/spi.c:51:50: error: 'GPIO_DIRECTION_OFFSET' undeclared (first use in this function)
../src/spi.c:51:50: note: each undeclared identifier is reported only once for each function it appears in
../src/spi.c:53:2: warning: implicit declaration of function 'close' [-Wimplicit-function-declaration]
../src/spi.c:55:9: error: 'GPIO_SUCCESS' undeclared (first use in this function)
../src/spi.c: In function 'gpio_write':
../src/spi.c:59:50: error: 'GPIO_DATA_OFFSET' undeclared (first use in this function)
../src/spi.c: In function 'gpio_read_out':
../src/spi.c:63:57: error: 'GPIO_DATA_OFFSET' undeclared (first use in this function)
../src/spi.c: In function 'gpio_close':
../src/spi.c:67:26: error: 'MAP_SIZE' undeclared (first use in this function)
../src/spi.c:69:10: error: 'GPIO_FAILURE' undeclared (first use in this function)
../src/spi.c:71:9: error: 'GPIO_SUCCESS' undeclared (first use in this function)
../src/spi.c:72:1: warning: control reaches end of non-void function [-Wreturn-type]
../src/spi.c: In function 'gpio_read_out':
../src/spi.c:64:1: warning: control reaches end of non-void function [-Wreturn-type]
../src/spi.c: In function 'gpio_init':
../src/spi.c:56:1: warning: control reaches end of non-void function [-Wreturn-type]
make: *** [src/spi.o] Error 1
15:32:07 **** Auto Build of configuration Debug for project test_c ****
make all 
'Building file: ../src/spi.c'
'Invoking: ARM Linux gcc compiler'
arm-xilinx-linux-gnueabi-gcc -Wall -O0 -g3 -c -fmessage-length=0 -MMD -MP -MF"src/spi.d" -MT"src/spi.d" -o "src/spi.o" "../src/spi.c"
../src/spi.c: In function 'gpio_init':
../src/spi.c:51:50: error: 'GPIO_DIRECTION_OFFSET' undeclared (first use in this function)
../src/spi.c:51:50: note: each undeclared identifier is reported only once for each function it appears in
../src/spi.c:53:2: warning: implicit declaration of function 'close' [-Wimplicit-function-declaration]
../src/spi.c:55:9: error: 'GPIO_SUCCESS' undeclared (first use in this function)
../src/spi.c: In function 'gpio_write':
../src/spi.c:59:50: error: 'GPIO_DATA_OFFSET' undeclared (first use in this function)
../src/spi.c: In function 'gpio_read_out':
../src/spi.c:63:57: error: 'GPIO_DATA_OFFSET' undeclared (first use in this function)
../src/spi.c: In function 'gpio_close':
../src/spi.c:67:26: error: 'MAP_SIZE' undeclared (first use in this function)
../src/spi.c:69:10: error: 'GPIO_FAILURE' undeclared (first use in this function)
../src/spi.c:71:9: error: 'GPIO_SUCCESS' undeclared (first use in this function)
../src/spi.c:72:1: warning: control reaches end of non-void function [-Wreturn-type]
../src/spi.c: In function 'gpio_read_out':
../src/spi.c:64:1: warning: control reaches end of non-void function [-Wreturn-type]
../src/spi.c: In function 'gpio_init':
../src/spi.c:56:1: warning: control reaches end of non-void function [-Wreturn-type]
make: *** [src/spi.o] Error 1
15:32:11 **** Auto Build of configuration Debug for project test_c ****
make all 
'Building file: ../src/spi.c'
'Invoking: ARM Linux gcc compiler'
arm-xilinx-linux-gnueabi-gcc -Wall -O0 -g3 -c -fmessage-length=0 -MMD -MP -MF"src/spi.d" -MT"src/spi.d" -o "src/spi.o" "../src/spi.c"
../src/spi.c: In function 'gpio_init':
../src/spi.c:53:2: warning: implicit declaration of function 'close' [-Wimplicit-function-declaration]
../src/spi.c:55:9: error: 'GPIO_SUCCESS' undeclared (first use in this function)
../src/spi.c:55:9: note: each undeclared identifier is reported only once for each function it appears in
../src/spi.c: In function 'gpio_write':
../src/spi.c:59:50: error: 'GPIO_DATA_OFFSET' undeclared (first use in this function)
../src/spi.c: In function 'gpio_read_out':
../src/spi.c:63:57: error: 'GPIO_DATA_OFFSET' undeclared (first use in this function)
../src/spi.c: In function 'gpio_close':
../src/spi.c:67:26: error: 'MAP_SIZE' undeclared (first use in this function)
../src/spi.c:69:10: error: 'GPIO_FAILURE' undeclared (first use in this function)
../src/spi.c:71:9: error: 'GPIO_SUCCESS' undeclared (first use in this function)
../src/spi.c:72:1: warning: control reaches end of non-void function [-Wreturn-type]
../src/spi.c: In function 'gpio_read_out':
../src/spi.c:64:1: warning: control reaches end of non-void function [-Wreturn-type]
../src/spi.c: In function 'gpio_init':
../src/spi.c:56:1: warning: control reaches end of non-void function [-Wreturn-type]
make: *** [src/spi.o] Error 1
15:32:15 **** Auto Build of configuration Debug for project test_c ****
make all 
'Building file: ../src/spi.c'
'Invoking: ARM Linux gcc compiler'
arm-xilinx-linux-gnueabi-gcc -Wall -O0 -g3 -c -fmessage-length=0 -MMD -MP -MF"src/spi.d" -MT"src/spi.d" -o "src/spi.o" "../src/spi.c"
../src/spi.c: In function 'gpio_init':
../src/spi.c:53:2: warning: implicit declaration of function 'close' [-Wimplicit-function-declaration]
../src/spi.c: In function 'gpio_write':
../src/spi.c:59:50: error: 'GPIO_DATA_OFFSET' undeclared (first use in this function)
../src/spi.c:59:50: note: each undeclared identifier is reported only once for each function it appears in
../src/spi.c: In function 'gpio_read_out':
../src/spi.c:63:57: error: 'GPIO_DATA_OFFSET' undeclared (first use in this function)
../src/spi.c: In function 'gpio_close':
../src/spi.c:67:26: error: 'MAP_SIZE' undeclared (first use in this function)
../src/spi.c:69:10: error: 'GPIO_FAILURE' undeclared (first use in this function)
../src/spi.c:71:9: error: 'GPIO_SUCCESS' undeclared (first use in this function)
../src/spi.c:72:1: warning: control reaches end of non-void function [-Wreturn-type]
../src/spi.c: In function 'gpio_read_out':
../src/spi.c:64:1: warning: control reaches end of non-void function [-Wreturn-type]
make: *** [src/spi.o] Error 1
15:32:19 **** Auto Build of configuration Debug for project test_c ****
make all 
'Building file: ../src/spi.c'
'Invoking: ARM Linux gcc compiler'
arm-xilinx-linux-gnueabi-gcc -Wall -O0 -g3 -c -fmessage-length=0 -MMD -MP -MF"src/spi.d" -MT"src/spi.d" -o "src/spi.o" "../src/spi.c"
../src/spi.c: In function 'gpio_init':
../src/spi.c:53:2: warning: implicit declaration of function 'close' [-Wimplicit-function-declaration]
../src/spi.c: In function 'gpio_write':
../src/spi.c:59:50: error: 'GPIO_DATA_OFFSET' undeclared (first use in this function)
../src/spi.c:59:50: note: each undeclared identifier is reported only once for each function it appears in
../src/spi.c: In function 'gpio_read_out':
../src/spi.c:63:57: error: 'GPIO_DATA_OFFSET' undeclared (first use in this function)
../src/spi.c: In function 'gpio_close':
../src/spi.c:69:10: error: 'GPIO_FAILURE' undeclared (first use in this function)
../src/spi.c:71:9: error: 'GPIO_SUCCESS' undeclared (first use in this function)
../src/spi.c:72:1: warning: control reaches end of non-void function [-Wreturn-type]
../src/spi.c: In function 'gpio_read_out':
../src/spi.c:64:1: warning: control reaches end of non-void function [-Wreturn-type]
make: *** [src/spi.o] Error 1
15:32:25 **** Auto Build of configuration Debug for project test_c ****
make all 
'Building file: ../src/spi.c'
'Invoking: ARM Linux gcc compiler'
arm-xilinx-linux-gnueabi-gcc -Wall -O0 -g3 -c -fmessage-length=0 -MMD -MP -MF"src/spi.d" -MT"src/spi.d" -o "src/spi.o" "../src/spi.c"
../src/spi.c: In function 'gpio_init':
../src/spi.c:53:2: warning: implicit declaration of function 'close' [-Wimplicit-function-declaration]
../src/spi.c: In function 'gpio_write':
../src/spi.c:59:50: error: 'GPIO_DATA_OFFSET' undeclared (first use in this function)
../src/spi.c:59:50: note: each undeclared identifier is reported only once for each function it appears in
../src/spi.c: In function 'gpio_read_out':
../src/spi.c:63:57: error: 'GPIO_DATA_OFFSET' undeclared (first use in this function)
../src/spi.c:64:1: warning: control reaches end of non-void function [-Wreturn-type]
make: *** [src/spi.o] Error 1
15:52:03 **** Auto Build of configuration Debug for project test_c ****
make all 
'Building file: ../src/spi.c'
'Invoking: ARM Linux gcc compiler'
arm-xilinx-linux-gnueabi-gcc -Wall -O0 -g3 -c -fmessage-length=0 -MMD -MP -MF"src/spi.d" -MT"src/spi.d" -o "src/spi.o" "../src/spi.c"
../src/spi.c: In function 'spi_init':
../src/spi.c:53:2: warning: implicit declaration of function 'close' [-Wimplicit-function-declaration]
../src/spi.c: In function 'gpio_write':
../src/spi.c:59:50: error: 'GPIO_DATA_OFFSET' undeclared (first use in this function)
../src/spi.c:59:50: note: each undeclared identifier is reported only once for each function it appears in
../src/spi.c: In function 'gpio_read_out':
../src/spi.c:63:57: error: 'GPIO_DATA_OFFSET' undeclared (first use in this function)
../src/spi.c:64:1: warning: control reaches end of non-void function [-Wreturn-type]
make: *** [src/spi.o] Error 1
15:52:09 **** Auto Build of configuration Debug for project test_c ****
make all 
'Building file: ../src/spi.c'
'Invoking: ARM Linux gcc compiler'
arm-xilinx-linux-gnueabi-gcc -Wall -O0 -g3 -c -fmessage-length=0 -MMD -MP -MF"src/spi.d" -MT"src/spi.d" -o "src/spi.o" "../src/spi.c"
../src/spi.c: In function 'spi_init':
../src/spi.c:53:2: warning: implicit declaration of function 'close' [-Wimplicit-function-declaration]
'Finished building: ../src/spi.c'
' '
'Building target: test_c.elf'
'Invoking: ARM Linux gcc linker'
arm-xilinx-linux-gnueabi-gcc  -o "test_c.elf"  ./src/gpio.o ./src/main.o ./src/spi.o   
./src/spi.o: In function `gpio_close':
C:\Users\dgronlund\fpga\led_string\led_string.sdk\SDK\SDK_Export\test_c\Debug/../src/spi.c:58: multiple definition of `gpio_close'
./src/gpio.o:C:\Users\dgronlund\fpga\led_string\led_string.sdk\SDK\SDK_Export\test_c\Debug/../src/gpio.c:65: first defined here
collect2.exe: error: ld returned 1 exit status
make: *** [test_c.elf] Error 1
15:52:14 **** Auto Build of configuration Debug for project test_c ****
make all 
'Building file: ../src/spi.c'
'Invoking: ARM Linux gcc compiler'
arm-xilinx-linux-gnueabi-gcc -Wall -O0 -g3 -c -fmessage-length=0 -MMD -MP -MF"src/spi.d" -MT"src/spi.d" -o "src/spi.o" "../src/spi.c"
../src/spi.c: In function 'spi_init':
../src/spi.c:53:2: warning: implicit declaration of function 'close' [-Wimplicit-function-declaration]
'Finished building: ../src/spi.c'
' '
'Building target: test_c.elf'
'Invoking: ARM Linux gcc linker'
arm-xilinx-linux-gnueabi-gcc  -o "test_c.elf"  ./src/gpio.o ./src/main.o ./src/spi.o   
'Finished building target: test_c.elf'
' '
'Invoking: ARM Linux Print Size'
arm-xilinx-linux-gnueabi-size test_c.elf  |tee "test_c.elf.size"
   text	   data	    bss	    dec	    hex	filename
   5749	    336	     12	   6097	   17d1	test_c.elf
'Finished building: test_c.elf.size'
' '
15:59:24 **** Auto Build of configuration Debug for project test_c ****
make all 
'Building file: ../src/gpio.c'
'Invoking: ARM Linux gcc compiler'
arm-xilinx-linux-gnueabi-gcc -Wall -O0 -g3 -c -fmessage-length=0 -MMD -MP -MF"src/gpio.d" -MT"src/gpio.d" -o "src/gpio.o" "../src/gpio.c"
../src/gpio.c: In function 'gpio_init':
../src/gpio.c:52:2: warning: implicit declaration of function 'close' [-Wimplicit-function-declaration]
'Finished building: ../src/gpio.c'
' '
'Building file: ../src/main.c'
'Invoking: ARM Linux gcc compiler'
arm-xilinx-linux-gnueabi-gcc -Wall -O0 -g3 -c -fmessage-length=0 -MMD -MP -MF"src/main.d" -MT"src/main.d" -o "src/main.o" "../src/main.c"
../src/main.c: In function 'main':
../src/main.c:190:2: warning: format '%d' expects argument of type 'int', but argument 2 has type 'long int' [-Wformat]
'Finished building: ../src/main.c'
' '
'Building target: test_c.elf'
'Invoking: ARM Linux gcc linker'
arm-xilinx-linux-gnueabi-gcc  -o "test_c.elf"  ./src/gpio.o ./src/main.o ./src/spi.o   
'Finished building target: test_c.elf'
' '
'Invoking: ARM Linux Print Size'
arm-xilinx-linux-gnueabi-size test_c.elf  |tee "test_c.elf.size"
   text	   data	    bss	    dec	    hex	filename
   5749	    336	     12	   6097	   17d1	test_c.elf
'Finished building: test_c.elf.size'
' '
16:00:09 **** Auto Build of configuration Debug for project test_c ****
make all 
'Building file: ../src/gpio.c'
'Invoking: ARM Linux gcc compiler'
arm-xilinx-linux-gnueabi-gcc -Wall -O0 -g3 -c -fmessage-length=0 -MMD -MP -MF"src/gpio.d" -MT"src/gpio.d" -o "src/gpio.o" "../src/gpio.c"
../src/gpio.c: In function 'gpio_init':
../src/gpio.c:52:2: warning: implicit declaration of function 'close' [-Wimplicit-function-declaration]
'Finished building: ../src/gpio.c'
' '
'Building target: test_c.elf'
'Invoking: ARM Linux gcc linker'
arm-xilinx-linux-gnueabi-gcc  -o "test_c.elf"  ./src/gpio.o ./src/main.o ./src/spi.o   
'Finished building target: test_c.elf'
' '
'Invoking: ARM Linux Print Size'
arm-xilinx-linux-gnueabi-size test_c.elf  |tee "test_c.elf.size"
   text	   data	    bss	    dec	    hex	filename
   5749	    336	     12	   6097	   17d1	test_c.elf
'Finished building: test_c.elf.size'
' '
16:00:14 **** Auto Build of configuration Debug for project test_c ****
make all 
'Building file: ../src/gpio.c'
'Invoking: ARM Linux gcc compiler'
arm-xilinx-linux-gnueabi-gcc -Wall -O0 -g3 -c -fmessage-length=0 -MMD -MP -MF"src/gpio.d" -MT"src/gpio.d" -o "src/gpio.o" "../src/gpio.c"
../src/gpio.c: In function 'gpio_init':
../src/gpio.c:52:2: warning: implicit declaration of function 'close' [-Wimplicit-function-declaration]
'Finished building: ../src/gpio.c'
' '
'Building file: ../src/main.c'
'Invoking: ARM Linux gcc compiler'
arm-xilinx-linux-gnueabi-gcc -Wall -O0 -g3 -c -fmessage-length=0 -MMD -MP -MF"src/main.d" -MT"src/main.d" -o "src/main.o" "../src/main.c"
../src/main.c: In function 'main':
../src/main.c:190:2: warning: format '%d' expects argument of type 'int', but argument 2 has type 'long int' [-Wformat]
'Finished building: ../src/main.c'
' '
'Building target: test_c.elf'
'Invoking: ARM Linux gcc linker'
arm-xilinx-linux-gnueabi-gcc  -o "test_c.elf"  ./src/gpio.o ./src/main.o ./src/spi.o   
'Finished building target: test_c.elf'
' '
'Invoking: ARM Linux Print Size'
arm-xilinx-linux-gnueabi-size test_c.elf  |tee "test_c.elf.size"
   text	   data	    bss	    dec	    hex	filename
   5749	    336	     12	   6097	   17d1	test_c.elf
'Finished building: test_c.elf.size'
' '
16:01:52 **** Auto Build of configuration Debug for project test_c ****
make all 
'Building file: ../src/main.c'
'Invoking: ARM Linux gcc compiler'
arm-xilinx-linux-gnueabi-gcc -Wall -O0 -g3 -c -fmessage-length=0 -MMD -MP -MF"src/main.d" -MT"src/main.d" -o "src/main.o" "../src/main.c"
../src/main.c:22:37: error: conflicting types for 'value'
../src/main.c:22:25: note: previous definition of 'value' was here
../src/main.c: In function 'main':
../src/main.c:199:2: warning: format '%d' expects argument of type 'int', but argument 2 has type 'long int' [-Wformat]
make: *** [src/main.o] Error 1
16:02:05 **** Auto Build of configuration Debug for project test_c ****
make all 
'Building file: ../src/main.c'
'Invoking: ARM Linux gcc compiler'
arm-xilinx-linux-gnueabi-gcc -Wall -O0 -g3 -c -fmessage-length=0 -MMD -MP -MF"src/main.d" -MT"src/main.d" -o "src/main.o" "../src/main.c"
../src/main.c: In function 'main':
../src/main.c:199:2: warning: format '%d' expects argument of type 'int', but argument 2 has type 'long int' [-Wformat]
'Finished building: ../src/main.c'
' '
'Building target: test_c.elf'
'Invoking: ARM Linux gcc linker'
arm-xilinx-linux-gnueabi-gcc  -o "test_c.elf"  ./src/gpio.o ./src/main.o ./src/spi.o   
'Finished building target: test_c.elf'
' '
'Invoking: ARM Linux Print Size'
arm-xilinx-linux-gnueabi-size test_c.elf  |tee "test_c.elf.size"
   text	   data	    bss	    dec	    hex	filename
   5889	    336	     12	   6237	   185d	test_c.elf
'Finished building: test_c.elf.size'
' '
16:02:23 **** Auto Build of configuration Debug for project test_c ****
make all 
'Building file: ../src/main.c'
'Invoking: ARM Linux gcc compiler'
arm-xilinx-linux-gnueabi-gcc -Wall -O0 -g3 -c -fmessage-length=0 -MMD -MP -MF"src/main.d" -MT"src/main.d" -o "src/main.o" "../src/main.c"
../src/main.c: In function 'main':
../src/main.c:199:2: warning: format '%d' expects argument of type 'int', but argument 2 has type 'long int' [-Wformat]
'Finished building: ../src/main.c'
' '
'Building target: test_c.elf'
'Invoking: ARM Linux gcc linker'
arm-xilinx-linux-gnueabi-gcc  -o "test_c.elf"  ./src/gpio.o ./src/main.o ./src/spi.o   
'Finished building target: test_c.elf'
' '
'Invoking: ARM Linux Print Size'
arm-xilinx-linux-gnueabi-size test_c.elf  |tee "test_c.elf.size"
   text	   data	    bss	    dec	    hex	filename
   5921	    336	     12	   6269	   187d	test_c.elf
'Finished building: test_c.elf.size'
' '
16:02:56 **** Auto Build of configuration Debug for project test_c ****
make all 
'Building file: ../src/main.c'
'Invoking: ARM Linux gcc compiler'
arm-xilinx-linux-gnueabi-gcc -Wall -O0 -g3 -c -fmessage-length=0 -MMD -MP -MF"src/main.d" -MT"src/main.d" -o "src/main.o" "../src/main.c"
../src/main.c: In function 'vdd':
../src/main.c:32:19: error: expected expression before ')' token
../src/main.c: In function 'main':
../src/main.c:194:2: warning: format '%d' expects argument of type 'int', but argument 2 has type 'long int' [-Wformat]
make: *** [src/main.o] Error 1
16:03:02 **** Auto Build of configuration Debug for project test_c ****
make all 
'Building file: ../src/main.c'
'Invoking: ARM Linux gcc compiler'
arm-xilinx-linux-gnueabi-gcc -Wall -O0 -g3 -c -fmessage-length=0 -MMD -MP -MF"src/main.d" -MT"src/main.d" -o "src/main.o" "../src/main.c"
../src/main.c: In function 'main':
../src/main.c:194:2: warning: format '%d' expects argument of type 'int', but argument 2 has type 'long int' [-Wformat]
'Finished building: ../src/main.c'
' '
'Building target: test_c.elf'
'Invoking: ARM Linux gcc linker'
arm-xilinx-linux-gnueabi-gcc  -o "test_c.elf"  ./src/gpio.o ./src/main.o ./src/spi.o   
'Finished building target: test_c.elf'
' '
'Invoking: ARM Linux Print Size'
arm-xilinx-linux-gnueabi-size test_c.elf  |tee "test_c.elf.size"
   text	   data	    bss	    dec	    hex	filename
   5849	    336	     12	   6197	   1835	test_c.elf
'Finished building: test_c.elf.size'
' '
16:03:13 **** Auto Build of configuration Debug for project test_c ****
make all 
'Building file: ../src/spi.c'
'Invoking: ARM Linux gcc compiler'
arm-xilinx-linux-gnueabi-gcc -Wall -O0 -g3 -c -fmessage-length=0 -MMD -MP -MF"src/spi.d" -MT"src/spi.d" -o "src/spi.o" "../src/spi.c"
../src/spi.c: In function 'spi_init':
../src/spi.c:53:2: warning: implicit declaration of function 'close' [-Wimplicit-function-declaration]
'Finished building: ../src/spi.c'
' '
'Building target: test_c.elf'
'Invoking: ARM Linux gcc linker'
arm-xilinx-linux-gnueabi-gcc  -o "test_c.elf"  ./src/gpio.o ./src/main.o ./src/spi.o   
'Finished building target: test_c.elf'
' '
'Invoking: ARM Linux Print Size'
arm-xilinx-linux-gnueabi-size test_c.elf  |tee "test_c.elf.size"
   text	   data	    bss	    dec	    hex	filename
   5849	    336	     12	   6197	   1835	test_c.elf
'Finished building: test_c.elf.size'
' '
16:03:20 **** Incremental Build of configuration Debug for project test_c ****
make all 
make: Nothing to be done for `all'.
16:03:20 **** Incremental Build of configuration Debug for project test_cpp ****
make all 
make: Nothing to be done for `all'.
16:04:00 **** Auto Build of configuration Debug for project test_c ****
make all 
'Building file: ../src/main.c'
'Invoking: ARM Linux gcc compiler'
arm-xilinx-linux-gnueabi-gcc -Wall -O0 -g3 -c -fmessage-length=0 -MMD -MP -MF"src/main.d" -MT"src/main.d" -o "src/main.o" "../src/main.c"
../src/main.c: In function 'main':
../src/main.c:184:2: warning: format '%d' expects argument of type 'int', but argument 2 has type 'long int' [-Wformat]
'Finished building: ../src/main.c'
' '
'Building target: test_c.elf'
'Invoking: ARM Linux gcc linker'
arm-xilinx-linux-gnueabi-gcc  -o "test_c.elf"  ./src/gpio.o ./src/main.o ./src/spi.o   
'Finished building target: test_c.elf'
' '
'Invoking: ARM Linux Print Size'
arm-xilinx-linux-gnueabi-size test_c.elf  |tee "test_c.elf.size"
   text	   data	    bss	    dec	    hex	filename
   5697	    336	     12	   6045	   179d	test_c.elf
'Finished building: test_c.elf.size'
' '
16:04:10 **** Auto Build of configuration Debug for project test_c ****
make all 
'Building file: ../src/main.c'
'Invoking: ARM Linux gcc compiler'
arm-xilinx-linux-gnueabi-gcc -Wall -O0 -g3 -c -fmessage-length=0 -MMD -MP -MF"src/main.d" -MT"src/main.d" -o "src/main.o" "../src/main.c"
../src/main.c: In function 'main':
../src/main.c:184:2: warning: format '%d' expects argument of type 'int', but argument 2 has type 'long int' [-Wformat]
'Finished building: ../src/main.c'
' '
'Building target: test_c.elf'
'Invoking: ARM Linux gcc linker'
arm-xilinx-linux-gnueabi-gcc  -o "test_c.elf"  ./src/gpio.o ./src/main.o ./src/spi.o   
'Finished building target: test_c.elf'
' '
'Invoking: ARM Linux Print Size'
arm-xilinx-linux-gnueabi-size test_c.elf  |tee "test_c.elf.size"
   text	   data	    bss	    dec	    hex	filename
   5689	    336	     12	   6037	   1795	test_c.elf
'Finished building: test_c.elf.size'
' '
16:04:16 **** Incremental Build of configuration Debug for project test_c ****
make all 
make: Nothing to be done for `all'.
16:04:16 **** Incremental Build of configuration Debug for project test_cpp ****
make all 
make: Nothing to be done for `all'.
16:05:16 **** Auto Build of configuration Debug for project test_c ****
make all 
'Building file: ../src/main.c'
'Invoking: ARM Linux gcc compiler'
arm-xilinx-linux-gnueabi-gcc -Wall -O0 -g3 -c -fmessage-length=0 -MMD -MP -MF"src/main.d" -MT"src/main.d" -o "src/main.o" "../src/main.c"
../src/main.c: In function 'main':
../src/main.c:199:2: warning: format '%d' expects argument of type 'int', but argument 2 has type 'long int' [-Wformat]
'Finished building: ../src/main.c'
' '
'Building target: test_c.elf'
'Invoking: ARM Linux gcc linker'
arm-xilinx-linux-gnueabi-gcc  -o "test_c.elf"  ./src/gpio.o ./src/main.o ./src/spi.o   
'Finished building target: test_c.elf'
' '
'Invoking: ARM Linux Print Size'
arm-xilinx-linux-gnueabi-size test_c.elf  |tee "test_c.elf.size"
   text	   data	    bss	    dec	    hex	filename
   5921	    336	     12	   6269	   187d	test_c.elf
'Finished building: test_c.elf.size'
' '
16:05:25 **** Incremental Build of configuration Debug for project test_c ****
make all 
make: Nothing to be done for `all'.
16:05:26 **** Incremental Build of configuration Debug for project test_cpp ****
make all 
make: Nothing to be done for `all'.
16:06:40 **** Auto Build of configuration Debug for project test_c ****
make all 
'Building file: ../src/main.c'
'Invoking: ARM Linux gcc compiler'
arm-xilinx-linux-gnueabi-gcc -Wall -O0 -g3 -c -fmessage-length=0 -MMD -MP -MF"src/main.d" -MT"src/main.d" -o "src/main.o" "../src/main.c"
../src/main.c: In function 'main':
../src/main.c:199:2: warning: format '%d' expects argument of type 'int', but argument 2 has type 'long int' [-Wformat]
'Finished building: ../src/main.c'
' '
'Building target: test_c.elf'
'Invoking: ARM Linux gcc linker'
arm-xilinx-linux-gnueabi-gcc  -o "test_c.elf"  ./src/gpio.o ./src/main.o ./src/spi.o   
'Finished building target: test_c.elf'
' '
'Invoking: ARM Linux Print Size'
arm-xilinx-linux-gnueabi-size test_c.elf  |tee "test_c.elf.size"
   text	   data	    bss	    dec	    hex	filename
   5921	    336	     12	   6269	   187d	test_c.elf
'Finished building: test_c.elf.size'
' '
16:06:45 **** Incremental Build of configuration Debug for project test_c ****
make all 
make: Nothing to be done for `all'.
16:06:45 **** Incremental Build of configuration Debug for project test_cpp ****
make all 
make: Nothing to be done for `all'.
16:07:27 **** Auto Build of configuration Debug for project test_c ****
make all 
'Building file: ../src/main.c'
'Invoking: ARM Linux gcc compiler'
arm-xilinx-linux-gnueabi-gcc -Wall -O0 -g3 -c -fmessage-length=0 -MMD -MP -MF"src/main.d" -MT"src/main.d" -o "src/main.o" "../src/main.c"
../src/main.c: In function 'main':
../src/main.c:194:2: warning: format '%d' expects argument of type 'int', but argument 2 has type 'long int' [-Wformat]
'Finished building: ../src/main.c'
' '
'Building target: test_c.elf'
'Invoking: ARM Linux gcc linker'
arm-xilinx-linux-gnueabi-gcc  -o "test_c.elf"  ./src/gpio.o ./src/main.o ./src/spi.o   
'Finished building target: test_c.elf'
' '
'Invoking: ARM Linux Print Size'
arm-xilinx-linux-gnueabi-size test_c.elf  |tee "test_c.elf.size"
   text	   data	    bss	    dec	    hex	filename
   5841	    336	     12	   6189	   182d	test_c.elf
'Finished building: test_c.elf.size'
' '
16:07:35 **** Incremental Build of configuration Debug for project test_c ****
make all 
make: Nothing to be done for `all'.
16:07:35 **** Incremental Build of configuration Debug for project test_cpp ****
make all 
make: Nothing to be done for `all'.
16:08:08 **** Auto Build of configuration Debug for project test_c ****
make all 
'Building file: ../src/main.c'
'Invoking: ARM Linux gcc compiler'
arm-xilinx-linux-gnueabi-gcc -Wall -O0 -g3 -c -fmessage-length=0 -MMD -MP -MF"src/main.d" -MT"src/main.d" -o "src/main.o" "../src/main.c"
../src/main.c: In function 'main':
../src/main.c:189:2: warning: format '%d' expects argument of type 'int', but argument 2 has type 'long int' [-Wformat]
'Finished building: ../src/main.c'
' '
'Building target: test_c.elf'
'Invoking: ARM Linux gcc linker'
arm-xilinx-linux-gnueabi-gcc  -o "test_c.elf"  ./src/gpio.o ./src/main.o ./src/spi.o   
'Finished building target: test_c.elf'
' '
'Invoking: ARM Linux Print Size'
arm-xilinx-linux-gnueabi-size test_c.elf  |tee "test_c.elf.size"
   text	   data	    bss	    dec	    hex	filename
   5769	    336	     12	   6117	   17e5	test_c.elf
'Finished building: test_c.elf.size'
' '
16:08:14 **** Incremental Build of configuration Debug for project test_c ****
make all 
make: Nothing to be done for `all'.
16:08:14 **** Incremental Build of configuration Debug for project test_cpp ****
make all 
make: Nothing to be done for `all'.
16:08:38 **** Auto Build of configuration Debug for project test_c ****
make all 
'Building file: ../src/main.c'
'Invoking: ARM Linux gcc compiler'
arm-xilinx-linux-gnueabi-gcc -Wall -O0 -g3 -c -fmessage-length=0 -MMD -MP -MF"src/main.d" -MT"src/main.d" -o "src/main.o" "../src/main.c"
../src/main.c: In function 'main':
../src/main.c:184:2: warning: format '%d' expects argument of type 'int', but argument 2 has type 'long int' [-Wformat]
'Finished building: ../src/main.c'
' '
'Building target: test_c.elf'
'Invoking: ARM Linux gcc linker'
arm-xilinx-linux-gnueabi-gcc  -o "test_c.elf"  ./src/gpio.o ./src/main.o ./src/spi.o   
'Finished building target: test_c.elf'
' '
'Invoking: ARM Linux Print Size'
arm-xilinx-linux-gnueabi-size test_c.elf  |tee "test_c.elf.size"
   text	   data	    bss	    dec	    hex	filename
   5689	    336	     12	   6037	   1795	test_c.elf
'Finished building: test_c.elf.size'
' '
16:08:45 **** Incremental Build of configuration Debug for project test_c ****
make all 
make: Nothing to be done for `all'.
16:08:45 **** Incremental Build of configuration Debug for project test_cpp ****
make all 
make: Nothing to be done for `all'.
16:09:14 **** Auto Build of configuration Debug for project test_c ****
make all 
'Building file: ../src/main.c'
'Invoking: ARM Linux gcc compiler'
arm-xilinx-linux-gnueabi-gcc -Wall -O0 -g3 -c -fmessage-length=0 -MMD -MP -MF"src/main.d" -MT"src/main.d" -o "src/main.o" "../src/main.c"
../src/main.c: In function 'main':
../src/main.c:189:2: warning: format '%d' expects argument of type 'int', but argument 2 has type 'long int' [-Wformat]
'Finished building: ../src/main.c'
' '
'Building target: test_c.elf'
'Invoking: ARM Linux gcc linker'
arm-xilinx-linux-gnueabi-gcc  -o "test_c.elf"  ./src/gpio.o ./src/main.o ./src/spi.o   
'Finished building target: test_c.elf'
' '
'Invoking: ARM Linux Print Size'
arm-xilinx-linux-gnueabi-size test_c.elf  |tee "test_c.elf.size"
   text	   data	    bss	    dec	    hex	filename
   5769	    336	     12	   6117	   17e5	test_c.elf
'Finished building: test_c.elf.size'
' '
16:09:23 **** Incremental Build of configuration Debug for project test_c ****
make all 
make: Nothing to be done for `all'.
16:09:24 **** Incremental Build of configuration Debug for project test_cpp ****
make all 
make: Nothing to be done for `all'.
16:10:43 **** Auto Build of configuration Debug for project test_c ****
make all 
'Building file: ../src/main.c'
'Invoking: ARM Linux gcc compiler'
arm-xilinx-linux-gnueabi-gcc -Wall -O0 -g3 -c -fmessage-length=0 -MMD -MP -MF"src/main.d" -MT"src/main.d" -o "src/main.o" "../src/main.c"
../src/main.c: In function 'main':
../src/main.c:190:2: warning: format '%d' expects argument of type 'int', but argument 2 has type 'long int' [-Wformat]
'Finished building: ../src/main.c'
' '
'Building target: test_c.elf'
'Invoking: ARM Linux gcc linker'
arm-xilinx-linux-gnueabi-gcc  -o "test_c.elf"  ./src/gpio.o ./src/main.o ./src/spi.o   
'Finished building target: test_c.elf'
' '
'Invoking: ARM Linux Print Size'
arm-xilinx-linux-gnueabi-size test_c.elf  |tee "test_c.elf.size"
   text	   data	    bss	    dec	    hex	filename
   5797	    336	     12	   6145	   1801	test_c.elf
'Finished building: test_c.elf.size'
' '
16:10:47 **** Incremental Build of configuration Debug for project test_c ****
make all 
make: Nothing to be done for `all'.
16:10:48 **** Incremental Build of configuration Debug for project test_cpp ****
make all 
make: Nothing to be done for `all'.
16:11:27 **** Auto Build of configuration Debug for project test_c ****
make all 
'Building file: ../src/main.c'
'Invoking: ARM Linux gcc compiler'
arm-xilinx-linux-gnueabi-gcc -Wall -O0 -g3 -c -fmessage-length=0 -MMD -MP -MF"src/main.d" -MT"src/main.d" -o "src/main.o" "../src/main.c"
../src/main.c: In function 'main':
../src/main.c:185:2: warning: format '%d' expects argument of type 'int', but argument 2 has type 'long int' [-Wformat]
'Finished building: ../src/main.c'
' '
'Building target: test_c.elf'
'Invoking: ARM Linux gcc linker'
arm-xilinx-linux-gnueabi-gcc  -o "test_c.elf"  ./src/gpio.o ./src/main.o ./src/spi.o   
'Finished building target: test_c.elf'
' '
'Invoking: ARM Linux Print Size'
arm-xilinx-linux-gnueabi-size test_c.elf  |tee "test_c.elf.size"
   text	   data	    bss	    dec	    hex	filename
   5717	    336	     12	   6065	   17b1	test_c.elf
'Finished building: test_c.elf.size'
' '
16:11:32 **** Incremental Build of configuration Debug for project test_c ****
make all 
make: Nothing to be done for `all'.
16:11:33 **** Incremental Build of configuration Debug for project test_cpp ****
make all 
make: Nothing to be done for `all'.
16:11:50 **** Auto Build of configuration Debug for project test_c ****
make all 
'Building file: ../src/main.c'
'Invoking: ARM Linux gcc compiler'
arm-xilinx-linux-gnueabi-gcc -Wall -O0 -g3 -c -fmessage-length=0 -MMD -MP -MF"src/main.d" -MT"src/main.d" -o "src/main.o" "../src/main.c"
../src/main.c: In function 'main':
../src/main.c:190:2: warning: format '%d' expects argument of type 'int', but argument 2 has type 'long int' [-Wformat]
'Finished building: ../src/main.c'
' '
'Building target: test_c.elf'
'Invoking: ARM Linux gcc linker'
arm-xilinx-linux-gnueabi-gcc  -o "test_c.elf"  ./src/gpio.o ./src/main.o ./src/spi.o   
'Finished building target: test_c.elf'
' '
'Invoking: ARM Linux Print Size'
arm-xilinx-linux-gnueabi-size test_c.elf  |tee "test_c.elf.size"
   text	   data	    bss	    dec	    hex	filename
   5797	    336	     12	   6145	   1801	test_c.elf
'Finished building: test_c.elf.size'
' '
16:12:03 **** Auto Build of configuration Debug for project test_c ****
make all 
'Building file: ../src/main.c'
'Invoking: ARM Linux gcc compiler'
arm-xilinx-linux-gnueabi-gcc -Wall -O0 -g3 -c -fmessage-length=0 -MMD -MP -MF"src/main.d" -MT"src/main.d" -o "src/main.o" "../src/main.c"
../src/main.c: In function 'main':
../src/main.c:190:2: warning: format '%d' expects argument of type 'int', but argument 2 has type 'long int' [-Wformat]
'Finished building: ../src/main.c'
' '
'Building target: test_c.elf'
'Invoking: ARM Linux gcc linker'
arm-xilinx-linux-gnueabi-gcc  -o "test_c.elf"  ./src/gpio.o ./src/main.o ./src/spi.o   
'Finished building target: test_c.elf'
' '
'Invoking: ARM Linux Print Size'
arm-xilinx-linux-gnueabi-size test_c.elf  |tee "test_c.elf.size"
   text	   data	    bss	    dec	    hex	filename
   5797	    336	     12	   6145	   1801	test_c.elf
'Finished building: test_c.elf.size'
' '
16:12:27 **** Incremental Build of configuration Debug for project test_c ****
make all 
make: Nothing to be done for `all'.
16:12:28 **** Incremental Build of configuration Debug for project test_cpp ****
make all 
make: Nothing to be done for `all'.
16:12:35 **** Incremental Build of configuration Debug for project test_c ****
make all 
make: Nothing to be done for `all'.
16:12:36 **** Incremental Build of configuration Debug for project test_cpp ****
make all 
make: Nothing to be done for `all'.
16:12:56 **** Auto Build of configuration Debug for project test_c ****
make all 
'Building file: ../src/main.c'
'Invoking: ARM Linux gcc compiler'
arm-xilinx-linux-gnueabi-gcc -Wall -O0 -g3 -c -fmessage-length=0 -MMD -MP -MF"src/main.d" -MT"src/main.d" -o "src/main.o" "../src/main.c"
../src/main.c: In function 'main':
../src/main.c:190:2: warning: format '%d' expects argument of type 'int', but argument 2 has type 'long int' [-Wformat]
'Finished building: ../src/main.c'
' '
'Building target: test_c.elf'
'Invoking: ARM Linux gcc linker'
arm-xilinx-linux-gnueabi-gcc  -o "test_c.elf"  ./src/gpio.o ./src/main.o ./src/spi.o   
'Finished building target: test_c.elf'
' '
'Invoking: ARM Linux Print Size'
arm-xilinx-linux-gnueabi-size test_c.elf  |tee "test_c.elf.size"
   text	   data	    bss	    dec	    hex	filename
   5741	    336	     12	   6089	   17c9	test_c.elf
'Finished building: test_c.elf.size'
' '
16:13:00 **** Incremental Build of configuration Debug for project test_c ****
make all 
make: Nothing to be done for `all'.
16:13:01 **** Incremental Build of configuration Debug for project test_cpp ****
make all 
make: Nothing to be done for `all'.
16:15:01 **** Auto Build of configuration Debug for project test_c ****
make all 
'Building file: ../src/main.c'
'Invoking: ARM Linux gcc compiler'
arm-xilinx-linux-gnueabi-gcc -Wall -O0 -g3 -c -fmessage-length=0 -MMD -MP -MF"src/main.d" -MT"src/main.d" -o "src/main.o" "../src/main.c"
../src/main.c: In function 'main':
../src/main.c:193:2: warning: format '%d' expects argument of type 'int', but argument 2 has type 'long int' [-Wformat]
'Finished building: ../src/main.c'
' '
'Building target: test_c.elf'
'Invoking: ARM Linux gcc linker'
arm-xilinx-linux-gnueabi-gcc  -o "test_c.elf"  ./src/gpio.o ./src/main.o ./src/spi.o   
'Finished building target: test_c.elf'
' '
'Invoking: ARM Linux Print Size'
arm-xilinx-linux-gnueabi-size test_c.elf  |tee "test_c.elf.size"
   text	   data	    bss	    dec	    hex	filename
   5777	    336	     12	   6125	   17ed	test_c.elf
'Finished building: test_c.elf.size'
' '
16:15:20 **** Auto Build of configuration Debug for project test_c ****
make all 
'Building file: ../src/main.c'
'Invoking: ARM Linux gcc compiler'
arm-xilinx-linux-gnueabi-gcc -Wall -O0 -g3 -c -fmessage-length=0 -MMD -MP -MF"src/main.d" -MT"src/main.d" -o "src/main.o" "../src/main.c"
../src/main.c: In function 'main':
../src/main.c:195:2: warning: format '%d' expects argument of type 'int', but argument 2 has type 'long int' [-Wformat]
'Finished building: ../src/main.c'
' '
'Building target: test_c.elf'
'Invoking: ARM Linux gcc linker'
arm-xilinx-linux-gnueabi-gcc  -o "test_c.elf"  ./src/gpio.o ./src/main.o ./src/spi.o   
'Finished building target: test_c.elf'
' '
'Invoking: ARM Linux Print Size'
arm-xilinx-linux-gnueabi-size test_c.elf  |tee "test_c.elf.size"
   text	   data	    bss	    dec	    hex	filename
   5817	    336	     12	   6165	   1815	test_c.elf
'Finished building: test_c.elf.size'
' '
16:15:22 **** Auto Build of configuration Debug for project test_c ****
make all 
'Building file: ../src/main.c'
'Invoking: ARM Linux gcc compiler'
arm-xilinx-linux-gnueabi-gcc -Wall -O0 -g3 -c -fmessage-length=0 -MMD -MP -MF"src/main.d" -MT"src/main.d" -o "src/main.o" "../src/main.c"
../src/main.c: In function 'main':
../src/main.c:194:2: warning: format '%d' expects argument of type 'int', but argument 2 has type 'long int' [-Wformat]
'Finished building: ../src/main.c'
' '
'Building target: test_c.elf'
'Invoking: ARM Linux gcc linker'
arm-xilinx-linux-gnueabi-gcc  -o "test_c.elf"  ./src/gpio.o ./src/main.o ./src/spi.o   
'Finished building target: test_c.elf'
' '
'Invoking: ARM Linux Print Size'
arm-xilinx-linux-gnueabi-size test_c.elf  |tee "test_c.elf.size"
   text	   data	    bss	    dec	    hex	filename
   5817	    336	     12	   6165	   1815	test_c.elf
'Finished building: test_c.elf.size'
' '
16:15:26 **** Incremental Build of configuration Debug for project test_c ****
make all 
make: Nothing to be done for `all'.
16:15:27 **** Incremental Build of configuration Debug for project test_cpp ****
make all 
make: Nothing to be done for `all'.
16:16:00 **** Auto Build of configuration Debug for project test_c ****
make all 
'Building file: ../src/main.c'
'Invoking: ARM Linux gcc compiler'
arm-xilinx-linux-gnueabi-gcc -Wall -O0 -g3 -c -fmessage-length=0 -MMD -MP -MF"src/main.d" -MT"src/main.d" -o "src/main.o" "../src/main.c"
../src/main.c: In function 'main':
../src/main.c:199:2: warning: format '%d' expects argument of type 'int', but argument 2 has type 'long int' [-Wformat]
'Finished building: ../src/main.c'
' '
'Building target: test_c.elf'
'Invoking: ARM Linux gcc linker'
arm-xilinx-linux-gnueabi-gcc  -o "test_c.elf"  ./src/gpio.o ./src/main.o ./src/spi.o   
'Finished building target: test_c.elf'
' '
'Invoking: ARM Linux Print Size'
arm-xilinx-linux-gnueabi-size test_c.elf  |tee "test_c.elf.size"
   text	   data	    bss	    dec	    hex	filename
   5925	    336	     12	   6273	   1881	test_c.elf
'Finished building: test_c.elf.size'
' '
16:16:12 **** Auto Build of configuration Debug for project test_c ****
make all 
'Building file: ../src/main.c'
'Invoking: ARM Linux gcc compiler'
arm-xilinx-linux-gnueabi-gcc -Wall -O0 -g3 -c -fmessage-length=0 -MMD -MP -MF"src/main.d" -MT"src/main.d" -o "src/main.o" "../src/main.c"
../src/main.c: In function 'main':
../src/main.c:204:2: warning: format '%d' expects argument of type 'int', but argument 2 has type 'long int' [-Wformat]
'Finished building: ../src/main.c'
' '
'Building target: test_c.elf'
'Invoking: ARM Linux gcc linker'
arm-xilinx-linux-gnueabi-gcc  -o "test_c.elf"  ./src/gpio.o ./src/main.o ./src/spi.o   
'Finished building target: test_c.elf'
' '
'Invoking: ARM Linux Print Size'
arm-xilinx-linux-gnueabi-size test_c.elf  |tee "test_c.elf.size"
   text	   data	    bss	    dec	    hex	filename
   6025	    336	     12	   6373	   18e5	test_c.elf
'Finished building: test_c.elf.size'
' '
16:16:27 **** Auto Build of configuration Debug for project test_c ****
make all 
'Building file: ../src/main.c'
'Invoking: ARM Linux gcc compiler'
arm-xilinx-linux-gnueabi-gcc -Wall -O0 -g3 -c -fmessage-length=0 -MMD -MP -MF"src/main.d" -MT"src/main.d" -o "src/main.o" "../src/main.c"
../src/main.c: In function 'main':
../src/main.c:203:2: warning: format '%d' expects argument of type 'int', but argument 2 has type 'long int' [-Wformat]
'Finished building: ../src/main.c'
' '
'Building target: test_c.elf'
'Invoking: ARM Linux gcc linker'
arm-xilinx-linux-gnueabi-gcc  -o "test_c.elf"  ./src/gpio.o ./src/main.o ./src/spi.o   
'Finished building target: test_c.elf'
' '
'Invoking: ARM Linux Print Size'
arm-xilinx-linux-gnueabi-size test_c.elf  |tee "test_c.elf.size"
   text	   data	    bss	    dec	    hex	filename
   6025	    336	     12	   6373	   18e5	test_c.elf
'Finished building: test_c.elf.size'
' '
16:16:34 **** Incremental Build of configuration Debug for project test_c ****
make all 
make: Nothing to be done for `all'.
16:16:34 **** Incremental Build of configuration Debug for project test_cpp ****
make all 
make: Nothing to be done for `all'.
16:17:16 **** Auto Build of configuration Debug for project test_c ****
make all 
'Building file: ../src/main.c'
'Invoking: ARM Linux gcc compiler'
arm-xilinx-linux-gnueabi-gcc -Wall -O0 -g3 -c -fmessage-length=0 -MMD -MP -MF"src/main.d" -MT"src/main.d" -o "src/main.o" "../src/main.c"
../src/main.c: In function 'main':
../src/main.c:203:2: warning: format '%d' expects argument of type 'int', but argument 2 has type 'long int' [-Wformat]
'Finished building: ../src/main.c'
' '
'Building target: test_c.elf'
'Invoking: ARM Linux gcc linker'
arm-xilinx-linux-gnueabi-gcc  -o "test_c.elf"  ./src/gpio.o ./src/main.o ./src/spi.o   
'Finished building target: test_c.elf'
' '
'Invoking: ARM Linux Print Size'
arm-xilinx-linux-gnueabi-size test_c.elf  |tee "test_c.elf.size"
   text	   data	    bss	    dec	    hex	filename
   6017	    336	     12	   6365	   18dd	test_c.elf
'Finished building: test_c.elf.size'
' '
16:17:20 **** Incremental Build of configuration Debug for project test_c ****
make all 
make: Nothing to be done for `all'.
16:17:21 **** Incremental Build of configuration Debug for project test_cpp ****
make all 
make: Nothing to be done for `all'.
16:19:13 **** Auto Build of configuration Debug for project test_c ****
make all 
'Building file: ../src/main.c'
'Invoking: ARM Linux gcc compiler'
arm-xilinx-linux-gnueabi-gcc -Wall -O0 -g3 -c -fmessage-length=0 -MMD -MP -MF"src/main.d" -MT"src/main.d" -o "src/main.o" "../src/main.c"
../src/main.c: In function 'main':
../src/main.c:199:2: warning: format '%d' expects argument of type 'int', but argument 2 has type 'long int' [-Wformat]
'Finished building: ../src/main.c'
' '
'Building target: test_c.elf'
'Invoking: ARM Linux gcc linker'
arm-xilinx-linux-gnueabi-gcc  -o "test_c.elf"  ./src/gpio.o ./src/main.o ./src/spi.o   
'Finished building target: test_c.elf'
' '
'Invoking: ARM Linux Print Size'
arm-xilinx-linux-gnueabi-size test_c.elf  |tee "test_c.elf.size"
   text	   data	    bss	    dec	    hex	filename
   5921	    336	     12	   6269	   187d	test_c.elf
'Finished building: test_c.elf.size'
' '
16:19:20 **** Incremental Build of configuration Debug for project test_c ****
make all 
make: Nothing to be done for `all'.
16:19:20 **** Incremental Build of configuration Debug for project test_cpp ****
make all 
make: Nothing to be done for `all'.
16:19:35 **** Auto Build of configuration Debug for project test_c ****
make all 
'Building file: ../src/main.c'
'Invoking: ARM Linux gcc compiler'
arm-xilinx-linux-gnueabi-gcc -Wall -O0 -g3 -c -fmessage-length=0 -MMD -MP -MF"src/main.d" -MT"src/main.d" -o "src/main.o" "../src/main.c"
../src/main.c: In function 'main':
../src/main.c:199:2: warning: format '%d' expects argument of type 'int', but argument 2 has type 'long int' [-Wformat]
'Finished building: ../src/main.c'
' '
'Building target: test_c.elf'
'Invoking: ARM Linux gcc linker'
arm-xilinx-linux-gnueabi-gcc  -o "test_c.elf"  ./src/gpio.o ./src/main.o ./src/spi.o   
'Finished building target: test_c.elf'
' '
'Invoking: ARM Linux Print Size'
arm-xilinx-linux-gnueabi-size test_c.elf  |tee "test_c.elf.size"
   text	   data	    bss	    dec	    hex	filename
   5921	    336	     12	   6269	   187d	test_c.elf
'Finished building: test_c.elf.size'
' '
16:19:41 **** Incremental Build of configuration Debug for project test_c ****
make all 
make: Nothing to be done for `all'.
16:19:41 **** Incremental Build of configuration Debug for project test_cpp ****
make all 
make: Nothing to be done for `all'.
16:20:56 **** Auto Build of configuration Debug for project test_c ****
make all 
'Building file: ../src/main.c'
'Invoking: ARM Linux gcc compiler'
arm-xilinx-linux-gnueabi-gcc -Wall -O0 -g3 -c -fmessage-length=0 -MMD -MP -MF"src/main.d" -MT"src/main.d" -o "src/main.o" "../src/main.c"
../src/main.c: In function 'main':
../src/main.c:199:2: warning: format '%d' expects argument of type 'int', but argument 2 has type 'long int' [-Wformat]
'Finished building: ../src/main.c'
' '
'Building target: test_c.elf'
'Invoking: ARM Linux gcc linker'
arm-xilinx-linux-gnueabi-gcc  -o "test_c.elf"  ./src/gpio.o ./src/main.o ./src/spi.o   
'Finished building target: test_c.elf'
' '
'Invoking: ARM Linux Print Size'
arm-xilinx-linux-gnueabi-size test_c.elf  |tee "test_c.elf.size"
   text	   data	    bss	    dec	    hex	filename
   5921	    336	     12	   6269	   187d	test_c.elf
'Finished building: test_c.elf.size'
' '
16:22:29 **** Auto Build of configuration Debug for project test_c ****
make all 
'Building file: ../src/main.c'
'Invoking: ARM Linux gcc compiler'
arm-xilinx-linux-gnueabi-gcc -Wall -O0 -g3 -c -fmessage-length=0 -MMD -MP -MF"src/main.d" -MT"src/main.d" -o "src/main.o" "../src/main.c"
../src/main.c: In function 'main':
../src/main.c:199:2: warning: format '%d' expects argument of type 'int', but argument 2 has type 'long int' [-Wformat]
'Finished building: ../src/main.c'
' '
'Building target: test_c.elf'
'Invoking: ARM Linux gcc linker'
arm-xilinx-linux-gnueabi-gcc  -o "test_c.elf"  ./src/gpio.o ./src/main.o ./src/spi.o   
'Finished building target: test_c.elf'
' '
'Invoking: ARM Linux Print Size'
arm-xilinx-linux-gnueabi-size test_c.elf  |tee "test_c.elf.size"
   text	   data	    bss	    dec	    hex	filename
   5921	    336	     12	   6269	   187d	test_c.elf
'Finished building: test_c.elf.size'
' '
16:22:46 **** Auto Build of configuration Debug for project test_c ****
make all 
'Building file: ../src/main.c'
'Invoking: ARM Linux gcc compiler'
arm-xilinx-linux-gnueabi-gcc -Wall -O0 -g3 -c -fmessage-length=0 -MMD -MP -MF"src/main.d" -MT"src/main.d" -o "src/main.o" "../src/main.c"
../src/main.c: In function 'main':
../src/main.c:199:2: warning: format '%d' expects argument of type 'int', but argument 2 has type 'long int' [-Wformat]
'Finished building: ../src/main.c'
' '
'Building target: test_c.elf'
'Invoking: ARM Linux gcc linker'
arm-xilinx-linux-gnueabi-gcc  -o "test_c.elf"  ./src/gpio.o ./src/main.o ./src/spi.o   
'Finished building target: test_c.elf'
' '
'Invoking: ARM Linux Print Size'
arm-xilinx-linux-gnueabi-size test_c.elf  |tee "test_c.elf.size"
   text	   data	    bss	    dec	    hex	filename
   5921	    336	     12	   6269	   187d	test_c.elf
'Finished building: test_c.elf.size'
' '
16:23:03 **** Auto Build of configuration Debug for project test_c ****
make all 
'Building file: ../src/main.c'
'Invoking: ARM Linux gcc compiler'
arm-xilinx-linux-gnueabi-gcc -Wall -O0 -g3 -c -fmessage-length=0 -MMD -MP -MF"src/main.d" -MT"src/main.d" -o "src/main.o" "../src/main.c"
../src/main.c: In function 'main':
../src/main.c:199:2: warning: format '%d' expects argument of type 'int', but argument 2 has type 'long int' [-Wformat]
'Finished building: ../src/main.c'
' '
'Building target: test_c.elf'
'Invoking: ARM Linux gcc linker'
arm-xilinx-linux-gnueabi-gcc  -o "test_c.elf"  ./src/gpio.o ./src/main.o ./src/spi.o   
'Finished building target: test_c.elf'
' '
'Invoking: ARM Linux Print Size'
arm-xilinx-linux-gnueabi-size test_c.elf  |tee "test_c.elf.size"
   text	   data	    bss	    dec	    hex	filename
   5921	    336	     12	   6269	   187d	test_c.elf
'Finished building: test_c.elf.size'
' '
16:23:18 **** Auto Build of configuration Debug for project test_c ****
make all 
'Building file: ../src/main.c'
'Invoking: ARM Linux gcc compiler'
arm-xilinx-linux-gnueabi-gcc -Wall -O0 -g3 -c -fmessage-length=0 -MMD -MP -MF"src/main.d" -MT"src/main.d" -o "src/main.o" "../src/main.c"
../src/main.c: In function 'main':
../src/main.c:199:2: warning: format '%d' expects argument of type 'int', but argument 2 has type 'long int' [-Wformat]
'Finished building: ../src/main.c'
' '
'Building target: test_c.elf'
'Invoking: ARM Linux gcc linker'
arm-xilinx-linux-gnueabi-gcc  -o "test_c.elf"  ./src/gpio.o ./src/main.o ./src/spi.o   
'Finished building target: test_c.elf'
' '
'Invoking: ARM Linux Print Size'
arm-xilinx-linux-gnueabi-size test_c.elf  |tee "test_c.elf.size"
   text	   data	    bss	    dec	    hex	filename
   5921	    336	     12	   6269	   187d	test_c.elf
'Finished building: test_c.elf.size'
' '
16:23:24 **** Incremental Build of configuration Debug for project test_c ****
make all 
make: Nothing to be done for `all'.
16:23:25 **** Incremental Build of configuration Debug for project test_cpp ****
make all 
make: Nothing to be done for `all'.
16:23:49 **** Auto Build of configuration Debug for project test_c ****
make all 
'Building file: ../src/main.c'
'Invoking: ARM Linux gcc compiler'
arm-xilinx-linux-gnueabi-gcc -Wall -O0 -g3 -c -fmessage-length=0 -MMD -MP -MF"src/main.d" -MT"src/main.d" -o "src/main.o" "../src/main.c"
../src/main.c: In function 'main':
../src/main.c:199:2: warning: format '%d' expects argument of type 'int', but argument 2 has type 'long int' [-Wformat]
'Finished building: ../src/main.c'
' '
'Building target: test_c.elf'
'Invoking: ARM Linux gcc linker'
arm-xilinx-linux-gnueabi-gcc  -o "test_c.elf"  ./src/gpio.o ./src/main.o ./src/spi.o   
'Finished building target: test_c.elf'
' '
'Invoking: ARM Linux Print Size'
arm-xilinx-linux-gnueabi-size test_c.elf  |tee "test_c.elf.size"
   text	   data	    bss	    dec	    hex	filename
   5921	    336	     12	   6269	   187d	test_c.elf
'Finished building: test_c.elf.size'
' '
16:24:15 **** Auto Build of configuration Debug for project test_c ****
make all 
'Building file: ../src/main.c'
'Invoking: ARM Linux gcc compiler'
arm-xilinx-linux-gnueabi-gcc -Wall -O0 -g3 -c -fmessage-length=0 -MMD -MP -MF"src/main.d" -MT"src/main.d" -o "src/main.o" "../src/main.c"
../src/main.c: In function 'main':
../src/main.c:200:2: warning: format '%d' expects argument of type 'int', but argument 2 has type 'long int' [-Wformat]
'Finished building: ../src/main.c'
' '
'Building target: test_c.elf'
'Invoking: ARM Linux gcc linker'
arm-xilinx-linux-gnueabi-gcc  -o "test_c.elf"  ./src/gpio.o ./src/main.o ./src/spi.o   
'Finished building target: test_c.elf'
' '
'Invoking: ARM Linux Print Size'
arm-xilinx-linux-gnueabi-size test_c.elf  |tee "test_c.elf.size"
   text	   data	    bss	    dec	    hex	filename
   5841	    336	     12	   6189	   182d	test_c.elf
'Finished building: test_c.elf.size'
' '
16:24:21 **** Incremental Build of configuration Debug for project test_c ****
make all 
make: Nothing to be done for `all'.
16:24:21 **** Incremental Build of configuration Debug for project test_cpp ****
make all 
make: Nothing to be done for `all'.
16:24:43 **** Auto Build of configuration Debug for project test_c ****
make all 
'Building file: ../src/main.c'
'Invoking: ARM Linux gcc compiler'
arm-xilinx-linux-gnueabi-gcc -Wall -O0 -g3 -c -fmessage-length=0 -MMD -MP -MF"src/main.d" -MT"src/main.d" -o "src/main.o" "../src/main.c"
../src/main.c: In function 'main':
../src/main.c:200:2: warning: format '%d' expects argument of type 'int', but argument 2 has type 'long int' [-Wformat]
'Finished building: ../src/main.c'
' '
'Building target: test_c.elf'
'Invoking: ARM Linux gcc linker'
arm-xilinx-linux-gnueabi-gcc  -o "test_c.elf"  ./src/gpio.o ./src/main.o ./src/spi.o   
'Finished building target: test_c.elf'
' '
'Invoking: ARM Linux Print Size'
arm-xilinx-linux-gnueabi-size test_c.elf  |tee "test_c.elf.size"
   text	   data	    bss	    dec	    hex	filename
   5921	    336	     12	   6269	   187d	test_c.elf
'Finished building: test_c.elf.size'
' '
16:24:46 **** Incremental Build of configuration Debug for project test_c ****
make all 
make: Nothing to be done for `all'.
16:24:47 **** Incremental Build of configuration Debug for project test_cpp ****
make all 
make: Nothing to be done for `all'.
16:25:15 **** Incremental Build of configuration Debug for project test_c ****
make all 
make: Nothing to be done for `all'.
16:25:16 **** Incremental Build of configuration Debug for project test_cpp ****
make all 
make: Nothing to be done for `all'.
16:25:46 **** Incremental Build of configuration Debug for project test_c ****
make all 
make: Nothing to be done for `all'.
16:25:46 **** Incremental Build of configuration Debug for project test_cpp ****
make all 
make: Nothing to be done for `all'.
16:26:29 **** Auto Build of configuration Debug for project test_c ****
make all 
'Building file: ../src/main.c'
'Invoking: ARM Linux gcc compiler'
arm-xilinx-linux-gnueabi-gcc -Wall -O0 -g3 -c -fmessage-length=0 -MMD -MP -MF"src/main.d" -MT"src/main.d" -o "src/main.o" "../src/main.c"
../src/main.c: In function 'main':
../src/main.c:204:2: warning: format '%d' expects argument of type 'int', but argument 2 has type 'long int' [-Wformat]
'Finished building: ../src/main.c'
' '
'Building target: test_c.elf'
'Invoking: ARM Linux gcc linker'
arm-xilinx-linux-gnueabi-gcc  -o "test_c.elf"  ./src/gpio.o ./src/main.o ./src/spi.o   
'Finished building target: test_c.elf'
' '
'Invoking: ARM Linux Print Size'
arm-xilinx-linux-gnueabi-size test_c.elf  |tee "test_c.elf.size"
   text	   data	    bss	    dec	    hex	filename
   5997	    336	     12	   6345	   18c9	test_c.elf
'Finished building: test_c.elf.size'
' '
16:26:45 **** Incremental Build of configuration Debug for project test_c ****
make all 
make: Nothing to be done for `all'.
16:26:46 **** Incremental Build of configuration Debug for project test_cpp ****
make all 
make: Nothing to be done for `all'.
16:28:26 **** Auto Build of configuration Debug for project test_c ****
make all 
'Building file: ../src/main.c'
'Invoking: ARM Linux gcc compiler'
arm-xilinx-linux-gnueabi-gcc -Wall -O0 -g3 -c -fmessage-length=0 -MMD -MP -MF"src/main.d" -MT"src/main.d" -o "src/main.o" "../src/main.c"
../src/main.c: In function 'main':
../src/main.c:204:2: warning: format '%d' expects argument of type 'int', but argument 2 has type 'long int' [-Wformat]
'Finished building: ../src/main.c'
' '
'Building target: test_c.elf'
'Invoking: ARM Linux gcc linker'
arm-xilinx-linux-gnueabi-gcc  -o "test_c.elf"  ./src/gpio.o ./src/main.o ./src/spi.o   
'Finished building target: test_c.elf'
' '
'Invoking: ARM Linux Print Size'
arm-xilinx-linux-gnueabi-size test_c.elf  |tee "test_c.elf.size"
   text	   data	    bss	    dec	    hex	filename
   5997	    336	     12	   6345	   18c9	test_c.elf
'Finished building: test_c.elf.size'
' '
16:28:31 **** Incremental Build of configuration Debug for project test_c ****
make all 
make: Nothing to be done for `all'.
16:28:31 **** Incremental Build of configuration Debug for project test_cpp ****
make all 
make: Nothing to be done for `all'.
16:29:57 **** Auto Build of configuration Debug for project test_c ****
make all 
'Building file: ../src/main.c'
'Invoking: ARM Linux gcc compiler'
arm-xilinx-linux-gnueabi-gcc -Wall -O0 -g3 -c -fmessage-length=0 -MMD -MP -MF"src/main.d" -MT"src/main.d" -o "src/main.o" "../src/main.c"
../src/main.c: In function 'main':
../src/main.c:205:2: warning: format '%d' expects argument of type 'int', but argument 2 has type 'long int' [-Wformat]
'Finished building: ../src/main.c'
' '
'Building target: test_c.elf'
'Invoking: ARM Linux gcc linker'
arm-xilinx-linux-gnueabi-gcc  -o "test_c.elf"  ./src/gpio.o ./src/main.o ./src/spi.o   
'Finished building target: test_c.elf'
' '
'Invoking: ARM Linux Print Size'
arm-xilinx-linux-gnueabi-size test_c.elf  |tee "test_c.elf.size"
   text	   data	    bss	    dec	    hex	filename
   6013	    336	     12	   6361	   18d9	test_c.elf
'Finished building: test_c.elf.size'
' '
16:30:03 **** Incremental Build of configuration Debug for project test_c ****
make all 
make: Nothing to be done for `all'.
16:30:04 **** Incremental Build of configuration Debug for project test_cpp ****
make all 
make: Nothing to be done for `all'.
16:30:18 **** Auto Build of configuration Debug for project test_c ****
make all 
'Building file: ../src/main.c'
'Invoking: ARM Linux gcc compiler'
arm-xilinx-linux-gnueabi-gcc -Wall -O0 -g3 -c -fmessage-length=0 -MMD -MP -MF"src/main.d" -MT"src/main.d" -o "src/main.o" "../src/main.c"
../src/main.c: In function 'main':
../src/main.c:205:2: warning: format '%d' expects argument of type 'int', but argument 2 has type 'long int' [-Wformat]
'Finished building: ../src/main.c'
' '
'Building target: test_c.elf'
'Invoking: ARM Linux gcc linker'
arm-xilinx-linux-gnueabi-gcc  -o "test_c.elf"  ./src/gpio.o ./src/main.o ./src/spi.o   
'Finished building target: test_c.elf'
' '
'Invoking: ARM Linux Print Size'
arm-xilinx-linux-gnueabi-size test_c.elf  |tee "test_c.elf.size"
   text	   data	    bss	    dec	    hex	filename
   6013	    336	     12	   6361	   18d9	test_c.elf
'Finished building: test_c.elf.size'
' '
16:31:27 **** Auto Build of configuration Debug for project test_c ****
make all 
'Building file: ../src/main.c'
'Invoking: ARM Linux gcc compiler'
arm-xilinx-linux-gnueabi-gcc -Wall -O0 -g3 -c -fmessage-length=0 -MMD -MP -MF"src/main.d" -MT"src/main.d" -o "src/main.o" "../src/main.c"
../src/main.c: In function 'main':
../src/main.c:205:2: warning: format '%d' expects argument of type 'int', but argument 2 has type 'long int' [-Wformat]
'Finished building: ../src/main.c'
' '
'Building target: test_c.elf'
'Invoking: ARM Linux gcc linker'
arm-xilinx-linux-gnueabi-gcc  -o "test_c.elf"  ./src/gpio.o ./src/main.o ./src/spi.o   
'Finished building target: test_c.elf'
' '
'Invoking: ARM Linux Print Size'
arm-xilinx-linux-gnueabi-size test_c.elf  |tee "test_c.elf.size"
   text	   data	    bss	    dec	    hex	filename
   6013	    336	     12	   6361	   18d9	test_c.elf
'Finished building: test_c.elf.size'
' '
16:31:39 **** Incremental Build of configuration Debug for project test_c ****
make all 
make: Nothing to be done for `all'.
16:31:39 **** Incremental Build of configuration Debug for project test_cpp ****
make all 
make: Nothing to be done for `all'.
16:33:06 **** Auto Build of configuration Debug for project test_c ****
make all 
'Building file: ../src/main.c'
'Invoking: ARM Linux gcc compiler'
arm-xilinx-linux-gnueabi-gcc -Wall -O0 -g3 -c -fmessage-length=0 -MMD -MP -MF"src/main.d" -MT"src/main.d" -o "src/main.o" "../src/main.c"
../src/main.c: In function 'main':
../src/main.c:205:2: warning: format '%d' expects argument of type 'int', but argument 2 has type 'long int' [-Wformat]
'Finished building: ../src/main.c'
' '
'Building target: test_c.elf'
'Invoking: ARM Linux gcc linker'
arm-xilinx-linux-gnueabi-gcc  -o "test_c.elf"  ./src/gpio.o ./src/main.o ./src/spi.o   
'Finished building target: test_c.elf'
' '
'Invoking: ARM Linux Print Size'
arm-xilinx-linux-gnueabi-size test_c.elf  |tee "test_c.elf.size"
   text	   data	    bss	    dec	    hex	filename
   6029	    336	     12	   6377	   18e9	test_c.elf
'Finished building: test_c.elf.size'
' '
16:34:02 **** Auto Build of configuration Debug for project test_c ****
make all 
'Building file: ../src/main.c'
'Invoking: ARM Linux gcc compiler'
arm-xilinx-linux-gnueabi-gcc -Wall -O0 -g3 -c -fmessage-length=0 -MMD -MP -MF"src/main.d" -MT"src/main.d" -o "src/main.o" "../src/main.c"
../src/main.c: In function 'main':
../src/main.c:205:2: warning: format '%d' expects argument of type 'int', but argument 2 has type 'long int' [-Wformat]
'Finished building: ../src/main.c'
' '
'Building target: test_c.elf'
'Invoking: ARM Linux gcc linker'
arm-xilinx-linux-gnueabi-gcc  -o "test_c.elf"  ./src/gpio.o ./src/main.o ./src/spi.o   
'Finished building target: test_c.elf'
' '
'Invoking: ARM Linux Print Size'
arm-xilinx-linux-gnueabi-size test_c.elf  |tee "test_c.elf.size"
   text	   data	    bss	    dec	    hex	filename
   5933	    336	     12	   6281	   1889	test_c.elf
'Finished building: test_c.elf.size'
' '
16:34:06 **** Incremental Build of configuration Debug for project test_c ****
make all 
make: Nothing to be done for `all'.
16:34:06 **** Incremental Build of configuration Debug for project test_cpp ****
make all 
make: Nothing to be done for `all'.
16:34:26 **** Auto Build of configuration Debug for project test_c ****
make all 
'Building file: ../src/main.c'
'Invoking: ARM Linux gcc compiler'
arm-xilinx-linux-gnueabi-gcc -Wall -O0 -g3 -c -fmessage-length=0 -MMD -MP -MF"src/main.d" -MT"src/main.d" -o "src/main.o" "../src/main.c"
../src/main.c: In function 'main':
../src/main.c:206:2: warning: format '%d' expects argument of type 'int', but argument 2 has type 'long int' [-Wformat]
'Finished building: ../src/main.c'
' '
'Building target: test_c.elf'
'Invoking: ARM Linux gcc linker'
arm-xilinx-linux-gnueabi-gcc  -o "test_c.elf"  ./src/gpio.o ./src/main.o ./src/spi.o   
'Finished building target: test_c.elf'
' '
'Invoking: ARM Linux Print Size'
arm-xilinx-linux-gnueabi-size test_c.elf  |tee "test_c.elf.size"
   text	   data	    bss	    dec	    hex	filename
   5861	    336	     12	   6209	   1841	test_c.elf
'Finished building: test_c.elf.size'
' '
16:34:32 **** Incremental Build of configuration Debug for project test_c ****
make all 
make: Nothing to be done for `all'.
16:34:33 **** Incremental Build of configuration Debug for project test_cpp ****
make all 
make: Nothing to be done for `all'.
16:35:06 **** Auto Build of configuration Debug for project test_c ****
make all 
'Building file: ../src/main.c'
'Invoking: ARM Linux gcc compiler'
arm-xilinx-linux-gnueabi-gcc -Wall -O0 -g3 -c -fmessage-length=0 -MMD -MP -MF"src/main.d" -MT"src/main.d" -o "src/main.o" "../src/main.c"
../src/main.c: In function 'main':
../src/main.c:207:2: warning: format '%d' expects argument of type 'int', but argument 2 has type 'long int' [-Wformat]
'Finished building: ../src/main.c'
' '
'Building target: test_c.elf'
'Invoking: ARM Linux gcc linker'
arm-xilinx-linux-gnueabi-gcc  -o "test_c.elf"  ./src/gpio.o ./src/main.o ./src/spi.o   
'Finished building target: test_c.elf'
' '
'Invoking: ARM Linux Print Size'
arm-xilinx-linux-gnueabi-size test_c.elf  |tee "test_c.elf.size"
   text	   data	    bss	    dec	    hex	filename
   5781	    336	     12	   6129	   17f1	test_c.elf
'Finished building: test_c.elf.size'
' '
16:35:24 **** Incremental Build of configuration Debug for project test_c ****
make all 
make: Nothing to be done for `all'.
16:35:24 **** Incremental Build of configuration Debug for project test_cpp ****
make all 
make: Nothing to be done for `all'.
16:35:52 **** Auto Build of configuration Debug for project test_c ****
make all 
'Building file: ../src/main.c'
'Invoking: ARM Linux gcc compiler'
arm-xilinx-linux-gnueabi-gcc -Wall -O0 -g3 -c -fmessage-length=0 -MMD -MP -MF"src/main.d" -MT"src/main.d" -o "src/main.o" "../src/main.c"
../src/main.c: In function 'main':
../src/main.c:202:2: warning: format '%d' expects argument of type 'int', but argument 2 has type 'long int' [-Wformat]
'Finished building: ../src/main.c'
' '
'Building target: test_c.elf'
'Invoking: ARM Linux gcc linker'
arm-xilinx-linux-gnueabi-gcc  -o "test_c.elf"  ./src/gpio.o ./src/main.o ./src/spi.o   
'Finished building target: test_c.elf'
' '
'Invoking: ARM Linux Print Size'
arm-xilinx-linux-gnueabi-size test_c.elf  |tee "test_c.elf.size"
   text	   data	    bss	    dec	    hex	filename
   5709	    336	     12	   6057	   17a9	test_c.elf
'Finished building: test_c.elf.size'
' '
16:36:01 **** Auto Build of configuration Debug for project test_c ****
make all 
'Building file: ../src/main.c'
'Invoking: ARM Linux gcc compiler'
arm-xilinx-linux-gnueabi-gcc -Wall -O0 -g3 -c -fmessage-length=0 -MMD -MP -MF"src/main.d" -MT"src/main.d" -o "src/main.o" "../src/main.c"
../src/main.c: In function 'main':
../src/main.c:197:2: warning: format '%d' expects argument of type 'int', but argument 2 has type 'long int' [-Wformat]
'Finished building: ../src/main.c'
' '
'Building target: test_c.elf'
'Invoking: ARM Linux gcc linker'
arm-xilinx-linux-gnueabi-gcc  -o "test_c.elf"  ./src/gpio.o ./src/main.o ./src/spi.o   
'Finished building target: test_c.elf'
' '
'Invoking: ARM Linux Print Size'
arm-xilinx-linux-gnueabi-size test_c.elf  |tee "test_c.elf.size"
   text	   data	    bss	    dec	    hex	filename
   5629	    336	     12	   5977	   1759	test_c.elf
'Finished building: test_c.elf.size'
' '
16:36:15 **** Auto Build of configuration Debug for project test_c ****
make all 
'Building file: ../src/main.c'
'Invoking: ARM Linux gcc compiler'
arm-xilinx-linux-gnueabi-gcc -Wall -O0 -g3 -c -fmessage-length=0 -MMD -MP -MF"src/main.d" -MT"src/main.d" -o "src/main.o" "../src/main.c"
../src/main.c: In function 'main':
../src/main.c:192:2: warning: format '%d' expects argument of type 'int', but argument 2 has type 'long int' [-Wformat]
'Finished building: ../src/main.c'
' '
'Building target: test_c.elf'
'Invoking: ARM Linux gcc linker'
arm-xilinx-linux-gnueabi-gcc  -o "test_c.elf"  ./src/gpio.o ./src/main.o ./src/spi.o   
'Finished building target: test_c.elf'
' '
'Invoking: ARM Linux Print Size'
arm-xilinx-linux-gnueabi-size test_c.elf  |tee "test_c.elf.size"
   text	   data	    bss	    dec	    hex	filename
   5557	    336	     12	   5905	   1711	test_c.elf
'Finished building: test_c.elf.size'
' '
16:36:20 **** Incremental Build of configuration Debug for project test_c ****
make all 
make: Nothing to be done for `all'.
16:36:21 **** Incremental Build of configuration Debug for project test_cpp ****
make all 
make: Nothing to be done for `all'.
16:41:06 **** Auto Build of configuration Debug for project test_c ****
make all 
'Building file: ../src/main.c'
'Invoking: ARM Linux gcc compiler'
arm-xilinx-linux-gnueabi-gcc -Wall -O0 -g3 -c -fmessage-length=0 -MMD -MP -MF"src/main.d" -MT"src/main.d" -o "src/main.o" "../src/main.c"
../src/main.c: In function 'main':
../src/main.c:180:2: warning: format '%d' expects argument of type 'int', but argument 2 has type 'long int' [-Wformat]
'Finished building: ../src/main.c'
' '
[...]
../src/block_ram.c: In function 'init_block_ram':
../src/block_ram.c:43:2: warning: implicit declaration of function 'close' [-Wimplicit-function-declaration]
'Finished building: ../src/block_ram.c'
' '
'Building target: test_c.elf'
'Invoking: ARM Linux gcc linker'
arm-xilinx-linux-gnueabi-gcc  -o "test_c.elf"  ./src/block_ram.o ./src/gpio.o ./src/main.o ./src/spi.o   
'Finished building target: test_c.elf'
' '
'Invoking: ARM Linux Print Size'
arm-xilinx-linux-gnueabi-size test_c.elf  |tee "test_c.elf.size"
   text	   data	    bss	    dec	    hex	filename
   6429	    340	     24	   6793	   1a89	test_c.elf
'Finished building: test_c.elf.size'
' '
15:55:46 **** Auto Build of configuration Debug for project test_c ****
make all 
'Building file: ../src/block_ram.c'
'Invoking: ARM Linux gcc compiler'
arm-xilinx-linux-gnueabi-gcc -Wall -O0 -g3 -c -fmessage-length=0 -MMD -MP -MF"src/block_ram.d" -MT"src/block_ram.d" -o "src/block_ram.o" "../src/block_ram.c"
../src/block_ram.c: In function 'init_block_ram':
../src/block_ram.c:43:2: warning: implicit declaration of function 'close' [-Wimplicit-function-declaration]
'Finished building: ../src/block_ram.c'
' '
'Building target: test_c.elf'
'Invoking: ARM Linux gcc linker'
arm-xilinx-linux-gnueabi-gcc  -o "test_c.elf"  ./src/block_ram.o ./src/gpio.o ./src/main.o ./src/spi.o   
'Finished building target: test_c.elf'
' '
'Invoking: ARM Linux Print Size'
arm-xilinx-linux-gnueabi-size test_c.elf  |tee "test_c.elf.size"
   text	   data	    bss	    dec	    hex	filename
   6429	    340	     24	   6793	   1a89	test_c.elf
'Finished building: test_c.elf.size'
' '
16:31:27 **** Auto Build of configuration Debug for project test_c ****
make all 
'Building file: ../src/block_ram.c'
'Invoking: ARM Linux gcc compiler'
arm-xilinx-linux-gnueabi-gcc -Wall -O0 -g3 -c -fmessage-length=0 -MMD -MP -MF"src/block_ram.d" -MT"src/block_ram.d" -o "src/block_ram.o" "../src/block_ram.c"
../src/block_ram.c: In function 'init_block_ram':
../src/block_ram.c:42:2: warning: implicit declaration of function 'close' [-Wimplicit-function-declaration]
'Finished building: ../src/block_ram.c'
' '
'Building target: test_c.elf'
'Invoking: ARM Linux gcc linker'
arm-xilinx-linux-gnueabi-gcc  -o "test_c.elf"  ./src/block_ram.o ./src/gpio.o ./src/main.o ./src/spi.o   
'Finished building target: test_c.elf'
' '
'Invoking: ARM Linux Print Size'
arm-xilinx-linux-gnueabi-size test_c.elf  |tee "test_c.elf.size"
   text	   data	    bss	    dec	    hex	filename
   6429	    340	     24	   6793	   1a89	test_c.elf
'Finished building: test_c.elf.size'
' '
16:31:43 **** Auto Build of configuration Debug for project test_c ****
make all 
'Building file: ../src/main.c'
'Invoking: ARM Linux gcc compiler'
arm-xilinx-linux-gnueabi-gcc -Wall -O0 -g3 -c -fmessage-length=0 -MMD -MP -MF"src/main.d" -MT"src/main.d" -o "src/main.o" "../src/main.c"
../src/main.c: In function 'main':
../src/main.c:155:2: warning: format '%d' expects argument of type 'int', but argument 2 has type 'long int' [-Wformat]
'Finished building: ../src/main.c'
' '
'Building target: test_c.elf'
'Invoking: ARM Linux gcc linker'
arm-xilinx-linux-gnueabi-gcc  -o "test_c.elf"  ./src/block_ram.o ./src/gpio.o ./src/main.o ./src/spi.o   
'Finished building target: test_c.elf'
' '
'Invoking: ARM Linux Print Size'
arm-xilinx-linux-gnueabi-size test_c.elf  |tee "test_c.elf.size"
   text	   data	    bss	    dec	    hex	filename
   6429	    340	     24	   6793	   1a89	test_c.elf
'Finished building: test_c.elf.size'
' '
16:32:01 **** Auto Build of configuration Debug for project test_c ****
make all 
'Building file: ../src/main.c'
'Invoking: ARM Linux gcc compiler'
arm-xilinx-linux-gnueabi-gcc -Wall -O0 -g3 -c -fmessage-length=0 -MMD -MP -MF"src/main.d" -MT"src/main.d" -o "src/main.o" "../src/main.c"
../src/main.c: In function 'main':
../src/main.c:98:2: warning: implicit declaration of function 'block_ram_init' [-Wimplicit-function-declaration]
../src/main.c:156:2: warning: format '%d' expects argument of type 'int', but argument 2 has type 'long int' [-Wformat]
'Finished building: ../src/main.c'
' '
'Building target: test_c.elf'
'Invoking: ARM Linux gcc linker'
arm-xilinx-linux-gnueabi-gcc  -o "test_c.elf"  ./src/block_ram.o ./src/gpio.o ./src/main.o ./src/spi.o   
./src/main.o: In function `main':
C:\Users\dgronlund\fpga\led_string\led_string.sdk\SDK\SDK_Export\test_c\Debug/../src/main.c:98: undefined reference to `block_ram_init'
collect2.exe: error: ld returned 1 exit status
make: *** [test_c.elf] Error 1
16:32:25 **** Auto Build of configuration Debug for project test_c ****
make all 
'Building file: ../src/block_ram.c'
'Invoking: ARM Linux gcc compiler'
arm-xilinx-linux-gnueabi-gcc -Wall -O0 -g3 -c -fmessage-length=0 -MMD -MP -MF"src/block_ram.d" -MT"src/block_ram.d" -o "src/block_ram.o" "../src/block_ram.c"
../src/block_ram.c: In function 'block_ram_init':
../src/block_ram.c:42:2: warning: implicit declaration of function 'close' [-Wimplicit-function-declaration]
'Finished building: ../src/block_ram.c'
' '
'Building target: test_c.elf'
'Invoking: ARM Linux gcc linker'
arm-xilinx-linux-gnueabi-gcc  -o "test_c.elf"  ./src/block_ram.o ./src/gpio.o ./src/main.o ./src/spi.o   
'Finished building target: test_c.elf'
' '
'Invoking: ARM Linux Print Size'
arm-xilinx-linux-gnueabi-size test_c.elf  |tee "test_c.elf.size"
   text	   data	    bss	    dec	    hex	filename
   6429	    340	     24	   6793	   1a89	test_c.elf
'Finished building: test_c.elf.size'
' '
16:32:34 **** Auto Build of configuration Debug for project test_c ****
make all 
'Building file: ../src/block_ram.c'
'Invoking: ARM Linux gcc compiler'
arm-xilinx-linux-gnueabi-gcc -Wall -O0 -g3 -c -fmessage-length=0 -MMD -MP -MF"src/block_ram.d" -MT"src/block_ram.d" -o "src/block_ram.o" "../src/block_ram.c"
../src/block_ram.c: In function 'block_ram_init':
../src/block_ram.c:42:2: warning: implicit declaration of function 'close' [-Wimplicit-function-declaration]
'Finished building: ../src/block_ram.c'
' '
'Building file: ../src/main.c'
'Invoking: ARM Linux gcc compiler'
arm-xilinx-linux-gnueabi-gcc -Wall -O0 -g3 -c -fmessage-length=0 -MMD -MP -MF"src/main.d" -MT"src/main.d" -o "src/main.o" "../src/main.c"
../src/main.c: In function 'main':
../src/main.c:156:2: warning: format '%d' expects argument of type 'int', but argument 2 has type 'long int' [-Wformat]
'Finished building: ../src/main.c'
' '
'Building target: test_c.elf'
'Invoking: ARM Linux gcc linker'
arm-xilinx-linux-gnueabi-gcc  -o "test_c.elf"  ./src/block_ram.o ./src/gpio.o ./src/main.o ./src/spi.o   
'Finished building target: test_c.elf'
' '
'Invoking: ARM Linux Print Size'
arm-xilinx-linux-gnueabi-size test_c.elf  |tee "test_c.elf.size"
   text	   data	    bss	    dec	    hex	filename
   6429	    340	     24	   6793	   1a89	test_c.elf
'Finished building: test_c.elf.size'
' '
16:33:28 **** Auto Build of configuration Debug for project test_c ****
make all 
'Building file: ../src/main.c'
'Invoking: ARM Linux gcc compiler'
arm-xilinx-linux-gnueabi-gcc -Wall -O0 -g3 -c -fmessage-length=0 -MMD -MP -MF"src/main.d" -MT"src/main.d" -o "src/main.o" "../src/main.c"
../src/main.c: In function 'main':
../src/main.c:101:45: error: expected ')' before ';' token
../src/main.c:160:2: warning: format '%d' expects argument of type 'int', but argument 2 has type 'long int' [-Wformat]
make: *** [src/main.o] Error 1
16:33:35 **** Auto Build of configuration Debug for project test_c ****
make all 
'Building file: ../src/main.c'
'Invoking: ARM Linux gcc compiler'
arm-xilinx-linux-gnueabi-gcc -Wall -O0 -g3 -c -fmessage-length=0 -MMD -MP -MF"src/main.d" -MT"src/main.d" -o "src/main.o" "../src/main.c"
../src/main.c: In function 'main':
../src/main.c:160:2: warning: format '%d' expects argument of type 'int', but argument 2 has type 'long int' [-Wformat]
'Finished building: ../src/main.c'
' '
'Building target: test_c.elf'
'Invoking: ARM Linux gcc linker'
arm-xilinx-linux-gnueabi-gcc  -o "test_c.elf"  ./src/block_ram.o ./src/gpio.o ./src/main.o ./src/spi.o   
'Finished building target: test_c.elf'
' '
'Invoking: ARM Linux Print Size'
arm-xilinx-linux-gnueabi-size test_c.elf  |tee "test_c.elf.size"
   text	   data	    bss	    dec	    hex	filename
   6485	    340	     24	   6849	   1ac1	test_c.elf
'Finished building: test_c.elf.size'
' '
16:33:41 **** Incremental Build of configuration Debug for project test_c ****
make all 
make: Nothing to be done for `all'.
16:33:42 **** Incremental Build of configuration Debug for project test_cpp ****
make all 
make: Nothing to be done for `all'.
16:34:19 **** Auto Build of configuration Debug for project test_c ****
make all 
'Building file: ../src/main.c'
'Invoking: ARM Linux gcc compiler'
arm-xilinx-linux-gnueabi-gcc -Wall -O0 -g3 -c -fmessage-length=0 -MMD -MP -MF"src/main.d" -MT"src/main.d" -o "src/main.o" "../src/main.c"
../src/main.c: In function 'main':
../src/main.c:160:2: warning: format '%d' expects argument of type 'int', but argument 2 has type 'long int' [-Wformat]
'Finished building: ../src/main.c'
' '
'Building target: test_c.elf'
'Invoking: ARM Linux gcc linker'
arm-xilinx-linux-gnueabi-gcc  -o "test_c.elf"  ./src/block_ram.o ./src/gpio.o ./src/main.o ./src/spi.o   
'Finished building target: test_c.elf'
' '
'Invoking: ARM Linux Print Size'
arm-xilinx-linux-gnueabi-size test_c.elf  |tee "test_c.elf.size"
   text	   data	    bss	    dec	    hex	filename
   6485	    340	     24	   6849	   1ac1	test_c.elf
'Finished building: test_c.elf.size'
' '
16:34:35 **** Incremental Build of configuration Debug for project test_c ****
make all 
make: Nothing to be done for `all'.
16:34:36 **** Incremental Build of configuration Debug for project test_cpp ****
make all 
make: Nothing to be done for `all'.
16:38:02 **** Auto Build of configuration Debug for project test_c ****
make all 
'Building file: ../src/block_ram.c'
'Invoking: ARM Linux gcc compiler'
arm-xilinx-linux-gnueabi-gcc -Wall -O0 -g3 -c -fmessage-length=0 -MMD -MP -MF"src/block_ram.d" -MT"src/block_ram.d" -o "src/block_ram.o" "../src/block_ram.c"
../src/block_ram.c: In function 'gpio_init':
../src/block_ram.c:37:99: error: 'BLOCK_RAM_MAP_MASK' undeclared (first use in this function)
../src/block_ram.c:37:99: note: each undeclared identifier is reported only once for each function it appears in
../src/block_ram.c:49:2: warning: implicit declaration of function 'close' [-Wimplicit-function-declaration]
make: *** [src/block_ram.o] Error 1
16:38:13 **** Auto Build of configuration Debug for project test_c ****
make all 
'Building file: ../src/block_ram.c'
'Invoking: ARM Linux gcc compiler'
arm-xilinx-linux-gnueabi-gcc -Wall -O0 -g3 -c -fmessage-length=0 -MMD -MP -MF"src/block_ram.d" -MT"src/block_ram.d" -o "src/block_ram.o" "../src/block_ram.c"
../src/block_ram.c: In function 'gpio_init':
../src/block_ram.c:37:99: error: 'BLOCK_RAM_MAP_MASK' undeclared (first use in this function)
../src/block_ram.c:37:99: note: each undeclared identifier is reported only once for each function it appears in
../src/block_ram.c:49:2: warning: implicit declaration of function 'close' [-Wimplicit-function-declaration]
make: *** [src/block_ram.o] Error 1
16:38:45 **** Auto Build of configuration Debug for project test_c ****
make all 
'Building file: ../src/block_ram.c'
'Invoking: ARM Linux gcc compiler'
arm-xilinx-linux-gnueabi-gcc -Wall -O0 -g3 -c -fmessage-length=0 -MMD -MP -MF"src/block_ram.d" -MT"src/block_ram.d" -o "src/block_ram.o" "../src/block_ram.c"
../src/block_ram.c: In function 'gpio_init':
../src/block_ram.c:49:2: warning: implicit declaration of function 'close' [-Wimplicit-function-declaration]
'Finished building: ../src/block_ram.c'
' '
'Building file: ../src/main.c'
'Invoking: ARM Linux gcc compiler'
arm-xilinx-linux-gnueabi-gcc -Wall -O0 -g3 -c -fmessage-length=0 -MMD -MP -MF"src/main.d" -MT"src/main.d" -o "src/main.o" "../src/main.c"
../src/main.c: In function 'main':
../src/main.c:160:2: warning: format '%d' expects argument of type 'int', but argument 2 has type 'long int' [-Wformat]
'Finished building: ../src/main.c'
' '
'Building target: test_c.elf'
'Invoking: ARM Linux gcc linker'
arm-xilinx-linux-gnueabi-gcc  -o "test_c.elf"  ./src/block_ram.o ./src/gpio.o ./src/main.o ./src/spi.o   
./src/gpio.o: In function `gpio_init':
C:\Users\dgronlund\fpga\led_string\led_string.sdk\SDK\SDK_Export\test_c\Debug/../src/gpio.c:19: multiple definition of `gpio_init'
./src/block_ram.o:C:\Users\dgronlund\fpga\led_string\led_string.sdk\SDK\SDK_Export\test_c\Debug/../src/block_ram.c:18: first defined here
./src/main.o: In function `main':
C:\Users\dgronlund\fpga\led_string\led_string.sdk\SDK\SDK_Export\test_c\Debug/../src/main.c:98: undefined reference to `block_ram_init'
collect2.exe: error: ld returned 1 exit status
make: *** [test_c.elf] Error 1
16:39:16 **** Auto Build of configuration Debug for project test_c ****
make all 
'Building file: ../src/block_ram.c'
'Invoking: ARM Linux gcc compiler'
arm-xilinx-linux-gnueabi-gcc -Wall -O0 -g3 -c -fmessage-length=0 -MMD -MP -MF"src/block_ram.d" -MT"src/block_ram.d" -o "src/block_ram.o" "../src/block_ram.c"
../src/block_ram.c: In function 'gpio_init':
../src/block_ram.c:49:2: warning: implicit declaration of function 'close' [-Wimplicit-function-declaration]
'Finished building: ../src/block_ram.c'
' '
'Building file: ../src/main.c'
'Invoking: ARM Linux gcc compiler'
arm-xilinx-linux-gnueabi-gcc -Wall -O0 -g3 -c -fmessage-length=0 -MMD -MP -MF"src/main.d" -MT"src/main.d" -o "src/main.o" "../src/main.c"
../src/main.c: In function 'main':
../src/main.c:160:2: warning: format '%d' expects argument of type 'int', but argument 2 has type 'long int' [-Wformat]
'Finished building: ../src/main.c'
' '
'Building target: test_c.elf'
'Invoking: ARM Linux gcc linker'
arm-xilinx-linux-gnueabi-gcc  -o "test_c.elf"  ./src/block_ram.o ./src/gpio.o ./src/main.o ./src/spi.o   
./src/gpio.o: In function `gpio_init':
C:\Users\dgronlund\fpga\led_string\led_string.sdk\SDK\SDK_Export\test_c\Debug/../src/gpio.c:19: multiple definition of `gpio_init'
./src/block_ram.o:C:\Users\dgronlund\fpga\led_string\led_string.sdk\SDK\SDK_Export\test_c\Debug/../src/block_ram.c:18: first defined here
./src/main.o: In function `main':
C:\Users\dgronlund\fpga\led_string\led_string.sdk\SDK\SDK_Export\test_c\Debug/../src/main.c:98: undefined reference to `block_ram_init'
collect2.exe: error: ld returned 1 exit status
make: *** [test_c.elf] Error 1
16:39:29 **** Auto Build of configuration Debug for project test_c ****
make all 
'Building file: ../src/block_ram.c'
'Invoking: ARM Linux gcc compiler'
arm-xilinx-linux-gnueabi-gcc -Wall -O0 -g3 -c -fmessage-length=0 -MMD -MP -MF"src/block_ram.d" -MT"src/block_ram.d" -o "src/block_ram.o" "../src/block_ram.c"
../src/block_ram.c: In function 'block_ram_init':
../src/block_ram.c:49:2: warning: implicit declaration of function 'close' [-Wimplicit-function-declaration]
'Finished building: ../src/block_ram.c'
' '
'Building target: test_c.elf'
'Invoking: ARM Linux gcc linker'
arm-xilinx-linux-gnueabi-gcc  -o "test_c.elf"  ./src/block_ram.o ./src/gpio.o ./src/main.o ./src/spi.o   
'Finished building target: test_c.elf'
' '
'Invoking: ARM Linux Print Size'
arm-xilinx-linux-gnueabi-size test_c.elf  |tee "test_c.elf.size"
   text	   data	    bss	    dec	    hex	filename
   6577	    340	     28	   6945	   1b21	test_c.elf
'Finished building: test_c.elf.size'
' '
16:39:40 **** Auto Build of configuration Debug for project test_c ****
make all 
'Building file: ../src/main.c'
'Invoking: ARM Linux gcc compiler'
arm-xilinx-linux-gnueabi-gcc -Wall -O0 -g3 -c -fmessage-length=0 -MMD -MP -MF"src/main.d" -MT"src/main.d" -o "src/main.o" "../src/main.c"
../src/main.c: In function 'main':
../src/main.c:160:2: warning: format '%d' expects argument of type 'int', but argument 2 has type 'long int' [-Wformat]
'Finished building: ../src/main.c'
' '
'Building target: test_c.elf'
'Invoking: ARM Linux gcc linker'
arm-xilinx-linux-gnueabi-gcc  -o "test_c.elf"  ./src/block_ram.o ./src/gpio.o ./src/main.o ./src/spi.o   
'Finished building target: test_c.elf'
' '
'Invoking: ARM Linux Print Size'
arm-xilinx-linux-gnueabi-size test_c.elf  |tee "test_c.elf.size"
   text	   data	    bss	    dec	    hex	filename
   6577	    340	     28	   6945	   1b21	test_c.elf
'Finished building: test_c.elf.size'
' '
16:39:46 **** Incremental Build of configuration Debug for project test_c ****
make all 
make: Nothing to be done for `all'.
16:39:46 **** Incremental Build of configuration Debug for project test_cpp ****
make all 
make: Nothing to be done for `all'.
16:44:44 **** Auto Build of configuration Debug for project test_c ****
make all 
'Building file: ../src/main.c'
'Invoking: ARM Linux gcc compiler'
arm-xilinx-linux-gnueabi-gcc -Wall -O0 -g3 -c -fmessage-length=0 -MMD -MP -MF"src/main.d" -MT"src/main.d" -o "src/main.o" "../src/main.c"
../src/main.c: In function 'main':
../src/main.c:160:2: warning: format '%d' expects argument of type 'int', but argument 2 has type 'long int' [-Wformat]
'Finished building: ../src/main.c'
' '
'Building target: test_c.elf'
'Invoking: ARM Linux gcc linker'
arm-xilinx-linux-gnueabi-gcc  -o "test_c.elf"  ./src/block_ram.o ./src/gpio.o ./src/main.o ./src/spi.o   
'Finished building target: test_c.elf'
' '
'Invoking: ARM Linux Print Size'
arm-xilinx-linux-gnueabi-size test_c.elf  |tee "test_c.elf.size"
   text	   data	    bss	    dec	    hex	filename
   6577	    340	     28	   6945	   1b21	test_c.elf
'Finished building: test_c.elf.size'
' '
16:44:48 **** Incremental Build of configuration Debug for project test_c ****
make all 
make: Nothing to be done for `all'.
16:44:48 **** Incremental Build of configuration Debug for project test_cpp ****
make all 
make: Nothing to be done for `all'.
16:51:42 **** Auto Build of configuration Debug for project test_c ****
make all 
'Building file: ../src/main.c'
'Invoking: ARM Linux gcc compiler'
arm-xilinx-linux-gnueabi-gcc -Wall -O0 -g3 -c -fmessage-length=0 -MMD -MP -MF"src/main.d" -MT"src/main.d" -o "src/main.o" "../src/main.c"
../src/main.c: In function 'main':
../src/main.c:160:2: warning: format '%d' expects argument of type 'int', but argument 2 has type 'long int' [-Wformat]
'Finished building: ../src/main.c'
' '
'Building target: test_c.elf'
'Invoking: ARM Linux gcc linker'
arm-xilinx-linux-gnueabi-gcc  -o "test_c.elf"  ./src/block_ram.o ./src/gpio.o ./src/main.o ./src/spi.o   
'Finished building target: test_c.elf'
' '
'Invoking: ARM Linux Print Size'
arm-xilinx-linux-gnueabi-size test_c.elf  |tee "test_c.elf.size"
   text	   data	    bss	    dec	    hex	filename
   6577	    340	     28	   6945	   1b21	test_c.elf
'Finished building: test_c.elf.size'
' '
16:51:45 **** Incremental Build of configuration Debug for project test_c ****
make all 
make: Nothing to be done for `all'.
16:51:46 **** Incremental Build of configuration Debug for project test_cpp ****
make all 
make: Nothing to be done for `all'.
19:07:48 **** Incremental Build of configuration Debug for project test_c ****
make all 
make: Nothing to be done for `all'.
19:07:49 **** Incremental Build of configuration Debug for project test_cpp ****
make all 
make: Nothing to be done for `all'.
19:08:47 **** Incremental Build of configuration Debug for project test_c ****
make all 
make: Nothing to be done for `all'.
19:08:47 **** Incremental Build of configuration Debug for project test_cpp ****
make all 
make: Nothing to be done for `all'.
19:09:14 **** Incremental Build of configuration Debug for project test_c ****
make all 
make: Nothing to be done for `all'.
19:09:14 **** Incremental Build of configuration Debug for project test_cpp ****
make all 
make: Nothing to be done for `all'.
19:09:39 **** Incremental Build of configuration Debug for project test_c ****
make all 
make: Nothing to be done for `all'.
19:09:40 **** Incremental Build of configuration Debug for project test_cpp ****
make all 
make: Nothing to be done for `all'.
